Microchip MPLAB XC8 Compiler V2.05 ()

Linker command line:

-W-3 --edf=C:\Program Files (x86)\Microchip\xc8\v2.05\pic\dat\en_msgs.txt \
  -cs -h+dist/default/production\sanic.X.production.sym \
  --cmf=dist/default/production\sanic.X.production.cmf -z -Q18F45K22 \
  -oC:\Users\Armandt\AppData\Local\Temp\sh3g.2 --defsym=__MPLAB_BUILD=1 \
  -Mdist/default/production/sanic.X.production.map -E1 -ver=XC8 \
  --acfsm=1493 -ASTACK=0D6h-05FFh -pstack=STACK -ACODE=00h-07FFFh \
  -ACONST=00h-07FFFh -ASMALLCONST=0600h-06FFhx122 \
  -AMEDIUMCONST=0600h-07FFFh -ACOMRAM=01h-05Fh -AABS1=00h-05FFh \
  -ABIGRAM=01h-05FFh -ARAM=060h-0FFh,0100h-01FFhx5 -ABANK0=060h-0FFh \
  -ABANK1=0100h-01FFh -ABANK2=0200h-02FFh -ABANK3=0300h-03FFh \
  -ABANK4=0400h-04FFh -ABANK5=0500h-05FFh -ASFR=0F38h-0F5Fh,0F60h-0FFFh \
  -preset_vec=00h,intcode,intcodelo,powerup,init -pramtop=0600h \
  -psmallconst=SMALLCONST -pmediumconst=MEDIUMCONST -pconst=CONST \
  -AFARRAM=00h-00h -ACONFIG=0300000h-030000Dh -pconfig=CONFIG \
  -AIDLOC=0200000h-0200007h -pidloc=IDLOC -AEEDATA=0F00000h-0F000FFh \
  -peeprom_data=EEDATA \
  -prdata=COMRAM,nvrram=COMRAM,nvbit=COMRAM,rbss=COMRAM,rbit=COMRAM \
  -pfarbss=FARRAM,fardata=FARRAM,nvFARRAM=FARRAM \
  -pintsave_regs=BIGRAM,bigbss=BIGRAM,bigdata=BIGRAM -pbss=RAM \
  -pidata=CODE,irdata=CODE,ibigdata=CODE,ifardata=CODE -prparam=COMRAM \
  C:\Users\Armandt\AppData\Local\Temp\sh3g.o \
  dist/default/production\sanic.X.production.o 

Object code version is 3.11

Machine type is 18F45K22

Call graph: (short form)




                Name                               Link     Load   Length Selector   Space Scale
C:\Users\Armandt\AppData\Local\Temp\sh3g.o
                init                                  0        0        4        0       0
                idloc                            200000   200000        8   200000       0
                config                           300000   300000        E   300000       0
dist/default/production\sanic.X.production.o
                text25                             6FDE     6FDE        C     37EF       0
                text24                             70AC     70AC       36     3856       0
                text23                             78AC     78AC      184     3C56       0
                text22                             6FC0     6FC0        A     37E0       0
                text21                             7374     7374       84     39BA       0
                text20                             715C     715C       46     38AE       0
                text19                             7CAE     7CAE      352     3E57       0
                text18                             7480     7480       BA     3A40       0
                text17                             776C     776C      140     3BB6       0
                text16                             729C     729C       66     394E       0
                text15                             6FFC     6FFC       14     37FE       0
                text14                             7A30     7A30      27E     3D18       0
                text13                             7638     7638      134     3B1C       0
                text12                             73F8     73F8       88     39FC       0
                text11                             711E     711E       3E     388F       0
                text10                             70E2     70E2       3C     3871       0
                text9                              7028     7028       22     3814       0
                text8                              6FEA     6FEA       12     37F5       0
                text7                              707A     707A       32     383D       0
                text6                              71A2     71A2       4A     38D1       0
                text5                              753A     753A       FE     3A9D       0
                text4                              7242     7242       5A     3921       0
                text3                              6FCA     6FCA        A     37E5       0
                text2                              704A     704A       30     3825       0
                text1                              7010     7010       18     3808       0
                text0                              6FD4     6FD4        A     37EA       0
                cstackCOMRAM                          1        1       54        1       1
                dataBANK0                            60       60       71       60       1
                bssBANK0                             D1       D1        5       60       1
                dataCOMRAM                           55       55        7        1       1
                cinit                              71EC     71EC       56     38F6       0
                idataBANK0                         7303     7303       71     7303       0
                idataCOMRAM                        6FB9     6FB9        7     6FB9       0

TOTAL           Name                               Link     Load   Length     Space
        CLASS   STACK          

        CLASS   CODE           
                init                                  0        0        4         0
                text25                             6FDE     6FDE        C         0
                text24                             70AC     70AC       36         0
                text23                             78AC     78AC      184         0
                text22                             6FC0     6FC0        A         0
                text21                             7374     7374       84         0
                text20                             715C     715C       46         0
                text19                             7CAE     7CAE      352         0
                text18                             7480     7480       BA         0
                text17                             776C     776C      140         0
                text16                             729C     729C       66         0
                text15                             6FFC     6FFC       14         0
                text14                             7A30     7A30      27E         0
                text13                             7638     7638      134         0
                text12                             73F8     73F8       88         0
                text11                             711E     711E       3E         0
                text10                             70E2     70E2       3C         0
                text9                              7028     7028       22         0
                text8                              6FEA     6FEA       12         0
                text7                              707A     707A       32         0
                text6                              71A2     71A2       4A         0
                text5                              753A     753A       FE         0
                text4                              7242     7242       5A         0
                text3                              6FCA     6FCA        A         0
                text2                              704A     704A       30         0
                text1                              7010     7010       18         0
                text0                              6FD4     6FD4        A         0
                cinit                              71EC     71EC       56         0
                idataBANK0                         7303     7303       71         0
                idataCOMRAM                        6FB9     6FB9        7         0

        CLASS   CONST          

        CLASS   SMALLCONST     

        CLASS   MEDIUMCONST    

        CLASS   COMRAM         
                cstackCOMRAM                          1        1       54         1
                dataCOMRAM                           55       55        7         1

        CLASS   ABS1           

        CLASS   BIGRAM         

        CLASS   RAM            

        CLASS   BANK0          
                dataBANK0                            60       60       71         1
                bssBANK0                             D1       D1        5         1

        CLASS   BANK1          

        CLASS   BANK2          

        CLASS   BANK3          

        CLASS   BANK4          

        CLASS   BANK5          

        CLASS   SFR            

        CLASS   FARRAM         

        CLASS   CONFIG         
                config                           300000   300000        E         0

        CLASS   IDLOC          
                idloc                            200000   200000        8         0

        CLASS   EEDATA         



SEGMENTS        Name                           Load    Length   Top    Selector   Space  Class

                reset_vec                      000000  000004  000004         0       0  CODE    
                cstackCOMRAM                   000001  00005B  00005C         1       1  COMRAM  
                dataBANK0                      000060  000076  0000D6        60       1  BANK0   
                idataCOMRAM                    006FB9  000007  006FC0      6FB9       0  CODE    
                text22                         006FC0  00000A  006FCA      37E0       0  CODE    
                text3                          006FCA  00000A  006FD4      37E5       0  CODE    
                text0                          006FD4  00000A  006FDE      37EA       0  CODE    
                text25                         006FDE  00000C  006FEA      37EF       0  CODE    
                text8                          006FEA  000012  006FFC      37F5       0  CODE    
                text15                         006FFC  000014  007010      37FE       0  CODE    
                text1                          007010  000018  007028      3808       0  CODE    
                text9                          007028  000022  00704A      3814       0  CODE    
                text2                          00704A  000030  00707A      3825       0  CODE    
                text7                          00707A  000032  0070AC      383D       0  CODE    
                text24                         0070AC  000036  0070E2      3856       0  CODE    
                text10                         0070E2  00003C  00711E      3871       0  CODE    
                text11                         00711E  00003E  00715C      388F       0  CODE    
                text20                         00715C  000046  0071A2      38AE       0  CODE    
                text6                          0071A2  00004A  0071EC      38D1       0  CODE    
                cinit                          0071EC  000056  007242      38F6       0  CODE    
                text4                          007242  00005A  00729C      3921       0  CODE    
                text16                         00729C  000066  007302      394E       0  CODE    
                idataBANK0                     007303  000071  007374      7303       0  CODE    
                text21                         007374  000084  0073F8      39BA       0  CODE    
                text12                         0073F8  000088  007480      39FC       0  CODE    
                text18                         007480  0000BA  00753A      3A40       0  CODE    
                text5                          00753A  0000FE  007638      3A9D       0  CODE    
                text13                         007638  000134  00776C      3B1C       0  CODE    
                text17                         00776C  000140  0078AC      3BB6       0  CODE    
                text23                         0078AC  000184  007A30      3C56       0  CODE    
                text14                         007A30  00027E  007CAE      3D18       0  CODE    
                text19                         007CAE  000352  008000      3E57       0  CODE    
                idloc                          200000  000008  200008    200000       0  IDLOC   
                config                         300000  00000E  30000E    300000       0  CONFIG  


UNUSED ADDRESS RANGES

        Name                Unused          Largest block    Delta
        BANK0            0000D6-0000FF               2A
        BANK1            000100-0001FF              100
        BANK2            000200-0002FF              100
        BANK3            000300-0003FF              100
        BANK4            000400-0004FF              100
        BANK5            000500-0005FF              100
        BIGRAM           00005C-00005F                4
                         0000D6-0005FF              52A
        CODE             000004-006FB8             6FB5
                         007302-007302                1
        COMRAM           00005C-00005F                4
        CONST            000004-006FB8             6FB5
                         007302-007302                1
        EEDATA           F00000-F000FF              100
        MEDIUMCONST      000600-006FB8             69B9
                         007302-007302                1
        RAM              0000D6-0005FF              100
        SFR              000F38-000FFF               28
        SMALLCONST       000600-006FB8              100
                         007302-007302                1
        STACK            0000D6-0005FF              52A

                                  Symbol Table

?___flmul                      cstackCOMRAM 00000F
?___fltol                      cstackCOMRAM 000028
?___xxtofl                     cstackCOMRAM 000001
PRC@F6009                      dataBANK0    000060
PRC@F6011                      dataBANK0    0000AE
PRC@a                          cstackCOMRAM 000031
PRC@a_1114                     cstackCOMRAM 000032
PRC@a_1115                     cstackCOMRAM 000033
PRC@a_1116                     cstackCOMRAM 000034
PRC@a_1117                     cstackCOMRAM 000035
PRC@a_1118                     cstackCOMRAM 000036
PRC@a_1119                     cstackCOMRAM 000037
PRC@a_1120                     cstackCOMRAM 000038
PRC@a_1121                     cstackCOMRAM 000039
PRC@message                    cstackCOMRAM 00000C
PRC@message2                   cstackCOMRAM 00002C
RCE@F6064                      dataBANK0    000080
RCE@a                          cstackCOMRAM 000053
RCE@a_1237                     cstackCOMRAM 000054
RCE@commandReceived            cstackCOMRAM 00004F
RCE@message                    cstackCOMRAM 000041
RCE@nCharsReceived             cstackCOMRAM 000052
_ADCON0bits                    (abs)        000FC2
_ADCON1                        (abs)        000FC1
_ADCON2bits                    (abs)        000FC0
_ADRESH                        (abs)        000FC4
_ANSELA                        (abs)        000F38
_ANSELB                        (abs)        000F39
_ANSELBbits                    (abs)        000F39
_ANSELC                        (abs)        000F3A
_ANSELCbits                    (abs)        000F3A
_ANSELD                        (abs)        000F3B
_ANSELE                        (abs)        000F3C
_BAUDCON1bits                  (abs)        000FB8
_CCP1CON                       (abs)        000FBD
_CCP5CON                       (abs)        000F54
_CCPR1L                        (abs)        000FBE
_CCPR5L                        (abs)        000F55
_CCPTMRS0                      (abs)        000F49
_CCPTMRS1                      (abs)        000F48
_FSR0                          (abs)        000FE9
_INTCONbits                    (abs)        000FF2
_LATA                          (abs)        000F89
_LATB                          (abs)        000F8A
_LATC                          (abs)        000F8B
_LATD                          (abs)        000F8C
_LATE                          (abs)        000F8D
_LLranges                      dataCOMRAM   000057
_Lranges                       dataBANK0    0000CC
_Mranges                       dataBANK0    0000C7
_OSCCONbits                    (abs)        000FD3
_PIE1bits                      (abs)        000F9D
_PIE5bits                      (abs)        000F7D
_PIR1bits                      (abs)        000F9E
_PIR5bits                      (abs)        000F7E
_PORTA                         (abs)        000F80
_PORTAbits                     (abs)        000F80
_PORTB                         (abs)        000F81
_PORTC                         (abs)        000F82
_PORTCbits                     (abs)        000F82
_PORTD                         (abs)        000F83
_PORTE                         (abs)        000F84
_PORTEbits                     (abs)        000F84
_PR2                           (abs)        000FBB
_PR4                           (abs)        000F52
_PR6                           (abs)        000F4B
_PRC                           text23       0078AC
_RCE                           text5        00753A
_RCREG                         (abs)        000FAE
_RCSTA1                        (abs)        000FAB
_RRranges                      dataBANK0    0000BD
_Rranges                       dataBANK0    0000C2
_SPBRG1                        (abs)        000FAF
_SPBRGH1                       (abs)        000FB0
_T2CON                         (abs)        000FBA
_T2CONbits                     (abs)        000FBA
_T4CONbits                     (abs)        000F51
_T6CON                         (abs)        000F4A
_TMR2                          (abs)        000FBC
_TMR6                          (abs)        000F4C
_TRISA                         (abs)        000F92
_TRISB                         (abs)        000F93
_TRISBbits                     (abs)        000F93
_TRISC                         (abs)        000F94
_TRISCbits                     (abs)        000F94
_TRISD                         (abs)        000F95
_TRISE                         (abs)        000F96
_TRISEbits                     (abs)        000F96
_TXREG                         (abs)        000FAD
_TXSTA1                        (abs)        000FAC
__CFG_BOREN$SBORDIS            (abs)        000000
__CFG_BORV$190                 (abs)        000000
__CFG_CCP2MX$PORTC1            (abs)        000000
__CFG_CCP3MX$PORTB5            (abs)        000000
__CFG_CP0$OFF                  (abs)        000000
__CFG_CP1$OFF                  (abs)        000000
__CFG_CP2$OFF                  (abs)        000000
__CFG_CP3$OFF                  (abs)        000000
__CFG_CPB$OFF                  (abs)        000000
__CFG_CPD$OFF                  (abs)        000000
__CFG_EBTR0$OFF                (abs)        000000
__CFG_EBTR1$OFF                (abs)        000000
__CFG_EBTR2$OFF                (abs)        000000
__CFG_EBTR3$OFF                (abs)        000000
__CFG_EBTRB$OFF                (abs)        000000
__CFG_FCMEN$OFF                (abs)        000000
__CFG_FOSC$INTIO67             (abs)        000000
__CFG_HFOFST$ON                (abs)        000000
__CFG_IESO$OFF                 (abs)        000000
__CFG_LVP$ON                   (abs)        000000
__CFG_MCLRE$EXTMCLR            (abs)        000000
__CFG_P2BMX$PORTD2             (abs)        000000
__CFG_PBADEN$ON                (abs)        000000
__CFG_PLLCFG$OFF               (abs)        000000
__CFG_PRICLKEN$ON              (abs)        000000
__CFG_PWRTEN$OFF               (abs)        000000
__CFG_STVREN$ON                (abs)        000000
__CFG_T3CMX$PORTC0             (abs)        000000
__CFG_WDTEN$OFF                (abs)        000000
__CFG_WDTPS$32768              (abs)        000000
__CFG_WRT0$OFF                 (abs)        000000
__CFG_WRT1$OFF                 (abs)        000000
__CFG_WRT2$OFF                 (abs)        000000
__CFG_WRT3$OFF                 (abs)        000000
__CFG_WRTB$OFF                 (abs)        000000
__CFG_WRTC$OFF                 (abs)        000000
__CFG_WRTD$OFF                 (abs)        000000
__CFG_XINST$OFF                (abs)        000000
__HRAM                         (abs)        000000
__Habs1                        abs1         000000
__Hbank0                       bank0        000000
__Hbank1                       bank1        000000
__Hbank2                       bank2        000000
__Hbank3                       bank3        000000
__Hbank4                       bank4        000000
__Hbank5                       bank5        000000
__Hbigbss                      bigbss       000000
__Hbigdata                     bigdata      000000
__Hbigram                      bigram       000000
__Hbss                         bss          000000
__HbssBANK0                    bssBANK0     000000
__Hcinit                       cinit        000000
__Hclrtext                     clrtext      000000
__Hcomram                      comram       000000
__Hconfig                      config       30000E
__Hconst                       const        000000
__HcstackCOMRAM                cstackCOMRAM 000000
__Hdata                        data         000000
__HdataBANK0                   dataBANK0    000000
__HdataCOMRAM                  dataCOMRAM   000000
__Heeprom_data                 eeprom_data  000000
__Hfarbss                      farbss       000000
__Hfardata                     fardata      000000
__Hibigdata                    ibigdata     000000
__Hidata                       idata        000000
__HidataBANK0                  idataBANK0   000000
__HidataCOMRAM                 idataCOMRAM  000000
__Hidloc                       idloc        200008
__Hifardata                    ifardata     000000
__Hinit                        init         000004
__Hintcode                     intcode      000000
__Hintcode_body                intcode_body 000000
__Hintcodelo                   intcodelo    000000
__Hintentry                    intentry     000000
__Hintret                      intret       000000
__Hintsave_regs                intsave_regs 000000
__Hirdata                      irdata       000000
__Hmediumconst                 mediumconst  000000
__HnvFARRAM                    nvFARRAM     000000
__Hnvbit                       nvbit        000000
__Hnvrram                      nvrram       000000
__Hparam                       rparam       000000
__Hpowerup                     powerup      000000
__Hram                         ram          000000
__Hramtop                      ramtop       000600
__Hrbit                        rbit         000000
__Hrbss                        rbss         000000
__Hrdata                       rdata        000000
__Hreset_vec                   reset_vec    000000
__Hrparam                      rparam       000000
__Hsfr                         sfr          000000
__Hsmallconst                  smallconst   000000
__Hspace_0                     (abs)        30000E
__Hspace_1                     (abs)        0000D6
__Hspace_2                     (abs)        000000
__Hstack                       stack        000000
__Hstruct                      struct       000000
__Htemp                        temp         000000
__Htext                        text         000000
__Htext0                       text0        000000
__Htext1                       text1        000000
__Htext10                      text10       000000
__Htext11                      text11       000000
__Htext12                      text12       000000
__Htext13                      text13       000000
__Htext14                      text14       000000
__Htext15                      text15       000000
__Htext16                      text16       000000
__Htext17                      text17       000000
__Htext18                      text18       000000
__Htext19                      text19       000000
__Htext2                       text2        000000
__Htext20                      text20       000000
__Htext21                      text21       000000
__Htext22                      text22       000000
__Htext23                      text23       000000
__Htext24                      text24       000000
__Htext25                      text25       000000
__Htext3                       text3        000000
__Htext4                       text4        000000
__Htext5                       text5        000000
__Htext6                       text6        000000
__Htext7                       text7        000000
__Htext8                       text8        000000
__Htext9                       text9        000000
__LRAM                         (abs)        000001
__Labs1                        abs1         000000
__Lbank0                       bank0        000000
__Lbank1                       bank1        000000
__Lbank2                       bank2        000000
__Lbank3                       bank3        000000
__Lbank4                       bank4        000000
__Lbank5                       bank5        000000
__Lbigbss                      bigbss       000000
__Lbigdata                     bigdata      000000
__Lbigram                      bigram       000000
__Lbss                         bss          000000
__LbssBANK0                    bssBANK0     000000
__Lcinit                       cinit        000000
__Lclrtext                     clrtext      000000
__Lcomram                      comram       000000
__Lconfig                      config       300000
__Lconst                       const        000000
__LcstackCOMRAM                cstackCOMRAM 000000
__Ldata                        data         000000
__LdataBANK0                   dataBANK0    000000
__LdataCOMRAM                  dataCOMRAM   000000
__Leeprom_data                 eeprom_data  000000
__Lfarbss                      farbss       000000
__Lfardata                     fardata      000000
__Libigdata                    ibigdata     000000
__Lidata                       idata        000000
__LidataBANK0                  idataBANK0   000000
__LidataCOMRAM                 idataCOMRAM  000000
__Lidloc                       idloc        200000
__Lifardata                    ifardata     000000
__Linit                        init         000000
__Lintcode                     intcode      000000
__Lintcode_body                intcode_body 000000
__Lintcodelo                   intcodelo    000000
__Lintentry                    intentry     000000
__Lintret                      intret       000000
__Lintsave_regs                intsave_regs 000000
__Lirdata                      irdata       000000
__Lmediumconst                 mediumconst  000000
__LnvFARRAM                    nvFARRAM     000000
__Lnvbit                       nvbit        000000
__Lnvrram                      nvrram       000000
__Lparam                       rparam       000000
__Lpowerup                     powerup      000000
__Lram                         ram          000000
__Lramtop                      ramtop       000600
__Lrbit                        rbit         000000
__Lrbss                        rbss         000000
__Lrdata                       rdata        000000
__Lreset_vec                   reset_vec    000000
__Lrparam                      rparam       000000
__Lsfr                         sfr          000000
__Lsmallconst                  smallconst   000000
__Lspace_0                     (abs)        000000
__Lspace_1                     (abs)        000000
__Lspace_2                     (abs)        000000
__Lstack                       stack        000000
__Lstruct                      struct       000000
__Ltemp                        temp         000000
__Ltext                        text         000000
__Ltext0                       text0        000000
__Ltext1                       text1        000000
__Ltext10                      text10       000000
__Ltext11                      text11       000000
__Ltext12                      text12       000000
__Ltext13                      text13       000000
__Ltext14                      text14       000000
__Ltext15                      text15       000000
__Ltext16                      text16       000000
__Ltext17                      text17       000000
__Ltext18                      text18       000000
__Ltext19                      text19       000000
__Ltext2                       text2        000000
__Ltext20                      text20       000000
__Ltext21                      text21       000000
__Ltext22                      text22       000000
__Ltext23                      text23       000000
__Ltext24                      text24       000000
__Ltext25                      text25       000000
__Ltext3                       text3        000000
__Ltext4                       text4        000000
__Ltext5                       text5        000000
__Ltext6                       text6        000000
__Ltext7                       text7        000000
__Ltext8                       text8        000000
__Ltext9                       text9        000000
__S0                           (abs)        30000E
__S1                           (abs)        0000D6
__S2                           (abs)        000000
___flmul                       text19       007CAE
___flmul@a                     cstackCOMRAM 000013
___flmul@aexp                  cstackCOMRAM 000020
___flmul@b                     cstackCOMRAM 00000F
___flmul@bexp                  cstackCOMRAM 000021
___flmul@grs                   cstackCOMRAM 00001C
___flmul@prod                  cstackCOMRAM 000022
___flmul@sign                  cstackCOMRAM 00001B
___flmul@temp                  cstackCOMRAM 000026
___fltol                       text18       007480
___fltol@exp1                  cstackCOMRAM 000031
___fltol@f1                    cstackCOMRAM 000028
___fltol@sign1                 cstackCOMRAM 000030
___inthi_sp                    stack        000000
___intlo_sp                    stack        000000
___param_bank                  (abs)        000000
___rparam_used                 (abs)        000001
___sp                          stack        000000
___xxtofl                      text17       00776C
___xxtofl@arg                  cstackCOMRAM 00000B
___xxtofl@exp                  cstackCOMRAM 00000A
___xxtofl@sign                 cstackCOMRAM 000009
___xxtofl@val                  cstackCOMRAM 000001
__accesstop                    (abs)        000060
__activetblptr                 (abs)        000002
__end_of_PRC                   text23       007A30
__end_of_RCE                   text5        007638
__end_of___flmul               text19       008000
__end_of___fltol               text18       00753A
__end_of___xxtofl              text17       0078AC
__end_of__initialization       cinit        007238
__end_of_aveSensor             text20       0071A2
__end_of_calibrate             text14       007CAE
__end_of_classifyColors        text13       00776C
__end_of_clearPorts            text4        00729C
__end_of_displayColorDetected  text12       007480
__end_of_displayRaceColor      text11       00715C
__end_of_error                 text24       0070E2
__end_of_init                  text1        007028
__end_of_main                  text0        006FDE
__end_of_msDelay               text16       007302
__end_of_navigate              text7        0070AC
__end_of_oneSecDelay           text15       007010
__end_of_pyCal                 text6        0071EC
__end_of_readADC               text22       006FCA
__end_of_readAllSensors        text10       00711E
__end_of_setADCChannel         text21       0073F8
__end_of_setupADC              text9        00704A
__end_of_setupOSC              text3        006FD4
__end_of_setupSerial           text2        00707A
__end_of_stopMotors            text8        006FFC
__end_of_trans                 text25       006FEA
__initialization               cinit        0071EC
__mediumconst                  mediumconst  000000
__pbssBANK0                    bssBANK0     0000D1
__pcinit                       cinit        0071EC
__pcstackCOMRAM                cstackCOMRAM 000001
__pdataBANK0                   dataBANK0    000060
__pdataCOMRAM                  dataCOMRAM   000055
__pidataBANK0                  idataBANK0   007303
__pidataCOMRAM                 idataCOMRAM  006FB9
__ptext0                       text0        006FD4
__ptext1                       text1        007010
__ptext10                      text10       0070E2
__ptext11                      text11       00711E
__ptext12                      text12       0073F8
__ptext13                      text13       007638
__ptext14                      text14       007A30
__ptext15                      text15       006FFC
__ptext16                      text16       00729C
__ptext17                      text17       00776C
__ptext18                      text18       007480
__ptext19                      text19       007CAE
__ptext2                       text2        00704A
__ptext20                      text20       00715C
__ptext21                      text21       007374
__ptext22                      text22       006FC0
__ptext23                      text23       0078AC
__ptext24                      text24       0070AC
__ptext25                      text25       006FDE
__ptext3                       text3        006FCA
__ptext4                       text4        007242
__ptext5                       text5        00753A
__ptext6                       text6        0071A2
__ptext7                       text7        00707A
__ptext8                       text8        006FEA
__ptext9                       text9        007028
__ramtop                       ramtop       000600
__size_of_PRC                  (abs)        000000
__size_of_RCE                  (abs)        000000
__size_of___flmul              (abs)        000000
__size_of___fltol              (abs)        000000
__size_of___xxtofl             (abs)        000000
__size_of_aveSensor            (abs)        000000
__size_of_calibrate            (abs)        000000
__size_of_classifyColors       (abs)        000000
__size_of_clearPorts           (abs)        000000
__size_of_displayColorDetected (abs)        000000
__size_of_displayRaceColor     (abs)        000000
__size_of_error                (abs)        000000
__size_of_init                 (abs)        000000
__size_of_main                 (abs)        000000
__size_of_msDelay              (abs)        000000
__size_of_navigate             (abs)        000000
__size_of_oneSecDelay          (abs)        000000
__size_of_pyCal                (abs)        000000
__size_of_readADC              (abs)        000000
__size_of_readAllSensors       (abs)        000000
__size_of_setADCChannel        (abs)        000000
__size_of_setupADC             (abs)        000000
__size_of_setupOSC             (abs)        000000
__size_of_setupSerial          (abs)        000000
__size_of_stopMotors           (abs)        000000
__size_of_trans                (abs)        000000
__smallconst                   smallconst   000000
_aveSensor                     text20       00715C
_calibrate                     text14       007A30
_classifyColors                text13       007638
_clearPorts                    text4        007242
_col                           dataCOMRAM   000055
_colorsDetected                bssBANK0     0000D1
_displayColorDetected          text12       0073F8
_displayRaceColor              text11       00711E
_error                         text24       0070AC
_init                          text1        007010
_main                          text0        006FD4
_msDelay                       text16       00729C
_navigate                      text7        00707A
_oneSecDelay                   text15       006FFC
_pyCal                         text6        0071A2
_raceColor                     dataBANK0    000098
_readADC                       text22       006FC0
_readAllSensors                text10       0070E2
_sensorChannels                dataBANK0    0000A8
_sensorVals                    dataBANK0    0000B8
_setADCChannel                 text21       007374
_setupADC                      text9        007028
_setupOSC                      text3        006FCA
_setupSerial                   text2        00704A
_size                          dataCOMRAM   000056
_stopMotors                    text8        006FEA
_trans                         text25       006FDE
aveSensor@a                    cstackCOMRAM 00000A
aveSensor@measurements         cstackCOMRAM 000007
aveSensor@result               cstackCOMRAM 000009
aveSensor@s                    cstackCOMRAM 000006
calibrate@F6000                dataBANK0    0000B3
calibrate@samples              cstackCOMRAM 000039
calibrate@samples_1097         cstackCOMRAM 00003A
calibrate@samples_1098         cstackCOMRAM 00003B
calibrate@samples_1099         cstackCOMRAM 00003C
calibrate@samples_1100         cstackCOMRAM 00003D
calibrate@sensors              cstackCOMRAM 000034
calibrate@temp                 cstackCOMRAM 00003E
classifyColors@F6028           dataBANK0    00008E
classifyColors@a               cstackCOMRAM 00000F
classifyColors@sensorRanges    cstackCOMRAM 000005
displayColorDetected@sensor    cstackCOMRAM 000003
end_of_initialization          cinit        007238
error@F6050                    dataBANK0    0000A1
error@a                        cstackCOMRAM 000009
error@message                  cstackCOMRAM 000002
intlevel0                      text         000000
intlevel1                      text         000000
intlevel2                      text         000000
intlevel3                      text         000000
msDelay@delayInMs              cstackCOMRAM 000032
oneSecDelay@a                  cstackCOMRAM 000033
pyCal@a                        cstackCOMRAM 000034
readAllSensors@a               cstackCOMRAM 00000B
setADCChannel@channel          cstackCOMRAM 000003
stackhi                        (abs)        0005FF
stacklo                        (abs)        0000D6
start                          init         000000
start_initialization           cinit        0071EC
trans@s                        cstackCOMRAM 000001


FUNCTION INFORMATION:

 *************** function _main *****************
 Defined at:
		line 78 in file "sanic.c"
 Parameters:    Size  Location     Type
		None
 Auto vars:     Size  Location     Type
		None
 Return value:  Size  Location     Type
                  1    wreg      void 
 Registers used:
		wreg, fsr1l, fsr1h, fsr2l, fsr2h, status,2, status,0, prodl, prodh, cstack
 Tracked objects:
		On entry : 
		On exit  : 
		Unchanged: 
 Data sizes:     COMRAM   BANK0   BANK1   BANK2   BANK3   BANK4   BANK5
      Params:         0       0       0       0       0       0       0
      Locals:         0       0       0       0       0       0       0
      Temps:          0       0       0       0       0       0       0
      Totals:         0       0       0       0       0       0       0
Total ram usage:        0 bytes
 Hardware stack levels required when called:    5
 This function calls:
		_RCE
		_init
 This function is called by:
		Startup code after reset
 This function uses a non-reentrant model


 *************** function _init *****************
 Defined at:
		line 107 in file "sanic.c"
 Parameters:    Size  Location     Type
		None
 Auto vars:     Size  Location     Type
		None
 Return value:  Size  Location     Type
                  1    wreg      void 
 Registers used:
		wreg, status,2, cstack
 Tracked objects:
		On entry : 
		On exit  : 
		Unchanged: 
 Data sizes:     COMRAM   BANK0   BANK1   BANK2   BANK3   BANK4   BANK5
      Params:         0       0       0       0       0       0       0
      Locals:         0       0       0       0       0       0       0
      Temps:          0       0       0       0       0       0       0
      Totals:         0       0       0       0       0       0       0
Total ram usage:        0 bytes
 Hardware stack levels used:    1
 Hardware stack levels required when called:    1
 This function calls:
		_clearPorts
		_setupADC
		_setupOSC
		_setupSerial
 This function is called by:
		_main
 This function uses a non-reentrant model


 *************** function _setupSerial *****************
 Defined at:
		line 100 in file "./functions.c"
 Parameters:    Size  Location     Type
		None
 Auto vars:     Size  Location     Type
		None
 Return value:  Size  Location     Type
                  1    wreg      void 
 Registers used:
		wreg, status,2
 Tracked objects:
		On entry : 
		On exit  : 
		Unchanged: 
 Data sizes:     COMRAM   BANK0   BANK1   BANK2   BANK3   BANK4   BANK5
      Params:         0       0       0       0       0       0       0
      Locals:         0       0       0       0       0       0       0
      Temps:          0       0       0       0       0       0       0
      Totals:         0       0       0       0       0       0       0
Total ram usage:        0 bytes
 Hardware stack levels used:    1
 This function calls:
		Nothing
 This function is called by:
		_init
 This function uses a non-reentrant model


 *************** function _setupOSC *****************
 Defined at:
		line 94 in file "./functions.c"
 Parameters:    Size  Location     Type
		None
 Auto vars:     Size  Location     Type
		None
 Return value:  Size  Location     Type
                  1    wreg      void 
 Registers used:
		wreg, status,2
 Tracked objects:
		On entry : 
		On exit  : 
		Unchanged: 
 Data sizes:     COMRAM   BANK0   BANK1   BANK2   BANK3   BANK4   BANK5
      Params:         0       0       0       0       0       0       0
      Locals:         0       0       0       0       0       0       0
      Temps:          0       0       0       0       0       0       0
      Totals:         0       0       0       0       0       0       0
Total ram usage:        0 bytes
 Hardware stack levels used:    1
 This function calls:
		Nothing
 This function is called by:
		_init
 This function uses a non-reentrant model


 *************** function _clearPorts *****************
 Defined at:
		line 63 in file "./functions.c"
 Parameters:    Size  Location     Type
		None
 Auto vars:     Size  Location     Type
		None
 Return value:  Size  Location     Type
                  1    wreg      void 
 Registers used:
		wreg, status,2
 Tracked objects:
		On entry : 
		On exit  : 
		Unchanged: 
 Data sizes:     COMRAM   BANK0   BANK1   BANK2   BANK3   BANK4   BANK5
      Params:         0       0       0       0       0       0       0
      Locals:         0       0       0       0       0       0       0
      Temps:          0       0       0       0       0       0       0
      Totals:         0       0       0       0       0       0       0
Total ram usage:        0 bytes
 Hardware stack levels used:    1
 This function calls:
		Nothing
 This function is called by:
		_init
 This function uses a non-reentrant model


 *************** function _RCE *****************
 Defined at:
		line 115 in file "sanic.c"
 Parameters:    Size  Location     Type
		None
 Auto vars:     Size  Location     Type
  a               1   83[COMRAM] unsigned char 
  a               1   82[COMRAM] unsigned char 
  message        14   64[COMRAM] unsigned char [14]
  commandRecei    3   78[COMRAM] unsigned char [3]
  nCharsReceiv    1   81[COMRAM] unsigned char 
 Return value:  Size  Location     Type
                  1    wreg      void 
 Registers used:
		wreg, fsr1l, fsr1h, fsr2l, fsr2h, status,2, status,0, prodl, prodh, cstack
 Tracked objects:
		On entry : 
		On exit  : 
		Unchanged: 
 Data sizes:     COMRAM   BANK0   BANK1   BANK2   BANK3   BANK4   BANK5
      Params:         0       0       0       0       0       0       0
      Locals:        20       0       0       0       0       0       0
      Temps:          2       0       0       0       0       0       0
      Totals:        22       0       0       0       0       0       0
Total ram usage:       22 bytes
 Hardware stack levels used:    1
 Hardware stack levels required when called:    4
 This function calls:
		_PRC
		_calibrate
		_error
		_navigate
		_pyCal
		_trans
 This function is called by:
		_main
 This function uses a non-reentrant model


 *************** function _pyCal *****************
 Defined at:
		line 396 in file "./functions.c"
 Parameters:    Size  Location     Type
		None
 Auto vars:     Size  Location     Type
  a               1   51[COMRAM] unsigned char 
  done            1    0        unsigned char 
 Return value:  Size  Location     Type
                  1    wreg      void 
 Registers used:
		wreg, fsr2l, fsr2h, status,2, status,0, prodl, prodh, cstack
 Tracked objects:
		On entry : 
		On exit  : 
		Unchanged: 
 Data sizes:     COMRAM   BANK0   BANK1   BANK2   BANK3   BANK4   BANK5
      Params:         0       0       0       0       0       0       0
      Locals:         2       0       0       0       0       0       0
      Temps:          0       0       0       0       0       0       0
      Totals:         2       0       0       0       0       0       0
Total ram usage:        2 bytes
 Hardware stack levels used:    1
 Hardware stack levels required when called:    2
 This function calls:
		_aveSensor
		_msDelay
		_setupADC
		_trans
 This function is called by:
		_RCE
 This function uses a non-reentrant model


 *************** function _navigate *****************
 Defined at:
		line 420 in file "./functions.c"
 Parameters:    Size  Location     Type
		None
 Auto vars:     Size  Location     Type
		None
 Return value:  Size  Location     Type
                  1    wreg      void 
 Registers used:
		wreg, fsr1l, fsr1h, fsr2l, fsr2h, status,2, status,0, prodl, prodh, cstack
 Tracked objects:
		On entry : 
		On exit  : 
		Unchanged: 
 Data sizes:     COMRAM   BANK0   BANK1   BANK2   BANK3   BANK4   BANK5
      Params:         0       0       0       0       0       0       0
      Locals:         0       0       0       0       0       0       0
      Temps:          0       0       0       0       0       0       0
      Totals:         0       0       0       0       0       0       0
Total ram usage:        0 bytes
 Hardware stack levels used:    1
 Hardware stack levels required when called:    3
 This function calls:
		_classifyColors
		_displayColorDetected
		_displayRaceColor
		_readAllSensors
		_setupADC
		_stopMotors
 This function is called by:
		_RCE
 This function uses a non-reentrant model


 *************** function _stopMotors *****************
 Defined at:
		line 547 in file "./functions.c"
 Parameters:    Size  Location     Type
		None
 Auto vars:     Size  Location     Type
		None
 Return value:  Size  Location     Type
                  1    wreg      void 
 Registers used:
		wreg, status,2
 Tracked objects:
		On entry : 
		On exit  : 
		Unchanged: 
 Data sizes:     COMRAM   BANK0   BANK1   BANK2   BANK3   BANK4   BANK5
      Params:         0       0       0       0       0       0       0
      Locals:         0       0       0       0       0       0       0
      Temps:          0       0       0       0       0       0       0
      Totals:         0       0       0       0       0       0       0
Total ram usage:        0 bytes
 Hardware stack levels used:    1
 This function calls:
		Nothing
 This function is called by:
		_navigate
 This function uses a non-reentrant model


 *************** function _setupADC *****************
 Defined at:
		line 123 in file "./functions.c"
 Parameters:    Size  Location     Type
		None
 Auto vars:     Size  Location     Type
		None
 Return value:  Size  Location     Type
                  1    wreg      void 
 Registers used:
		wreg, status,2
 Tracked objects:
		On entry : 
		On exit  : 
		Unchanged: 
 Data sizes:     COMRAM   BANK0   BANK1   BANK2   BANK3   BANK4   BANK5
      Params:         0       0       0       0       0       0       0
      Locals:         0       0       0       0       0       0       0
      Temps:          0       0       0       0       0       0       0
      Totals:         0       0       0       0       0       0       0
Total ram usage:        0 bytes
 Hardware stack levels used:    1
 This function calls:
		Nothing
 This function is called by:
		_pyCal
		_navigate
		_init
 This function uses a non-reentrant model


 *************** function _readAllSensors *****************
 Defined at:
		line 579 in file "./functions.c"
 Parameters:    Size  Location     Type
		None
 Auto vars:     Size  Location     Type
  a               2   10[COMRAM] unsigned int 
 Return value:  Size  Location     Type
                  1    wreg      void 
 Registers used:
		wreg, fsr1l, fsr1h, fsr2l, fsr2h, status,2, status,0, cstack
 Tracked objects:
		On entry : 
		On exit  : 
		Unchanged: 
 Data sizes:     COMRAM   BANK0   BANK1   BANK2   BANK3   BANK4   BANK5
      Params:         0       0       0       0       0       0       0
      Locals:         2       0       0       0       0       0       0
      Temps:          0       0       0       0       0       0       0
      Totals:         2       0       0       0       0       0       0
Total ram usage:        2 bytes
 Hardware stack levels used:    1
 Hardware stack levels required when called:    2
 This function calls:
		_aveSensor
 This function is called by:
		_navigate
 This function uses a non-reentrant model


 *************** function _displayRaceColor *****************
 Defined at:
		line 559 in file "./functions.c"
 Parameters:    Size  Location     Type
		None
 Auto vars:     Size  Location     Type
		None
 Return value:  Size  Location     Type
                  1    wreg      void 
 Registers used:
		wreg, status,2
 Tracked objects:
		On entry : 
		On exit  : 
		Unchanged: 
 Data sizes:     COMRAM   BANK0   BANK1   BANK2   BANK3   BANK4   BANK5
      Params:         0       0       0       0       0       0       0
      Locals:         0       0       0       0       0       0       0
      Temps:          0       0       0       0       0       0       0
      Totals:         0       0       0       0       0       0       0
Total ram usage:        0 bytes
 Hardware stack levels used:    1
 This function calls:
		Nothing
 This function is called by:
		_navigate
 This function uses a non-reentrant model


 *************** function _displayColorDetected *****************
 Defined at:
		line 494 in file "./functions.c"
 Parameters:    Size  Location     Type
  sensor          1    wreg     unsigned char 
 Auto vars:     Size  Location     Type
  sensor          1    2[COMRAM] unsigned char 
 Return value:  Size  Location     Type
                  1    wreg      void 
 Registers used:
		wreg, fsr2l, fsr2h, status,2, status,0
 Tracked objects:
		On entry : 
		On exit  : 
		Unchanged: 
 Data sizes:     COMRAM   BANK0   BANK1   BANK2   BANK3   BANK4   BANK5
      Params:         0       0       0       0       0       0       0
      Locals:         1       0       0       0       0       0       0
      Temps:          2       0       0       0       0       0       0
      Totals:         3       0       0       0       0       0       0
Total ram usage:        3 bytes
 Hardware stack levels used:    1
 This function calls:
		Nothing
 This function is called by:
		_navigate
 This function uses a non-reentrant model


 *************** function _classifyColors *****************
 Defined at:
		line 469 in file "./functions.c"
 Parameters:    Size  Location     Type
		None
 Auto vars:     Size  Location     Type
  a               1   14[COMRAM] unsigned char 
  sensorRanges   10    4[COMRAM] PTR unsigned char [5]
		 -> RRranges(5), Rranges(5), Mranges(5), Lranges(5), 
		 -> LLranges(5), 
 Return value:  Size  Location     Type
                  1    wreg      void 
 Registers used:
		wreg, fsr1l, fsr1h, fsr2l, fsr2h, status,2, status,0, prodl, prodh
 Tracked objects:
		On entry : 
		On exit  : 
		Unchanged: 
 Data sizes:     COMRAM   BANK0   BANK1   BANK2   BANK3   BANK4   BANK5
      Params:         0       0       0       0       0       0       0
      Locals:        11       0       0       0       0       0       0
      Temps:          4       0       0       0       0       0       0
      Totals:        15       0       0       0       0       0       0
Total ram usage:       15 bytes
 Hardware stack levels used:    1
 This function calls:
		Nothing
 This function is called by:
		_navigate
 This function uses a non-reentrant model


 *************** function _calibrate *****************
 Defined at:
		line 141 in file "./functions.c"
 Parameters:    Size  Location     Type
		None
 Auto vars:     Size  Location     Type
  samples         1   60[COMRAM] unsigned char 
  samples         1   59[COMRAM] unsigned char 
  samples         1   58[COMRAM] unsigned char 
  samples         1   57[COMRAM] unsigned char 
  samples         1   56[COMRAM] unsigned char 
  sensors         5   51[COMRAM] unsigned char [5]
  temp            1   61[COMRAM] unsigned char 
 Return value:  Size  Location     Type
                  1    wreg      void 
 Registers used:
		wreg, fsr1l, fsr1h, fsr2l, fsr2h, status,2, status,0, prodl, prodh, cstack
 Tracked objects:
		On entry : 
		On exit  : 
		Unchanged: 
 Data sizes:     COMRAM   BANK0   BANK1   BANK2   BANK3   BANK4   BANK5
      Params:         0       0       0       0       0       0       0
      Locals:        11       0       0       0       0       0       0
      Temps:          0       0       0       0       0       0       0
      Totals:        11       0       0       0       0       0       0
Total ram usage:       11 bytes
 Hardware stack levels used:    1
 Hardware stack levels required when called:    3
 This function calls:
		_aveSensor
		_oneSecDelay
 This function is called by:
		_RCE
 This function uses a non-reentrant model


 *************** function _oneSecDelay *****************
 Defined at:
		line 697 in file "./functions.c"
 Parameters:    Size  Location     Type
		None
 Auto vars:     Size  Location     Type
  a               1   50[COMRAM] unsigned char 
 Return value:  Size  Location     Type
                  1    wreg      void 
 Registers used:
		wreg, status,2, status,0, prodl, prodh, cstack
 Tracked objects:
		On entry : 
		On exit  : 
		Unchanged: 
 Data sizes:     COMRAM   BANK0   BANK1   BANK2   BANK3   BANK4   BANK5
      Params:         0       0       0       0       0       0       0
      Locals:         1       0       0       0       0       0       0
      Temps:          0       0       0       0       0       0       0
      Totals:         1       0       0       0       0       0       0
Total ram usage:        1 bytes
 Hardware stack levels used:    1
 Hardware stack levels required when called:    2
 This function calls:
		_msDelay
 This function is called by:
		_calibrate
 This function uses a non-reentrant model


 *************** function _msDelay *****************
 Defined at:
		line 707 in file "./functions.c"
 Parameters:    Size  Location     Type
  delayInMs       1    wreg     unsigned char 
 Auto vars:     Size  Location     Type
  delayInMs       1   49[COMRAM] unsigned char 
 Return value:  Size  Location     Type
                  1    wreg      void 
 Registers used:
		wreg, status,2, status,0, prodl, prodh, cstack
 Tracked objects:
		On entry : 
		On exit  : 
		Unchanged: 
 Data sizes:     COMRAM   BANK0   BANK1   BANK2   BANK3   BANK4   BANK5
      Params:         0       0       0       0       0       0       0
      Locals:         1       0       0       0       0       0       0
      Temps:          0       0       0       0       0       0       0
      Totals:         1       0       0       0       0       0       0
Total ram usage:        1 bytes
 Hardware stack levels used:    1
 Hardware stack levels required when called:    1
 This function calls:
		___flmul
		___fltol
		___xxtofl
 This function is called by:
		_pyCal
		_oneSecDelay
 This function uses a non-reentrant model


 *************** function ___xxtofl *****************
 Defined at:
		line 10 in file "C:\Program Files (x86)\Microchip\xc8\v2.05\pic\sources\c99\common\xxtofl.c"
 Parameters:    Size  Location     Type
  sign            1    wreg     unsigned char 
  val             4    0[COMRAM] long 
 Auto vars:     Size  Location     Type
  sign            1    8[COMRAM] unsigned char 
  arg             4   10[COMRAM] unsigned long 
  exp             1    9[COMRAM] unsigned char 
 Return value:  Size  Location     Type
                  4    0[COMRAM] unsigned char 
 Registers used:
		wreg, status,2, status,0
 Tracked objects:
		On entry : 
		On exit  : 
		Unchanged: 
 Data sizes:     COMRAM   BANK0   BANK1   BANK2   BANK3   BANK4   BANK5
      Params:         4       0       0       0       0       0       0
      Locals:         6       0       0       0       0       0       0
      Temps:          4       0       0       0       0       0       0
      Totals:        14       0       0       0       0       0       0
Total ram usage:       14 bytes
 Hardware stack levels used:    1
 This function calls:
		Nothing
 This function is called by:
		_msDelay
		_timer6Setup
 This function uses a non-reentrant model


 *************** function ___fltol *****************
 Defined at:
		line 43 in file "C:\Program Files (x86)\Microchip\xc8\v2.05\pic\sources\c99\common\fltol.c"
 Parameters:    Size  Location     Type
  f1              4   39[COMRAM] unsigned char 
 Auto vars:     Size  Location     Type
  exp1            1   48[COMRAM] unsigned char 
  sign1           1   47[COMRAM] unsigned char 
 Return value:  Size  Location     Type
                  4   39[COMRAM] long 
 Registers used:
		wreg, status,2, status,0
 Tracked objects:
		On entry : 
		On exit  : 
		Unchanged: 
 Data sizes:     COMRAM   BANK0   BANK1   BANK2   BANK3   BANK4   BANK5
      Params:         4       0       0       0       0       0       0
      Locals:         2       0       0       0       0       0       0
      Temps:          4       0       0       0       0       0       0
      Totals:        10       0       0       0       0       0       0
Total ram usage:       10 bytes
 Hardware stack levels used:    1
 This function calls:
		Nothing
 This function is called by:
		_msDelay
		_timer6Setup
 This function uses a non-reentrant model


 *************** function ___flmul *****************
 Defined at:
		line 8 in file "C:\Program Files (x86)\Microchip\xc8\v2.05\pic\sources\c99\common\sprcmul.c"
 Parameters:    Size  Location     Type
  b               4   14[COMRAM] long 
  a               4   18[COMRAM] long 
 Auto vars:     Size  Location     Type
  prod            4   33[COMRAM] struct .
  grs             4   27[COMRAM] unsigned long 
  temp            2   37[COMRAM] struct .
  bexp            1   32[COMRAM] unsigned char 
  aexp            1   31[COMRAM] unsigned char 
  sign            1   26[COMRAM] unsigned char 
 Return value:  Size  Location     Type
                  4   14[COMRAM] unsigned char 
 Registers used:
		wreg, status,2, status,0, prodl, prodh
 Tracked objects:
		On entry : 
		On exit  : 
		Unchanged: 
 Data sizes:     COMRAM   BANK0   BANK1   BANK2   BANK3   BANK4   BANK5
      Params:         8       0       0       0       0       0       0
      Locals:        13       0       0       0       0       0       0
      Temps:          4       0       0       0       0       0       0
      Totals:        25       0       0       0       0       0       0
Total ram usage:       25 bytes
 Hardware stack levels used:    1
 This function calls:
		Nothing
 This function is called by:
		_msDelay
		_timer6Setup
 This function uses a non-reentrant model


 *************** function _aveSensor *****************
 Defined at:
		line 653 in file "./functions.c"
 Parameters:    Size  Location     Type
  s               1    wreg     unsigned char 
 Auto vars:     Size  Location     Type
  s               1    5[COMRAM] unsigned char 
  a               1    9[COMRAM] unsigned char 
  measurements    2    6[COMRAM] unsigned int 
  result          1    8[COMRAM] unsigned char 
 Return value:  Size  Location     Type
                  1    wreg      unsigned char 
 Registers used:
		wreg, status,2, status,0, cstack
 Tracked objects:
		On entry : 
		On exit  : 
		Unchanged: 
 Data sizes:     COMRAM   BANK0   BANK1   BANK2   BANK3   BANK4   BANK5
      Params:         0       0       0       0       0       0       0
      Locals:         5       0       0       0       0       0       0
      Temps:          2       0       0       0       0       0       0
      Totals:         7       0       0       0       0       0       0
Total ram usage:        7 bytes
 Hardware stack levels used:    1
 Hardware stack levels required when called:    1
 This function calls:
		_readADC
		_setADCChannel
 This function is called by:
		_calibrate
		_pyCal
		_readAllSensors
 This function uses a non-reentrant model


 *************** function _setADCChannel *****************
 Defined at:
		line 602 in file "./functions.c"
 Parameters:    Size  Location     Type
  channel         1    wreg     unsigned char 
 Auto vars:     Size  Location     Type
  channel         1    2[COMRAM] unsigned char 
 Return value:  Size  Location     Type
                  1    wreg      void 
 Registers used:
		wreg, status,2, status,0
 Tracked objects:
		On entry : 
		On exit  : 
		Unchanged: 
 Data sizes:     COMRAM   BANK0   BANK1   BANK2   BANK3   BANK4   BANK5
      Params:         0       0       0       0       0       0       0
      Locals:         1       0       0       0       0       0       0
      Temps:          2       0       0       0       0       0       0
      Totals:         3       0       0       0       0       0       0
Total ram usage:        3 bytes
 Hardware stack levels used:    1
 This function calls:
		Nothing
 This function is called by:
		_aveSensor
 This function uses a non-reentrant model


 *************** function _readADC *****************
 Defined at:
		line 643 in file "./functions.c"
 Parameters:    Size  Location     Type
		None
 Auto vars:     Size  Location     Type
		None
 Return value:  Size  Location     Type
                  1    wreg      unsigned char 
 Registers used:
		wreg, status,2
 Tracked objects:
		On entry : 
		On exit  : 
		Unchanged: 
 Data sizes:     COMRAM   BANK0   BANK1   BANK2   BANK3   BANK4   BANK5
      Params:         0       0       0       0       0       0       0
      Locals:         0       0       0       0       0       0       0
      Temps:          0       0       0       0       0       0       0
      Totals:         0       0       0       0       0       0       0
Total ram usage:        0 bytes
 Hardware stack levels used:    1
 This function calls:
		Nothing
 This function is called by:
		_aveSensor
 This function uses a non-reentrant model


 *************** function _PRC *****************
 Defined at:
		line 321 in file "./functions.c"
 Parameters:    Size  Location     Type
		None
 Auto vars:     Size  Location     Type
  a               1   56[COMRAM] unsigned char 
  a               1   55[COMRAM] unsigned char 
  a               1   54[COMRAM] unsigned char 
  a               1   53[COMRAM] unsigned char 
  a               1   52[COMRAM] unsigned char 
  a               1   51[COMRAM] unsigned char 
  a               1   50[COMRAM] unsigned char 
  a               1   49[COMRAM] unsigned char 
  a               1   48[COMRAM] unsigned char 
  message        32   11[COMRAM] unsigned char [32]
  message2        5   43[COMRAM] unsigned char [5]
 Return value:  Size  Location     Type
                  1    wreg      void 
 Registers used:
		wreg, fsr1l, fsr1h, fsr2l, fsr2h, status,2, status,0, cstack
 Tracked objects:
		On entry : 
		On exit  : 
		Unchanged: 
 Data sizes:     COMRAM   BANK0   BANK1   BANK2   BANK3   BANK4   BANK5
      Params:         0       0       0       0       0       0       0
      Locals:        46       0       0       0       0       0       0
      Temps:          2       0       0       0       0       0       0
      Totals:        48       0       0       0       0       0       0
Total ram usage:       48 bytes
 Hardware stack levels used:    1
 Hardware stack levels required when called:    2
 This function calls:
		_error
		_trans
 This function is called by:
		_RCE
 This function uses a non-reentrant model


 *************** function _error *****************
 Defined at:
		line 681 in file "./functions.c"
 Parameters:    Size  Location     Type
		None
 Auto vars:     Size  Location     Type
  a               1    8[COMRAM] unsigned char 
  message         7    1[COMRAM] unsigned char [7]
 Return value:  Size  Location     Type
                  1    wreg      void 
 Registers used:
		wreg, fsr1l, fsr1h, fsr2l, fsr2h, status,2, status,0, cstack
 Tracked objects:
		On entry : 
		On exit  : 
		Unchanged: 
 Data sizes:     COMRAM   BANK0   BANK1   BANK2   BANK3   BANK4   BANK5
      Params:         0       0       0       0       0       0       0
      Locals:         8       0       0       0       0       0       0
      Temps:          0       0       0       0       0       0       0
      Totals:         8       0       0       0       0       0       0
Total ram usage:        8 bytes
 Hardware stack levels used:    1
 Hardware stack levels required when called:    1
 This function calls:
		_trans
 This function is called by:
		_PRC
		_RCE
 This function uses a non-reentrant model


 *************** function _trans *****************
 Defined at:
		line 586 in file "./functions.c"
 Parameters:    Size  Location     Type
  s               1    wreg     unsigned char 
 Auto vars:     Size  Location     Type
  s               1    0[COMRAM] unsigned char 
 Return value:  Size  Location     Type
                  1    wreg      void 
 Registers used:
		wreg
 Tracked objects:
		On entry : 
		On exit  : 
		Unchanged: 
 Data sizes:     COMRAM   BANK0   BANK1   BANK2   BANK3   BANK4   BANK5
      Params:         0       0       0       0       0       0       0
      Locals:         1       0       0       0       0       0       0
      Temps:          0       0       0       0       0       0       0
      Totals:         1       0       0       0       0       0       0
Total ram usage:        1 bytes
 Hardware stack levels used:    1
 This function calls:
		Nothing
 This function is called by:
		_PRC
		_pyCal
		_error
		_RCE
 This function uses a non-reentrant model



MODULE INFORMATION

Module		Function		Class		Link	Load	Size
sanic.c
		_init          		CODE           	7010	0000	25
		_main          		CODE           	6FD4	0000	11
		_RCE           		CODE           	753A	0000	255

sanic.c estimated size: 291

C:\Program Files (x86)\Microchip\xc8\v2.05\pic\sources\c99\common\xxtofl.c
		___xxtofl      		CODE           	776C	0000	321

C:\Program Files (x86)\Microchip\xc8\v2.05\pic\sources\c99\common\xxtofl.c estimated size: 321

C:\Program Files (x86)\Microchip\xc8\v2.05\pic\sources\c99\common\fltol.c
		___fltol       		CODE           	7480	0000	187

C:\Program Files (x86)\Microchip\xc8\v2.05\pic\sources\c99\common\fltol.c estimated size: 187

./functions.c
		_setADCChannel 		CODE           	7374	0000	133
		_setupOSC      		CODE           	6FCA	0000	11
		_readAllSensors		CODE           	70E2	0000	61
		_trans         		CODE           	6FDE	0000	13
		_navigate      		CODE           	707A	0000	51
		_displayRaceColor		CODE           	711E	0000	63
		_oneSecDelay   		CODE           	6FFC	0000	21
		_stopMotors    		CODE           	6FEA	0000	19
		_aveSensor     		CODE           	715C	0000	71
		_msDelay       		CODE           	729C	0000	103
		_PRC           		CODE           	78AC	0000	389
		_clearPorts    		CODE           	7242	0000	91
		_error         		CODE           	70AC	0000	55
		_pyCal         		CODE           	71A2	0000	75
		_calibrate     		CODE           	7A30	0000	639
		_displayColorDetected		CODE           	73F8	0000	137
		_setupSerial   		CODE           	704A	0000	49
		_classifyColors		CODE           	7638	0000	309
		_readADC       		CODE           	6FC0	0000	11
		_setupADC      		CODE           	7028	0000	35

./functions.c estimated size: 2336

C:\Program Files (x86)\Microchip\xc8\v2.05\pic\sources\c99\common\sprcmul.c
		___flmul       		CODE           	7CAE	0000	851

C:\Program Files (x86)\Microchip\xc8\v2.05\pic\sources\c99\common\sprcmul.c estimated size: 851

shared
		__initialization		CODE           	71EC	0000	77

shared estimated size: 77

