Microchip MPLAB XC8 Compiler V2.05 ()

Linker command line:

-W-3 --edf=C:\Program Files (x86)\Microchip\xc8\v2.05\pic\dat\en_msgs.txt \
  -cs -h+dist/default/production\sanic.X.production.sym \
  --cmf=dist/default/production\sanic.X.production.cmf -z -Q18F45K22 \
  -oC:\Users\Armandt\AppData\Local\Temp\s5ns.2 --defsym=__MPLAB_BUILD=1 \
  -Mdist/default/production/sanic.X.production.map -E1 -ver=XC8 \
  --acfsm=1493 -ASTACK=0120h-05FFh -pstack=STACK -ACODE=00h-07FFFh \
  -ACONST=00h-07FFFh -ASMALLCONST=0600h-06FFhx122 \
  -AMEDIUMCONST=0600h-07FFFh -ACOMRAM=01h-05Fh -AABS1=00h-05FFh \
  -ABIGRAM=01h-05FFh -ARAM=060h-0FFh,0100h-01FFhx5 -ABANK0=060h-0FFh \
  -ABANK1=0100h-01FFh -ABANK2=0200h-02FFh -ABANK3=0300h-03FFh \
  -ABANK4=0400h-04FFh -ABANK5=0500h-05FFh -ASFR=0F38h-0F5Fh,0F60h-0FFFh \
  -preset_vec=00h,intcode,intcodelo,powerup,init -pramtop=0600h \
  -psmallconst=SMALLCONST -pmediumconst=MEDIUMCONST -pconst=CONST \
  -AFARRAM=00h-00h -ACONFIG=0300000h-030000Dh -pconfig=CONFIG \
  -AIDLOC=0200000h-0200007h -pidloc=IDLOC -AEEDATA=0F00000h-0F000FFh \
  -peeprom_data=EEDATA \
  -prdata=COMRAM,nvrram=COMRAM,nvbit=COMRAM,rbss=COMRAM,rbit=COMRAM \
  -pfarbss=FARRAM,fardata=FARRAM,nvFARRAM=FARRAM \
  -pintsave_regs=BIGRAM,bigbss=BIGRAM,bigdata=BIGRAM -pbss=RAM \
  -pidata=CODE,irdata=CODE,ibigdata=CODE,ifardata=CODE -prparam=COMRAM \
  C:\Users\Armandt\AppData\Local\Temp\s5ns.o \
  dist/default/production\sanic.X.production.o 

Object code version is 3.11

Machine type is 18F45K22

Call graph: (short form)




                Name                               Link     Load   Length Selector   Space Scale
C:\Users\Armandt\AppData\Local\Temp\s5ns.o
                init                                  0        0        4        0       0
                idloc                            200000   200000        8   200000       0
                config                           300000   300000        E   300000       0
dist/default/production\sanic.X.production.o
                text40                             700A     700A        C     3805       0
                text39                             7218     7218       36     390C       0
                text38                             7BB0     7BB0      194     3DD8       0
                text37                             6FE2     6FE2        A     37F1       0
                text36                             75DA     75DA       84     3AED       0
                text35                             728C     728C       4C     3946       0
                text34                             765E     765E       84     3B2F       0
                text33                             70D8     70D8       1C     386C       0
                text32                             748C     748C       64     3A46       0
                text31                             78CA     78CA       EC     3C65       0
                text30                             7110     7110       20     3888       0
                text29                             7042     7042       14     3821       0
                text28                             7D44     7D44      2BC     3EA2       0
                text27                             71E6     71E6       32     38F3       0
                text26                             74F0     74F0       72     3A78       0
                text25                             79B6     79B6       F4     3CDB       0
                text24                             7056     7056       1A     382B       0
                text23                             7070     7070       1A     3838       0
                text22                             708A     708A       1A     3845       0
                text21                             70A4     70A4       1A     3852       0
                text20                             7016     7016        C     380B       0
                text19                             70BE     70BE       1A     385F       0
                text18                             6FDC     6FDC        6     37EE       0
                text17                             76E2     76E2       88     3B71       0
                text16                             724E     724E       3E     3927       0
                text15                             77F4     77F4       D6     3BFA       0
                text14                             7150     7150       22     38A8       0
                text13                             7172     7172       22     38B9       0
                text12                             7194     7194       22     38CA       0
                text11                             7030     7030       12     3818       0
                text10                             7376     7376       5A     39BB       0
                text9                              7326     7326       50     3993       0
                text8                              72D8     72D8       4E     396C       0
                text7                              7AAA     7AAA      106     3D55       0
                text6                              73D0     73D0       5A     39E8       0
                text5                              6FEC     6FEC        A     37F6       0
                text4                              742A     742A       62     3A15       0
                text3                              6FF6     6FF6        A     37FB       0
                text2                              71B6     71B6       30     38DB       0
                text1                              70F4     70F4       1C     387A       0
                text0                              7000     7000        A     3800       0
                cstackCOMRAM                          1        1       4F        1       1
                dataBANK1                           100      100       20      100       1
                dataBANK0                            60       60       89       60       1
                bssBANK0                             E9       E9        5       60       1
                dataCOMRAM                           50       50        D        1       1
                bssCOMRAM                            5D       5D        1        1       1
                cinit                              7562     7562       78     3AB1       0
                idataBANK1                         7130     7130       20     7130       0
                idataBANK0                         776B     776B       89     776B       0
                idataCOMRAM                        7023     7023        D     7023       0

TOTAL           Name                               Link     Load   Length     Space
        CLASS   STACK          

        CLASS   CODE           
                init                                  0        0        4         0
                text40                             700A     700A        C         0
                text39                             7218     7218       36         0
                text38                             7BB0     7BB0      194         0
                text37                             6FE2     6FE2        A         0
                text36                             75DA     75DA       84         0
                text35                             728C     728C       4C         0
                text34                             765E     765E       84         0
                text33                             70D8     70D8       1C         0
                text32                             748C     748C       64         0
                text31                             78CA     78CA       EC         0
                text30                             7110     7110       20         0
                text29                             7042     7042       14         0
                text28                             7D44     7D44      2BC         0
                text27                             71E6     71E6       32         0
                text26                             74F0     74F0       72         0
                text25                             79B6     79B6       F4         0
                text24                             7056     7056       1A         0
                text23                             7070     7070       1A         0
                text22                             708A     708A       1A         0
                text21                             70A4     70A4       1A         0
                text20                             7016     7016        C         0
                text19                             70BE     70BE       1A         0
                text18                             6FDC     6FDC        6         0
                text17                             76E2     76E2       88         0
                text16                             724E     724E       3E         0
                text15                             77F4     77F4       D6         0
                text14                             7150     7150       22         0
                text13                             7172     7172       22         0
                text12                             7194     7194       22         0
                text11                             7030     7030       12         0
                text10                             7376     7376       5A         0
                text9                              7326     7326       50         0
                text8                              72D8     72D8       4E         0
                text7                              7AAA     7AAA      106         0
                text6                              73D0     73D0       5A         0
                text5                              6FEC     6FEC        A         0
                text4                              742A     742A       62         0
                text3                              6FF6     6FF6        A         0
                text2                              71B6     71B6       30         0
                text1                              70F4     70F4       1C         0
                text0                              7000     7000        A         0
                cinit                              7562     7562       78         0
                idataBANK1                         7130     7130       20         0
                idataBANK0                         776B     776B       89         0
                idataCOMRAM                        7023     7023        D         0

        CLASS   CONST          

        CLASS   SMALLCONST     

        CLASS   MEDIUMCONST    

        CLASS   COMRAM         
                cstackCOMRAM                          1        1       4F         1
                dataCOMRAM                           50       50        D         1
                bssCOMRAM                            5D       5D        1         1

        CLASS   ABS1           

        CLASS   BIGRAM         

        CLASS   RAM            

        CLASS   BANK0          
                dataBANK0                            60       60       89         1
                bssBANK0                             E9       E9        5         1

        CLASS   BANK1          
                dataBANK1                           100      100       20         1

        CLASS   BANK2          

        CLASS   BANK3          

        CLASS   BANK4          

        CLASS   BANK5          

        CLASS   SFR            

        CLASS   FARRAM         

        CLASS   CONFIG         
                config                           300000   300000        E         0

        CLASS   IDLOC          
                idloc                            200000   200000        8         0

        CLASS   EEDATA         



SEGMENTS        Name                           Load    Length   Top    Selector   Space  Class

                reset_vec                      000000  000004  000004         0       0  CODE    
                cstackCOMRAM                   000001  00005D  00005E         1       1  COMRAM  
                dataBANK0                      000060  00008E  0000EE        60       1  BANK0   
                dataBANK1                      000100  000020  000120       100       1  BANK1   
                text18                         006FDC  000006  006FE2      37EE       0  CODE    
                text37                         006FE2  00000A  006FEC      37F1       0  CODE    
                text5                          006FEC  00000A  006FF6      37F6       0  CODE    
                text3                          006FF6  00000A  007000      37FB       0  CODE    
                text0                          007000  00000A  00700A      3800       0  CODE    
                text40                         00700A  00000C  007016      3805       0  CODE    
                text20                         007016  00000C  007022      380B       0  CODE    
                idataCOMRAM                    007023  00000D  007030      7023       0  CODE    
                text11                         007030  000012  007042      3818       0  CODE    
                text29                         007042  000014  007056      3821       0  CODE    
                text24                         007056  00001A  007070      382B       0  CODE    
                text23                         007070  00001A  00708A      3838       0  CODE    
                text22                         00708A  00001A  0070A4      3845       0  CODE    
                text21                         0070A4  00001A  0070BE      3852       0  CODE    
                text19                         0070BE  00001A  0070D8      385F       0  CODE    
                text33                         0070D8  00001C  0070F4      386C       0  CODE    
                text1                          0070F4  00001C  007110      387A       0  CODE    
                text30                         007110  000020  007130      3888       0  CODE    
                idataBANK1                     007130  000020  007150      7130       0  CODE    
                text14                         007150  000022  007172      38A8       0  CODE    
                text13                         007172  000022  007194      38B9       0  CODE    
                text12                         007194  000022  0071B6      38CA       0  CODE    
                text2                          0071B6  000030  0071E6      38DB       0  CODE    
                text27                         0071E6  000032  007218      38F3       0  CODE    
                text39                         007218  000036  00724E      390C       0  CODE    
                text16                         00724E  00003E  00728C      3927       0  CODE    
                text35                         00728C  00004C  0072D8      3946       0  CODE    
                text8                          0072D8  00004E  007326      396C       0  CODE    
                text9                          007326  000050  007376      3993       0  CODE    
                text10                         007376  00005A  0073D0      39BB       0  CODE    
                text6                          0073D0  00005A  00742A      39E8       0  CODE    
                text4                          00742A  000062  00748C      3A15       0  CODE    
                text32                         00748C  000064  0074F0      3A46       0  CODE    
                text26                         0074F0  000072  007562      3A78       0  CODE    
                cinit                          007562  000078  0075DA      3AB1       0  CODE    
                text36                         0075DA  000084  00765E      3AED       0  CODE    
                text34                         00765E  000084  0076E2      3B2F       0  CODE    
                text17                         0076E2  000088  00776A      3B71       0  CODE    
                idataBANK0                     00776B  000089  0077F4      776B       0  CODE    
                text15                         0077F4  0000D6  0078CA      3BFA       0  CODE    
                text31                         0078CA  0000EC  0079B6      3C65       0  CODE    
                text25                         0079B6  0000F4  007AAA      3CDB       0  CODE    
                text7                          007AAA  000106  007BB0      3D55       0  CODE    
                text38                         007BB0  000194  007D44      3DD8       0  CODE    
                text28                         007D44  0002BC  008000      3EA2       0  CODE    
                idloc                          200000  000008  200008    200000       0  IDLOC   
                config                         300000  00000E  30000E    300000       0  CONFIG  


UNUSED ADDRESS RANGES

        Name                Unused          Largest block    Delta
        BANK0            0000EE-0000FF               12
        BANK1            000120-0001FF               E0
        BANK2            000200-0002FF              100
        BANK3            000300-0003FF              100
        BANK4            000400-0004FF              100
        BANK5            000500-0005FF              100
        BIGRAM           00005E-00005F                2
                         0000EE-0000FF               12
                         000120-0005FF              4E0
        CODE             000004-006FDB             6FD8
                         007022-007022                1
                         00776A-00776A                1
        COMRAM           00005E-00005F                2
        CONST            000004-006FDB             6FD8
                         007022-007022                1
                         00776A-00776A                1
        EEDATA           F00000-F000FF              100
        MEDIUMCONST      000600-006FDB             69DC
                         007022-007022                1
                         00776A-00776A                1
        RAM              0000EE-0000FF               12
                         000120-0005FF              100
        SFR              000F38-000FFF               28
        SMALLCONST       000600-006FDB              100
                         007022-007022                1
                         00776A-00776A                1
        STACK            000120-0005FF              4E0

                                  Symbol Table

?___awdiv                      cstackCOMRAM 000001
?_abs                          cstackCOMRAM 000001
PRC@F6028                      dataBANK1    000100
PRC@F6030                      dataBANK0    0000D0
PRC@a                          cstackCOMRAM 000031
PRC@a_1266                     cstackCOMRAM 000032
PRC@a_1267                     cstackCOMRAM 000033
PRC@a_1268                     cstackCOMRAM 000034
PRC@a_1269                     cstackCOMRAM 000035
PRC@a_1270                     cstackCOMRAM 000036
PRC@a_1271                     cstackCOMRAM 000037
PRC@a_1272                     cstackCOMRAM 000038
PRC@a_1273                     cstackCOMRAM 000039
PRC@message                    cstackCOMRAM 00000C
PRC@message2                   cstackCOMRAM 00002C
RCE@F6118                      dataBANK0    00007A
RCE@a                          cstackCOMRAM 00004E
RCE@a_1463                     cstackCOMRAM 00004F
RCE@commandReceived            cstackCOMRAM 00004A
RCE@message                    cstackCOMRAM 00003C
RCE@nCharsReceived             cstackCOMRAM 00004D
_ADCON0bits                    (abs)        000FC2
_ADCON1                        (abs)        000FC1
_ADCON2bits                    (abs)        000FC0
_ADRESH                        (abs)        000FC4
_ANSELA                        (abs)        000F38
_ANSELB                        (abs)        000F39
_ANSELBbits                    (abs)        000F39
_ANSELC                        (abs)        000F3A
_ANSELCbits                    (abs)        000F3A
_ANSELD                        (abs)        000F3B
_ANSELE                        (abs)        000F3C
_BAUDCON1bits                  (abs)        000FB8
_CCP1CON                       (abs)        000FBD
_CCP5CON                       (abs)        000F54
_CCPR1L                        (abs)        000FBE
_CCPR5L                        (abs)        000F55
_CCPTMRS0                      (abs)        000F49
_CCPTMRS1                      (abs)        000F48
_EEADR                         (abs)        000FA9
_EECON1bits                    (abs)        000FA6
_EECON2                        (abs)        000FA7
_EEDATA                        (abs)        000FA8
_EE_READ                       text5        006FEC
_EE_WRT                        text33       0070D8
_FSR0                          (abs)        000FE9
_INTCONbits                    (abs)        000FF2
_LATA                          (abs)        000F89
_LATB                          (abs)        000F8A
_LATC                          (abs)        000F8B
_LATD                          (abs)        000F8C
_LATE                          (abs)        000F8D
_LLranges                      dataBANK0    0000E4
_Lranges                       dataBANK0    0000DF
_Mranges                       dataBANK0    0000DA
_OSCCONbits                    (abs)        000FD3
_PIE1bits                      (abs)        000F9D
_PIE5bits                      (abs)        000F7D
_PIR1bits                      (abs)        000F9E
_PIR2bits                      (abs)        000FA1
_PIR5bits                      (abs)        000F7E
_PORTA                         (abs)        000F80
_PORTAbits                     (abs)        000F80
_PORTB                         (abs)        000F81
_PORTC                         (abs)        000F82
_PORTCbits                     (abs)        000F82
_PORTD                         (abs)        000F83
_PORTE                         (abs)        000F84
_PORTEbits                     (abs)        000F84
_PR2                           (abs)        000FBB
_PR4                           (abs)        000F52
_PR6                           (abs)        000F4B
_PRC                           text38       007BB0
_RCE                           text7        007AAA
_RCREG                         (abs)        000FAE
_RCSTA1                        (abs)        000FAB
_RRranges                      dataBANK0    0000D5
_Rranges                       dataCOMRAM   000058
_SPBRG1                        (abs)        000FAF
_SPBRGH1                       (abs)        000FB0
_T1CON                         (abs)        000FCD
_T1CONbits                     (abs)        000FCD
_T2CON                         (abs)        000FBA
_T2CONbits                     (abs)        000FBA
_T4CON                         (abs)        000F51
_T4CONbits                     (abs)        000F51
_T6CON                         (abs)        000F4A
_TMR1                          (abs)        000FCE
_TMR2                          (abs)        000FBC
_TMR4                          (abs)        000F53
_TMR6                          (abs)        000F4C
_TRISA                         (abs)        000F92
_TRISB                         (abs)        000F93
_TRISBbits                     (abs)        000F93
_TRISC                         (abs)        000F94
_TRISCbits                     (abs)        000F94
_TRISD                         (abs)        000F95
_TRISE                         (abs)        000F96
_TRISEbits                     (abs)        000F96
_TXREG                         (abs)        000FAD
_TXSTA1                        (abs)        000FAC
__CFG_BOREN$SBORDIS            (abs)        000000
__CFG_BORV$190                 (abs)        000000
__CFG_CCP2MX$PORTC1            (abs)        000000
__CFG_CCP3MX$PORTB5            (abs)        000000
__CFG_CP0$OFF                  (abs)        000000
__CFG_CP1$OFF                  (abs)        000000
__CFG_CP2$OFF                  (abs)        000000
__CFG_CP3$OFF                  (abs)        000000
__CFG_CPB$OFF                  (abs)        000000
__CFG_CPD$OFF                  (abs)        000000
__CFG_EBTR0$OFF                (abs)        000000
__CFG_EBTR1$OFF                (abs)        000000
__CFG_EBTR2$OFF                (abs)        000000
__CFG_EBTR3$OFF                (abs)        000000
__CFG_EBTRB$OFF                (abs)        000000
__CFG_FCMEN$OFF                (abs)        000000
__CFG_FOSC$INTIO67             (abs)        000000
__CFG_HFOFST$ON                (abs)        000000
__CFG_IESO$OFF                 (abs)        000000
__CFG_LVP$ON                   (abs)        000000
__CFG_MCLRE$EXTMCLR            (abs)        000000
__CFG_P2BMX$PORTD2             (abs)        000000
__CFG_PBADEN$ON                (abs)        000000
__CFG_PLLCFG$OFF               (abs)        000000
__CFG_PRICLKEN$ON              (abs)        000000
__CFG_PWRTEN$OFF               (abs)        000000
__CFG_STVREN$ON                (abs)        000000
__CFG_T3CMX$PORTC0             (abs)        000000
__CFG_WDTEN$OFF                (abs)        000000
__CFG_WDTPS$32768              (abs)        000000
__CFG_WRT0$OFF                 (abs)        000000
__CFG_WRT1$OFF                 (abs)        000000
__CFG_WRT2$OFF                 (abs)        000000
__CFG_WRT3$OFF                 (abs)        000000
__CFG_WRTB$OFF                 (abs)        000000
__CFG_WRTC$OFF                 (abs)        000000
__CFG_WRTD$OFF                 (abs)        000000
__CFG_XINST$OFF                (abs)        000000
__HRAM                         (abs)        000000
__Habs1                        abs1         000000
__Hbank0                       bank0        000000
__Hbank1                       bank1        000000
__Hbank2                       bank2        000000
__Hbank3                       bank3        000000
__Hbank4                       bank4        000000
__Hbank5                       bank5        000000
__Hbigbss                      bigbss       000000
__Hbigdata                     bigdata      000000
__Hbigram                      bigram       000000
__Hbss                         bss          000000
__HbssBANK0                    bssBANK0     000000
__HbssCOMRAM                   bssCOMRAM    000000
__Hcinit                       cinit        000000
__Hclrtext                     clrtext      000000
__Hcomram                      comram       000000
__Hconfig                      config       30000E
__Hconst                       const        000000
__HcstackCOMRAM                cstackCOMRAM 000000
__Hdata                        data         000000
__HdataBANK0                   dataBANK0    000000
__HdataBANK1                   dataBANK1    000000
__HdataCOMRAM                  dataCOMRAM   000000
__Heeprom_data                 eeprom_data  000000
__Hfarbss                      farbss       000000
__Hfardata                     fardata      000000
__Hibigdata                    ibigdata     000000
__Hidata                       idata        000000
__HidataBANK0                  idataBANK0   000000
__HidataBANK1                  idataBANK1   000000
__HidataCOMRAM                 idataCOMRAM  000000
__Hidloc                       idloc        200008
__Hifardata                    ifardata     000000
__Hinit                        init         000004
__Hintcode                     intcode      000000
__Hintcode_body                intcode_body 000000
__Hintcodelo                   intcodelo    000000
__Hintentry                    intentry     000000
__Hintret                      intret       000000
__Hintsave_regs                intsave_regs 000000
__Hirdata                      irdata       000000
__Hmediumconst                 mediumconst  000000
__HnvFARRAM                    nvFARRAM     000000
__Hnvbit                       nvbit        000000
__Hnvrram                      nvrram       000000
__Hparam                       rparam       000000
__Hpowerup                     powerup      000000
__Hram                         ram          000000
__Hramtop                      ramtop       000600
__Hrbit                        rbit         000000
__Hrbss                        rbss         000000
__Hrdata                       rdata        000000
__Hreset_vec                   reset_vec    000000
__Hrparam                      rparam       000000
__Hsfr                         sfr          000000
__Hsmallconst                  smallconst   000000
__Hspace_0                     (abs)        30000E
__Hspace_1                     (abs)        000120
__Hspace_2                     (abs)        000000
__Hstack                       stack        000000
__Hstruct                      struct       000000
__Htemp                        temp         000000
__Htext                        text         000000
__Htext0                       text0        000000
__Htext1                       text1        000000
__Htext10                      text10       000000
__Htext11                      text11       000000
__Htext12                      text12       000000
__Htext13                      text13       000000
__Htext14                      text14       000000
__Htext15                      text15       000000
__Htext16                      text16       000000
__Htext17                      text17       000000
__Htext18                      text18       000000
__Htext19                      text19       000000
__Htext2                       text2        000000
__Htext20                      text20       000000
__Htext21                      text21       000000
__Htext22                      text22       000000
__Htext23                      text23       000000
__Htext24                      text24       000000
__Htext25                      text25       000000
__Htext26                      text26       000000
__Htext27                      text27       000000
__Htext28                      text28       000000
__Htext29                      text29       000000
__Htext3                       text3        000000
__Htext30                      text30       000000
__Htext31                      text31       000000
__Htext32                      text32       000000
__Htext33                      text33       000000
__Htext34                      text34       000000
__Htext35                      text35       000000
__Htext36                      text36       000000
__Htext37                      text37       000000
__Htext38                      text38       000000
__Htext39                      text39       000000
__Htext4                       text4        000000
__Htext40                      text40       000000
__Htext5                       text5        000000
__Htext6                       text6        000000
__Htext7                       text7        000000
__Htext8                       text8        000000
__Htext9                       text9        000000
__LRAM                         (abs)        000001
__Labs1                        abs1         000000
__Lbank0                       bank0        000000
__Lbank1                       bank1        000000
__Lbank2                       bank2        000000
__Lbank3                       bank3        000000
__Lbank4                       bank4        000000
__Lbank5                       bank5        000000
__Lbigbss                      bigbss       000000
__Lbigdata                     bigdata      000000
__Lbigram                      bigram       000000
__Lbss                         bss          000000
__LbssBANK0                    bssBANK0     000000
__LbssCOMRAM                   bssCOMRAM    000000
__Lcinit                       cinit        000000
__Lclrtext                     clrtext      000000
__Lcomram                      comram       000000
__Lconfig                      config       300000
__Lconst                       const        000000
__LcstackCOMRAM                cstackCOMRAM 000000
__Ldata                        data         000000
__LdataBANK0                   dataBANK0    000000
__LdataBANK1                   dataBANK1    000000
__LdataCOMRAM                  dataCOMRAM   000000
__Leeprom_data                 eeprom_data  000000
__Lfarbss                      farbss       000000
__Lfardata                     fardata      000000
__Libigdata                    ibigdata     000000
__Lidata                       idata        000000
__LidataBANK0                  idataBANK0   000000
__LidataBANK1                  idataBANK1   000000
__LidataCOMRAM                 idataCOMRAM  000000
__Lidloc                       idloc        200000
__Lifardata                    ifardata     000000
__Linit                        init         000000
__Lintcode                     intcode      000000
__Lintcode_body                intcode_body 000000
__Lintcodelo                   intcodelo    000000
__Lintentry                    intentry     000000
__Lintret                      intret       000000
__Lintsave_regs                intsave_regs 000000
__Lirdata                      irdata       000000
__Lmediumconst                 mediumconst  000000
__LnvFARRAM                    nvFARRAM     000000
__Lnvbit                       nvbit        000000
__Lnvrram                      nvrram       000000
__Lparam                       rparam       000000
__Lpowerup                     powerup      000000
__Lram                         ram          000000
__Lramtop                      ramtop       000600
__Lrbit                        rbit         000000
__Lrbss                        rbss         000000
__Lrdata                       rdata        000000
__Lreset_vec                   reset_vec    000000
__Lrparam                      rparam       000000
__Lsfr                         sfr          000000
__Lsmallconst                  smallconst   000000
__Lspace_0                     (abs)        000000
__Lspace_1                     (abs)        000000
__Lspace_2                     (abs)        000000
__Lstack                       stack        000000
__Lstruct                      struct       000000
__Ltemp                        temp         000000
__Ltext                        text         000000
__Ltext0                       text0        000000
__Ltext1                       text1        000000
__Ltext10                      text10       000000
__Ltext11                      text11       000000
__Ltext12                      text12       000000
__Ltext13                      text13       000000
__Ltext14                      text14       000000
__Ltext15                      text15       000000
__Ltext16                      text16       000000
__Ltext17                      text17       000000
__Ltext18                      text18       000000
__Ltext19                      text19       000000
__Ltext2                       text2        000000
__Ltext20                      text20       000000
__Ltext21                      text21       000000
__Ltext22                      text22       000000
__Ltext23                      text23       000000
__Ltext24                      text24       000000
__Ltext25                      text25       000000
__Ltext26                      text26       000000
__Ltext27                      text27       000000
__Ltext28                      text28       000000
__Ltext29                      text29       000000
__Ltext3                       text3        000000
__Ltext30                      text30       000000
__Ltext31                      text31       000000
__Ltext32                      text32       000000
__Ltext33                      text33       000000
__Ltext34                      text34       000000
__Ltext35                      text35       000000
__Ltext36                      text36       000000
__Ltext37                      text37       000000
__Ltext38                      text38       000000
__Ltext39                      text39       000000
__Ltext4                       text4        000000
__Ltext40                      text40       000000
__Ltext5                       text5        000000
__Ltext6                       text6        000000
__Ltext7                       text7        000000
__Ltext8                       text8        000000
__Ltext9                       text9        000000
__S0                           (abs)        30000E
__S1                           (abs)        000120
__S2                           (abs)        000000
___awdiv                       text34       00765E
___awdiv@counter               cstackCOMRAM 000005
___awdiv@dividend              cstackCOMRAM 000001
___awdiv@divisor               cstackCOMRAM 000003
___awdiv@quotient              cstackCOMRAM 000007
___awdiv@sign                  cstackCOMRAM 000006
___inthi_sp                    stack        000000
___intlo_sp                    stack        000000
___param_bank                  (abs)        000000
___rparam_used                 (abs)        000001
___sp                          stack        000000
__accesstop                    (abs)        000060
__activetblptr                 (abs)        000002
__end_of_EE_READ               text5        006FF6
__end_of_EE_WRT                text33       0070F4
__end_of_PRC                   text38       007D44
__end_of_RCE                   text7        007BB0
__end_of___awdiv               text34       0076E2
__end_of__initialization       cinit        0075D0
__end_of_abs                   text27       007218
__end_of_aveSensor             text35       0072D8
__end_of_calibrate             text28       008000
__end_of_capTouch              text26       007562
__end_of_classifyColors        text25       007AAA
__end_of_clearPorts            text6        00742A
__end_of_determineDirection    text18       006FE2
__end_of_displayColorDetected  text17       00776A
__end_of_displayRaceColor      text16       00728C
__end_of_error                 text39       00724E
__end_of_hardLeft              text24       007070
__end_of_hardRight             text23       00708A
__end_of_init                  text1        007110
__end_of_left                  text22       0070A4
__end_of_main                  text0        00700A
__end_of_msDelay               text30       007130
__end_of_navigate              text9        007376
__end_of_pyCal                 text8        007326
__end_of_ranges                text31       0079B6
__end_of_readADC               text37       006FEC
__end_of_readAllSensors        text15       0078CA
__end_of_readFromEEP           text4        00748C
__end_of_right                 text21       0070BE
__end_of_searchMode            text20       007022
__end_of_setADCChannel         text36       00765E
__end_of_setupADC              text14       007172
__end_of_setupOSC              text3        007000
__end_of_setupPWMLeft          text13       007194
__end_of_setupPWMRight         text12       0071B6
__end_of_setupSerial           text2        0071E6
__end_of_sixSecDelay           text29       007056
__end_of_stopMotors            text11       007042
__end_of_straight              text19       0070D8
__end_of_testBlack             text10       0073D0
__end_of_trans                 text40       007016
__end_of_writeToEEP            text32       0074F0
__initialization               cinit        007562
__mediumconst                  mediumconst  000000
__pbssBANK0                    bssBANK0     0000E9
__pbssCOMRAM                   bssCOMRAM    00005D
__pcinit                       cinit        007562
__pcstackCOMRAM                cstackCOMRAM 000001
__pdataBANK0                   dataBANK0    000060
__pdataBANK1                   dataBANK1    000100
__pdataCOMRAM                  dataCOMRAM   000050
__pidataBANK0                  idataBANK0   00776B
__pidataBANK1                  idataBANK1   007130
__pidataCOMRAM                 idataCOMRAM  007023
__ptext0                       text0        007000
__ptext1                       text1        0070F4
__ptext10                      text10       007376
__ptext11                      text11       007030
__ptext12                      text12       007194
__ptext13                      text13       007172
__ptext14                      text14       007150
__ptext15                      text15       0077F4
__ptext16                      text16       00724E
__ptext17                      text17       0076E2
__ptext18                      text18       006FDC
__ptext19                      text19       0070BE
__ptext2                       text2        0071B6
__ptext20                      text20       007016
__ptext21                      text21       0070A4
__ptext22                      text22       00708A
__ptext23                      text23       007070
__ptext24                      text24       007056
__ptext25                      text25       0079B6
__ptext26                      text26       0074F0
__ptext27                      text27       0071E6
__ptext28                      text28       007D44
__ptext29                      text29       007042
__ptext3                       text3        006FF6
__ptext30                      text30       007110
__ptext31                      text31       0078CA
__ptext32                      text32       00748C
__ptext33                      text33       0070D8
__ptext34                      text34       00765E
__ptext35                      text35       00728C
__ptext36                      text36       0075DA
__ptext37                      text37       006FE2
__ptext38                      text38       007BB0
__ptext39                      text39       007218
__ptext4                       text4        00742A
__ptext40                      text40       00700A
__ptext5                       text5        006FEC
__ptext6                       text6        0073D0
__ptext7                       text7        007AAA
__ptext8                       text8        0072D8
__ptext9                       text9        007326
__ramtop                       ramtop       000600
__size_of_EE_READ              (abs)        000000
__size_of_EE_WRT               (abs)        000000
__size_of_PRC                  (abs)        000000
__size_of_RCE                  (abs)        000000
__size_of___awdiv              (abs)        000000
__size_of_abs                  (abs)        000000
__size_of_aveSensor            (abs)        000000
__size_of_calibrate            (abs)        000000
__size_of_capTouch             (abs)        000000
__size_of_classifyColors       (abs)        000000
__size_of_clearPorts           (abs)        000000
__size_of_determineDirection   (abs)        000000
__size_of_displayColorDetected (abs)        000000
__size_of_displayRaceColor     (abs)        000000
__size_of_error                (abs)        000000
__size_of_hardLeft             (abs)        000000
__size_of_hardRight            (abs)        000000
__size_of_init                 (abs)        000000
__size_of_left                 (abs)        000000
__size_of_main                 (abs)        000000
__size_of_msDelay              (abs)        000000
__size_of_navigate             (abs)        000000
__size_of_pyCal                (abs)        000000
__size_of_ranges               (abs)        000000
__size_of_readADC              (abs)        000000
__size_of_readAllSensors       (abs)        000000
__size_of_readFromEEP          (abs)        000000
__size_of_right                (abs)        000000
__size_of_searchMode           (abs)        000000
__size_of_setADCChannel        (abs)        000000
__size_of_setupADC             (abs)        000000
__size_of_setupOSC             (abs)        000000
__size_of_setupPWMLeft         (abs)        000000
__size_of_setupPWMRight        (abs)        000000
__size_of_setupSerial          (abs)        000000
__size_of_sixSecDelay          (abs)        000000
__size_of_stopMotors           (abs)        000000
__size_of_straight             (abs)        000000
__size_of_testBlack            (abs)        000000
__size_of_trans                (abs)        000000
__size_of_writeToEEP           (abs)        000000
__smallconst                   smallconst   000000
_abs                           text27       0071E6
_aveSensor                     text35       00728C
_calibrate                     text28       007D44
_capTouch                      text26       0074F0
_classifyColors                text25       0079B6
_clearPorts                    text6        0073D0
_col                           dataCOMRAM   000056
_colorsDetected                bssBANK0     0000E9
_determineDirection            text18       006FDC
_displayColorDetected          text17       0076E2
_displayRaceColor              text16       00724E
_error                         text39       007218
_hardLeft                      text24       007056
_hardRight                     text23       007070
_init                          text1        0070F4
_left                          text22       00708A
_main                          text0        007000
_msDelay                       text30       007110
_navigate                      text9        007326
_pyCal                         text8        0072D8
_raceColor                     dataBANK0    0000BA
_raceDayColor                  dataCOMRAM   000055
_ranges                        text31       0078CA
_readADC                       text37       006FE2
_readAllSensors                text15       0077F4
_readFromEEP                   text4        00742A
_right                         text21       0070A4
_searchMode                    text20       007016
_sensorChannels                dataBANK0    0000CA
_sensorVals                    dataCOMRAM   000050
_setADCChannel                 text36       0075DA
_setupADC                      text14       007150
_setupOSC                      text3        006FF6
_setupPWMLeft                  text13       007172
_setupPWMRight                 text12       007194
_setupSerial                   text2        0071B6
_sixSecDelay                   text29       007042
_size                          dataCOMRAM   000057
_stopMotors                    text11       007030
_straight                      text19       0070BE
_testBlack                     text10       007376
_trans                         text40       00700A
_writeToEEP                    text32       00748C
abs@a                          cstackCOMRAM 000001
aveSensor@a                    cstackCOMRAM 00000A
aveSensor@measurements         cstackCOMRAM 000007
aveSensor@result               cstackCOMRAM 000009
aveSensor@s                    cstackCOMRAM 000006
calibrate@F6017                dataBANK0    0000B0
calibrate@a                    cstackCOMRAM 00002F
calibrate@b                    cstackCOMRAM 000030
calibrate@rangeArray           cstackCOMRAM 000020
calibrate@samples              cstackCOMRAM 00002A
calibrate@samples_1256         cstackCOMRAM 00002B
calibrate@samples_1257         cstackCOMRAM 00002C
calibrate@samples_1258         cstackCOMRAM 00002D
calibrate@samples_1259         cstackCOMRAM 00002E
calibrate@temp                 cstackCOMRAM 000031
capTouch@F6046                 dataBANK0    000060
capTouch@a                     cstackCOMRAM 000029
capTouch@message               cstackCOMRAM 00000B
capTouch@touch1                cstackCOMRAM 000027
capTouch@touch2                cstackCOMRAM 000028
classifyColors@F6062           dataBANK0    0000A6
classifyColors@a               cstackCOMRAM 00000F
classifyColors@sensorRanges    cstackCOMRAM 000005
determineDirection@rc          bssCOMRAM    00005D
displayColorDetected@sensor    cstackCOMRAM 000003
end_of_initialization          cinit        0075D0
error@F6088                    dataBANK0    0000C3
error@a                        cstackCOMRAM 000009
error@message                  cstackCOMRAM 000002
intlevel0                      text         000000
intlevel1                      text         000000
intlevel2                      text         000000
intlevel3                      text         000000
msDelay@delayInMs              cstackCOMRAM 000001
pyCal@a                        cstackCOMRAM 000014
ranges@F6083                   dataBANK0    00009C
ranges@a                       cstackCOMRAM 00001D
ranges@b                       cstackCOMRAM 00001C
ranges@rangeArray              cstackCOMRAM 000012
readAllSensors@a               cstackCOMRAM 000012
readAllSensors@tempSensorVals  cstackCOMRAM 00000D
readFromEEP@F6099              dataBANK0    000088
readFromEEP@a                  cstackCOMRAM 00000E
readFromEEP@address            cstackCOMRAM 00000D
readFromEEP@b                  cstackCOMRAM 00000F
readFromEEP@rs                 cstackCOMRAM 000003
setADCChannel@channel          cstackCOMRAM 000003
sixSecDelay@a                  cstackCOMRAM 000002
stackhi                        (abs)        0005FF
stacklo                        (abs)        000120
start                          init         000000
start_initialization           cinit        007562
trans@s                        cstackCOMRAM 000001
writeToEEP@F6092               dataBANK0    000092
writeToEEP@a                   cstackCOMRAM 00000E
writeToEEP@address             cstackCOMRAM 00000D
writeToEEP@b                   cstackCOMRAM 00000F
writeToEEP@rs                  cstackCOMRAM 000003


FUNCTION INFORMATION:

 *************** function _main *****************
 Defined at:
		line 96 in file "sanic.c"
 Parameters:    Size  Location     Type
		None
 Auto vars:     Size  Location     Type
		None
 Return value:  Size  Location     Type
                  1    wreg      void 
 Registers used:
		wreg, fsr0l, fsr0h, fsr1l, fsr1h, fsr2l, fsr2h, status,2, status,0, prodl, prodh, cstack
 Tracked objects:
		On entry : 
		On exit  : 
		Unchanged: 
 Data sizes:     COMRAM   BANK0   BANK1   BANK2   BANK3   BANK4   BANK5
      Params:         0       0       0       0       0       0       0
      Locals:         0       0       0       0       0       0       0
      Temps:          0       0       0       0       0       0       0
      Totals:         0       0       0       0       0       0       0
Total ram usage:        0 bytes
 Hardware stack levels required when called:    5
 This function calls:
		_RCE
		_init
 This function is called by:
		Startup code after reset
 This function uses a non-reentrant model


 *************** function _init *****************
 Defined at:
		line 125 in file "sanic.c"
 Parameters:    Size  Location     Type
		None
 Auto vars:     Size  Location     Type
		None
 Return value:  Size  Location     Type
                  1    wreg      void 
 Registers used:
		wreg, fsr1l, fsr1h, fsr2l, fsr2h, status,2, status,0, prodl, prodh, cstack
 Tracked objects:
		On entry : 
		On exit  : 
		Unchanged: 
 Data sizes:     COMRAM   BANK0   BANK1   BANK2   BANK3   BANK4   BANK5
      Params:         0       0       0       0       0       0       0
      Locals:         0       0       0       0       0       0       0
      Temps:          0       0       0       0       0       0       0
      Totals:         0       0       0       0       0       0       0
Total ram usage:        0 bytes
 Hardware stack levels used:    1
 Hardware stack levels required when called:    2
 This function calls:
		_clearPorts
		_readFromEEP
		_setupADC
		_setupOSC
		_setupSerial
 This function is called by:
		_main
 This function uses a non-reentrant model


 *************** function _setupSerial *****************
 Defined at:
		line 97 in file "./functions.c"
 Parameters:    Size  Location     Type
		None
 Auto vars:     Size  Location     Type
		None
 Return value:  Size  Location     Type
                  1    wreg      void 
 Registers used:
		wreg, status,2
 Tracked objects:
		On entry : 
		On exit  : 
		Unchanged: 
 Data sizes:     COMRAM   BANK0   BANK1   BANK2   BANK3   BANK4   BANK5
      Params:         0       0       0       0       0       0       0
      Locals:         0       0       0       0       0       0       0
      Temps:          0       0       0       0       0       0       0
      Totals:         0       0       0       0       0       0       0
Total ram usage:        0 bytes
 Hardware stack levels used:    1
 This function calls:
		Nothing
 This function is called by:
		_init
 This function uses a non-reentrant model


 *************** function _setupOSC *****************
 Defined at:
		line 91 in file "./functions.c"
 Parameters:    Size  Location     Type
		None
 Auto vars:     Size  Location     Type
		None
 Return value:  Size  Location     Type
                  1    wreg      void 
 Registers used:
		wreg, status,2
 Tracked objects:
		On entry : 
		On exit  : 
		Unchanged: 
 Data sizes:     COMRAM   BANK0   BANK1   BANK2   BANK3   BANK4   BANK5
      Params:         0       0       0       0       0       0       0
      Locals:         0       0       0       0       0       0       0
      Temps:          0       0       0       0       0       0       0
      Totals:         0       0       0       0       0       0       0
Total ram usage:        0 bytes
 Hardware stack levels used:    1
 This function calls:
		Nothing
 This function is called by:
		_init
 This function uses a non-reentrant model


 *************** function _readFromEEP *****************
 Defined at:
		line 920 in file "./functions.c"
 Parameters:    Size  Location     Type
		None
 Auto vars:     Size  Location     Type
  b               1   14[COMRAM] unsigned char 
  a               1   13[COMRAM] unsigned char 
  rs             10    2[COMRAM] PTR unsigned char [5]
		 -> RRranges(5), Rranges(5), Mranges(5), Lranges(5), 
		 -> LLranges(5), 
  address         1   12[COMRAM] unsigned char 
 Return value:  Size  Location     Type
                  1    wreg      void 
 Registers used:
		wreg, fsr1l, fsr1h, fsr2l, fsr2h, status,2, status,0, prodl, prodh, cstack
 Tracked objects:
		On entry : 
		On exit  : 
		Unchanged: 
 Data sizes:     COMRAM   BANK0   BANK1   BANK2   BANK3   BANK4   BANK5
      Params:         0       0       0       0       0       0       0
      Locals:        13       0       0       0       0       0       0
      Temps:          2       0       0       0       0       0       0
      Totals:        15       0       0       0       0       0       0
Total ram usage:       15 bytes
 Hardware stack levels used:    1
 Hardware stack levels required when called:    1
 This function calls:
		_EE_READ
 This function is called by:
		_init
 This function uses a non-reentrant model


 *************** function _EE_READ *****************
 Defined at:
		line 934 in file "./functions.c"
 Parameters:    Size  Location     Type
		None
 Auto vars:     Size  Location     Type
		None
 Return value:  Size  Location     Type
                  1    wreg      unsigned char 
 Registers used:
		wreg, status,2
 Tracked objects:
		On entry : 
		On exit  : 
		Unchanged: 
 Data sizes:     COMRAM   BANK0   BANK1   BANK2   BANK3   BANK4   BANK5
      Params:         0       0       0       0       0       0       0
      Locals:         0       0       0       0       0       0       0
      Temps:          0       0       0       0       0       0       0
      Totals:         0       0       0       0       0       0       0
Total ram usage:        0 bytes
 Hardware stack levels used:    1
 This function calls:
		Nothing
 This function is called by:
		_readFromEEP
 This function uses a non-reentrant model


 *************** function _clearPorts *****************
 Defined at:
		line 60 in file "./functions.c"
 Parameters:    Size  Location     Type
		None
 Auto vars:     Size  Location     Type
		None
 Return value:  Size  Location     Type
                  1    wreg      void 
 Registers used:
		wreg, status,2
 Tracked objects:
		On entry : 
		On exit  : 
		Unchanged: 
 Data sizes:     COMRAM   BANK0   BANK1   BANK2   BANK3   BANK4   BANK5
      Params:         0       0       0       0       0       0       0
      Locals:         0       0       0       0       0       0       0
      Temps:          0       0       0       0       0       0       0
      Totals:         0       0       0       0       0       0       0
Total ram usage:        0 bytes
 Hardware stack levels used:    1
 This function calls:
		Nothing
 This function is called by:
		_init
 This function uses a non-reentrant model


 *************** function _RCE *****************
 Defined at:
		line 134 in file "sanic.c"
 Parameters:    Size  Location     Type
		None
 Auto vars:     Size  Location     Type
  a               1   78[COMRAM] unsigned char 
  a               1   77[COMRAM] unsigned char 
  message        14   59[COMRAM] unsigned char [14]
  commandRecei    3   73[COMRAM] unsigned char [3]
  nCharsReceiv    1   76[COMRAM] unsigned char 
 Return value:  Size  Location     Type
                  1    wreg      void 
 Registers used:
		wreg, fsr0l, fsr0h, fsr1l, fsr1h, fsr2l, fsr2h, status,2, status,0, prodl, prodh, cstack
 Tracked objects:
		On entry : 
		On exit  : 
		Unchanged: 
 Data sizes:     COMRAM   BANK0   BANK1   BANK2   BANK3   BANK4   BANK5
      Params:         0       0       0       0       0       0       0
      Locals:        20       0       0       0       0       0       0
      Temps:          2       0       0       0       0       0       0
      Totals:        22       0       0       0       0       0       0
Total ram usage:       22 bytes
 Hardware stack levels used:    1
 Hardware stack levels required when called:    4
 This function calls:
		_PRC
		_calibrate
		_capTouch
		_error
		_navigate
		_pyCal
		_trans
 This function is called by:
		_main
 This function uses a non-reentrant model


 *************** function _pyCal *****************
 Defined at:
		line 398 in file "./functions.c"
 Parameters:    Size  Location     Type
		None
 Auto vars:     Size  Location     Type
  a               1   19[COMRAM] unsigned char 
  done            1    0        unsigned char 
 Return value:  Size  Location     Type
                  1    wreg      void 
 Registers used:
		wreg, fsr1l, fsr1h, fsr2l, fsr2h, status,2, status,0, prodl, prodh, cstack
 Tracked objects:
		On entry : 
		On exit  : 
		Unchanged: 
 Data sizes:     COMRAM   BANK0   BANK1   BANK2   BANK3   BANK4   BANK5
      Params:         0       0       0       0       0       0       0
      Locals:         2       0       0       0       0       0       0
      Temps:          0       0       0       0       0       0       0
      Totals:         2       0       0       0       0       0       0
Total ram usage:        2 bytes
 Hardware stack levels used:    1
 Hardware stack levels required when called:    3
 This function calls:
		_msDelay
		_readAllSensors
		_setupADC
		_trans
 This function is called by:
		_RCE
 This function uses a non-reentrant model


 *************** function _navigate *****************
 Defined at:
		line 424 in file "./functions.c"
 Parameters:    Size  Location     Type
		None
 Auto vars:     Size  Location     Type
		None
 Return value:  Size  Location     Type
                  1    wreg      void 
 Registers used:
		wreg, fsr1l, fsr1h, fsr2l, fsr2h, status,2, status,0, prodl, prodh, cstack
 Tracked objects:
		On entry : 
		On exit  : 
		Unchanged: 
 Data sizes:     COMRAM   BANK0   BANK1   BANK2   BANK3   BANK4   BANK5
      Params:         0       0       0       0       0       0       0
      Locals:         0       0       0       0       0       0       0
      Temps:          0       0       0       0       0       0       0
      Totals:         0       0       0       0       0       0       0
Total ram usage:        0 bytes
 Hardware stack levels used:    1
 Hardware stack levels required when called:    3
 This function calls:
		_classifyColors
		_determineDirection
		_displayColorDetected
		_displayRaceColor
		_msDelay
		_readAllSensors
		_setupADC
		_setupPWMLeft
		_setupPWMRight
		_stopMotors
		_testBlack
 This function is called by:
		_RCE
 This function uses a non-reentrant model


 *************** function _testBlack *****************
 Defined at:
		line 631 in file "./functions.c"
 Parameters:    Size  Location     Type
		None
 Auto vars:     Size  Location     Type
		None
 Return value:  Size  Location     Type
                  1    wreg      unsigned char 
 Registers used:
		wreg, status,2, status,0
 Tracked objects:
		On entry : 
		On exit  : 
		Unchanged: 
 Data sizes:     COMRAM   BANK0   BANK1   BANK2   BANK3   BANK4   BANK5
      Params:         0       0       0       0       0       0       0
      Locals:         0       0       0       0       0       0       0
      Temps:          0       0       0       0       0       0       0
      Totals:         0       0       0       0       0       0       0
Total ram usage:        0 bytes
 Hardware stack levels used:    1
 This function calls:
		Nothing
 This function is called by:
		_navigate
 This function uses a non-reentrant model


 *************** function _stopMotors *****************
 Defined at:
		line 727 in file "./functions.c"
 Parameters:    Size  Location     Type
		None
 Auto vars:     Size  Location     Type
		None
 Return value:  Size  Location     Type
                  1    wreg      void 
 Registers used:
		wreg, status,2
 Tracked objects:
		On entry : 
		On exit  : 
		Unchanged: 
 Data sizes:     COMRAM   BANK0   BANK1   BANK2   BANK3   BANK4   BANK5
      Params:         0       0       0       0       0       0       0
      Locals:         0       0       0       0       0       0       0
      Temps:          0       0       0       0       0       0       0
      Totals:         0       0       0       0       0       0       0
Total ram usage:        0 bytes
 Hardware stack levels used:    1
 This function calls:
		Nothing
 This function is called by:
		_navigate
 This function uses a non-reentrant model


 *************** function _setupPWMRight *****************
 Defined at:
		line 41 in file "./functions.c"
 Parameters:    Size  Location     Type
		None
 Auto vars:     Size  Location     Type
		None
 Return value:  Size  Location     Type
                  1    wreg      void 
 Registers used:
		wreg, status,2
 Tracked objects:
		On entry : 
		On exit  : 
		Unchanged: 
 Data sizes:     COMRAM   BANK0   BANK1   BANK2   BANK3   BANK4   BANK5
      Params:         0       0       0       0       0       0       0
      Locals:         0       0       0       0       0       0       0
      Temps:          0       0       0       0       0       0       0
      Totals:         0       0       0       0       0       0       0
Total ram usage:        0 bytes
 Hardware stack levels used:    1
 This function calls:
		Nothing
 This function is called by:
		_navigate
 This function uses a non-reentrant model


 *************** function _setupPWMLeft *****************
 Defined at:
		line 24 in file "./functions.c"
 Parameters:    Size  Location     Type
		None
 Auto vars:     Size  Location     Type
		None
 Return value:  Size  Location     Type
                  1    wreg      void 
 Registers used:
		wreg, status,2
 Tracked objects:
		On entry : 
		On exit  : 
		Unchanged: 
 Data sizes:     COMRAM   BANK0   BANK1   BANK2   BANK3   BANK4   BANK5
      Params:         0       0       0       0       0       0       0
      Locals:         0       0       0       0       0       0       0
      Temps:          0       0       0       0       0       0       0
      Totals:         0       0       0       0       0       0       0
Total ram usage:        0 bytes
 Hardware stack levels used:    1
 This function calls:
		Nothing
 This function is called by:
		_navigate
 This function uses a non-reentrant model


 *************** function _setupADC *****************
 Defined at:
		line 120 in file "./functions.c"
 Parameters:    Size  Location     Type
		None
 Auto vars:     Size  Location     Type
		None
 Return value:  Size  Location     Type
                  1    wreg      void 
 Registers used:
		wreg, status,2
 Tracked objects:
		On entry : 
		On exit  : 
		Unchanged: 
 Data sizes:     COMRAM   BANK0   BANK1   BANK2   BANK3   BANK4   BANK5
      Params:         0       0       0       0       0       0       0
      Locals:         0       0       0       0       0       0       0
      Temps:          0       0       0       0       0       0       0
      Totals:         0       0       0       0       0       0       0
Total ram usage:        0 bytes
 Hardware stack levels used:    1
 This function calls:
		Nothing
 This function is called by:
		_pyCal
		_navigate
		_init
 This function uses a non-reentrant model


 *************** function _readAllSensors *****************
 Defined at:
		line 759 in file "./functions.c"
 Parameters:    Size  Location     Type
		None
 Auto vars:     Size  Location     Type
  tempSensorVa    5   12[COMRAM] unsigned char [5]
  a               1   17[COMRAM] unsigned char 
 Return value:  Size  Location     Type
                  1    wreg      void 
 Registers used:
		wreg, fsr1l, fsr1h, fsr2l, fsr2h, status,2, status,0, cstack
 Tracked objects:
		On entry : 
		On exit  : 
		Unchanged: 
 Data sizes:     COMRAM   BANK0   BANK1   BANK2   BANK3   BANK4   BANK5
      Params:         0       0       0       0       0       0       0
      Locals:         6       0       0       0       0       0       0
      Temps:          2       0       0       0       0       0       0
      Totals:         8       0       0       0       0       0       0
Total ram usage:        8 bytes
 Hardware stack levels used:    1
 Hardware stack levels required when called:    2
 This function calls:
		_abs
		_aveSensor
 This function is called by:
		_pyCal
		_navigate
 This function uses a non-reentrant model


 *************** function _displayRaceColor *****************
 Defined at:
		line 739 in file "./functions.c"
 Parameters:    Size  Location     Type
		None
 Auto vars:     Size  Location     Type
		None
 Return value:  Size  Location     Type
                  1    wreg      void 
 Registers used:
		wreg, status,2
 Tracked objects:
		On entry : 
		On exit  : 
		Unchanged: 
 Data sizes:     COMRAM   BANK0   BANK1   BANK2   BANK3   BANK4   BANK5
      Params:         0       0       0       0       0       0       0
      Locals:         0       0       0       0       0       0       0
      Temps:          0       0       0       0       0       0       0
      Totals:         0       0       0       0       0       0       0
Total ram usage:        0 bytes
 Hardware stack levels used:    1
 This function calls:
		Nothing
 This function is called by:
		_navigate
 This function uses a non-reentrant model


 *************** function _displayColorDetected *****************
 Defined at:
		line 674 in file "./functions.c"
 Parameters:    Size  Location     Type
  sensor          1    wreg     unsigned char 
 Auto vars:     Size  Location     Type
  sensor          1    2[COMRAM] unsigned char 
 Return value:  Size  Location     Type
                  1    wreg      void 
 Registers used:
		wreg, fsr2l, fsr2h, status,2, status,0
 Tracked objects:
		On entry : 
		On exit  : 
		Unchanged: 
 Data sizes:     COMRAM   BANK0   BANK1   BANK2   BANK3   BANK4   BANK5
      Params:         0       0       0       0       0       0       0
      Locals:         1       0       0       0       0       0       0
      Temps:          2       0       0       0       0       0       0
      Totals:         3       0       0       0       0       0       0
Total ram usage:        3 bytes
 Hardware stack levels used:    1
 This function calls:
		Nothing
 This function is called by:
		_navigate
 This function uses a non-reentrant model


 *************** function _determineDirection *****************
 Defined at:
		line 575 in file "./functions.c"
 Parameters:    Size  Location     Type
		None
 Auto vars:     Size  Location     Type
		None
 Return value:  Size  Location     Type
                  1    wreg      void 
 Registers used:
		wreg, status,2, cstack
 Tracked objects:
		On entry : 
		On exit  : 
		Unchanged: 
 Data sizes:     COMRAM   BANK0   BANK1   BANK2   BANK3   BANK4   BANK5
      Params:         0       0       0       0       0       0       0
      Locals:         0       0       0       0       0       0       0
      Temps:          0       0       0       0       0       0       0
      Totals:         0       0       0       0       0       0       0
Total ram usage:        0 bytes
 Hardware stack levels used:    1
 Hardware stack levels required when called:    2
 This function calls:
		_hardLeft
		_hardRight
		_left
		_right
		_searchMode
		_straight
 This function is called by:
		_navigate
 This function uses a non-reentrant model


 *************** function _straight *****************
 Defined at:
		line 496 in file "./functions.c"
 Parameters:    Size  Location     Type
		None
 Auto vars:     Size  Location     Type
		None
 Return value:  Size  Location     Type
                  1    wreg      void 
 Registers used:
		wreg, status,2
 Tracked objects:
		On entry : 
		On exit  : 
		Unchanged: 
 Data sizes:     COMRAM   BANK0   BANK1   BANK2   BANK3   BANK4   BANK5
      Params:         0       0       0       0       0       0       0
      Locals:         0       0       0       0       0       0       0
      Temps:          0       0       0       0       0       0       0
      Totals:         0       0       0       0       0       0       0
Total ram usage:        0 bytes
 Hardware stack levels used:    1
 This function calls:
		Nothing
 This function is called by:
		_determineDirection
 This function uses a non-reentrant model


 *************** function _searchMode *****************
 Defined at:
		line 481 in file "./functions.c"
 Parameters:    Size  Location     Type
		None
 Auto vars:     Size  Location     Type
		None
 Return value:  Size  Location     Type
                  1    wreg      void 
 Registers used:
		wreg, status,2, cstack
 Tracked objects:
		On entry : 
		On exit  : 
		Unchanged: 
 Data sizes:     COMRAM   BANK0   BANK1   BANK2   BANK3   BANK4   BANK5
      Params:         0       0       0       0       0       0       0
      Locals:         0       0       0       0       0       0       0
      Temps:          0       0       0       0       0       0       0
      Totals:         0       0       0       0       0       0       0
Total ram usage:        0 bytes
 Hardware stack levels used:    1
 Hardware stack levels required when called:    1
 This function calls:
		_right
 This function is called by:
		_determineDirection
 This function uses a non-reentrant model


 *************** function _right *****************
 Defined at:
		line 543 in file "./functions.c"
 Parameters:    Size  Location     Type
		None
 Auto vars:     Size  Location     Type
		None
 Return value:  Size  Location     Type
                  1    wreg      void 
 Registers used:
		wreg, status,2
 Tracked objects:
		On entry : 
		On exit  : 
		Unchanged: 
 Data sizes:     COMRAM   BANK0   BANK1   BANK2   BANK3   BANK4   BANK5
      Params:         0       0       0       0       0       0       0
      Locals:         0       0       0       0       0       0       0
      Temps:          0       0       0       0       0       0       0
      Totals:         0       0       0       0       0       0       0
Total ram usage:        0 bytes
 Hardware stack levels used:    1
 This function calls:
		Nothing
 This function is called by:
		_searchMode
		_determineDirection
 This function uses a non-reentrant model


 *************** function _left *****************
 Defined at:
		line 511 in file "./functions.c"
 Parameters:    Size  Location     Type
		None
 Auto vars:     Size  Location     Type
		None
 Return value:  Size  Location     Type
                  1    wreg      void 
 Registers used:
		wreg, status,2
 Tracked objects:
		On entry : 
		On exit  : 
		Unchanged: 
 Data sizes:     COMRAM   BANK0   BANK1   BANK2   BANK3   BANK4   BANK5
      Params:         0       0       0       0       0       0       0
      Locals:         0       0       0       0       0       0       0
      Temps:          0       0       0       0       0       0       0
      Totals:         0       0       0       0       0       0       0
Total ram usage:        0 bytes
 Hardware stack levels used:    1
 This function calls:
		Nothing
 This function is called by:
		_determineDirection
 This function uses a non-reentrant model


 *************** function _hardRight *****************
 Defined at:
		line 559 in file "./functions.c"
 Parameters:    Size  Location     Type
		None
 Auto vars:     Size  Location     Type
		None
 Return value:  Size  Location     Type
                  1    wreg      void 
 Registers used:
		wreg, status,2
 Tracked objects:
		On entry : 
		On exit  : 
		Unchanged: 
 Data sizes:     COMRAM   BANK0   BANK1   BANK2   BANK3   BANK4   BANK5
      Params:         0       0       0       0       0       0       0
      Locals:         0       0       0       0       0       0       0
      Temps:          0       0       0       0       0       0       0
      Totals:         0       0       0       0       0       0       0
Total ram usage:        0 bytes
 Hardware stack levels used:    1
 This function calls:
		Nothing
 This function is called by:
		_determineDirection
 This function uses a non-reentrant model


 *************** function _hardLeft *****************
 Defined at:
		line 527 in file "./functions.c"
 Parameters:    Size  Location     Type
		None
 Auto vars:     Size  Location     Type
		None
 Return value:  Size  Location     Type
                  1    wreg      void 
 Registers used:
		wreg, status,2
 Tracked objects:
		On entry : 
		On exit  : 
		Unchanged: 
 Data sizes:     COMRAM   BANK0   BANK1   BANK2   BANK3   BANK4   BANK5
      Params:         0       0       0       0       0       0       0
      Locals:         0       0       0       0       0       0       0
      Temps:          0       0       0       0       0       0       0
      Totals:         0       0       0       0       0       0       0
Total ram usage:        0 bytes
 Hardware stack levels used:    1
 This function calls:
		Nothing
 This function is called by:
		_determineDirection
 This function uses a non-reentrant model


 *************** function _classifyColors *****************
 Defined at:
		line 652 in file "./functions.c"
 Parameters:    Size  Location     Type
		None
 Auto vars:     Size  Location     Type
  a               1   14[COMRAM] unsigned char 
  sensorRanges   10    4[COMRAM] PTR unsigned char [5]
		 -> RRranges(5), Rranges(5), Mranges(5), Lranges(5), 
		 -> LLranges(5), 
 Return value:  Size  Location     Type
                  1    wreg      void 
 Registers used:
		wreg, fsr1l, fsr1h, fsr2l, fsr2h, status,2, status,0, prodl, prodh
 Tracked objects:
		On entry : 
		On exit  : 
		Unchanged: 
 Data sizes:     COMRAM   BANK0   BANK1   BANK2   BANK3   BANK4   BANK5
      Params:         0       0       0       0       0       0       0
      Locals:        11       0       0       0       0       0       0
      Temps:          4       0       0       0       0       0       0
      Totals:        15       0       0       0       0       0       0
Total ram usage:       15 bytes
 Hardware stack levels used:    1
 This function calls:
		Nothing
 This function is called by:
		_navigate
 This function uses a non-reentrant model


 *************** function _capTouch *****************
 Defined at:
		line 452 in file "./functions.c"
 Parameters:    Size  Location     Type
		None
 Auto vars:     Size  Location     Type
  a               1   40[COMRAM] unsigned char 
  message        26   10[COMRAM] unsigned char [26]
  change          2    0        int 
  touch2          1   39[COMRAM] unsigned char 
  touch1          1   38[COMRAM] unsigned char 
 Return value:  Size  Location     Type
                  1    wreg      void 
 Registers used:
		wreg, fsr1l, fsr1h, fsr2l, fsr2h, status,2, status,0, prodl, prodh, cstack
 Tracked objects:
		On entry : 
		On exit  : 
		Unchanged: 
 Data sizes:     COMRAM   BANK0   BANK1   BANK2   BANK3   BANK4   BANK5
      Params:         0       0       0       0       0       0       0
      Locals:        31       0       0       0       0       0       0
      Temps:          0       0       0       0       0       0       0
      Totals:        31       0       0       0       0       0       0
Total ram usage:       31 bytes
 Hardware stack levels used:    1
 Hardware stack levels required when called:    2
 This function calls:
		_abs
		_aveSensor
		_msDelay
		_trans
 This function is called by:
		_RCE
 This function uses a non-reentrant model


 *************** function _abs *****************
 Defined at:
		line 1 in file "C:\Program Files (x86)\Microchip\xc8\v2.05\pic\sources\c99\common\abs.c"
 Parameters:    Size  Location     Type
  a               2    0[COMRAM] int 
 Auto vars:     Size  Location     Type
		None
 Return value:  Size  Location     Type
                  2    0[COMRAM] int 
 Registers used:
		wreg, status,2, status,0
 Tracked objects:
		On entry : 
		On exit  : 
		Unchanged: 
 Data sizes:     COMRAM   BANK0   BANK1   BANK2   BANK3   BANK4   BANK5
      Params:         2       0       0       0       0       0       0
      Locals:         0       0       0       0       0       0       0
      Temps:          2       0       0       0       0       0       0
      Totals:         4       0       0       0       0       0       0
Total ram usage:        4 bytes
 Hardware stack levels used:    1
 This function calls:
		Nothing
 This function is called by:
		_capTouch
		_readAllSensors
 This function uses a non-reentrant model


 *************** function _calibrate *****************
 Defined at:
		line 138 in file "./functions.c"
 Parameters:    Size  Location     Type
		None
 Auto vars:     Size  Location     Type
  b               1   47[COMRAM] unsigned char 
  samples         1   45[COMRAM] unsigned char 
  samples         1   44[COMRAM] unsigned char 
  samples         1   43[COMRAM] unsigned char 
  samples         1   42[COMRAM] unsigned char 
  samples         1   41[COMRAM] unsigned char 
  a               1   46[COMRAM] unsigned char 
  rangeArray     10   31[COMRAM] PTR unsigned char [5]
		 -> RRranges(5), Rranges(5), Mranges(5), Lranges(5), 
		 -> LLranges(5), 
  temp            1   48[COMRAM] unsigned char 
 Return value:  Size  Location     Type
                  1    wreg      void 
 Registers used:
		wreg, fsr0l, fsr0h, fsr1l, fsr1h, fsr2l, fsr2h, status,2, status,0, prodl, prodh, cstack
 Tracked objects:
		On entry : 
		On exit  : 
		Unchanged: 
 Data sizes:     COMRAM   BANK0   BANK1   BANK2   BANK3   BANK4   BANK5
      Params:         0       0       0       0       0       0       0
      Locals:        18       0       0       0       0       0       0
      Temps:          2       0       0       0       0       0       0
      Totals:        20       0       0       0       0       0       0
Total ram usage:       20 bytes
 Hardware stack levels used:    1
 Hardware stack levels required when called:    3
 This function calls:
		_aveSensor
		_ranges
		_sixSecDelay
 This function is called by:
		_RCE
 This function uses a non-reentrant model


 *************** function _sixSecDelay *****************
 Defined at:
		line 945 in file "./functions.c"
 Parameters:    Size  Location     Type
		None
 Auto vars:     Size  Location     Type
  a               1    1[COMRAM] unsigned char 
 Return value:  Size  Location     Type
                  1    wreg      void 
 Registers used:
		wreg, status,2, status,0, prodl, prodh, cstack
 Tracked objects:
		On entry : 
		On exit  : 
		Unchanged: 
 Data sizes:     COMRAM   BANK0   BANK1   BANK2   BANK3   BANK4   BANK5
      Params:         0       0       0       0       0       0       0
      Locals:         1       0       0       0       0       0       0
      Temps:          0       0       0       0       0       0       0
      Totals:         1       0       0       0       0       0       0
Total ram usage:        1 bytes
 Hardware stack levels used:    1
 Hardware stack levels required when called:    1
 This function calls:
		_msDelay
 This function is called by:
		_calibrate
 This function uses a non-reentrant model


 *************** function _msDelay *****************
 Defined at:
		line 955 in file "./functions.c"
 Parameters:    Size  Location     Type
  delayInMs       1    wreg     unsigned char 
 Auto vars:     Size  Location     Type
  delayInMs       1    0[COMRAM] unsigned char 
 Return value:  Size  Location     Type
                  1    wreg      void 
 Registers used:
		wreg, status,2, status,0, prodl, prodh
 Tracked objects:
		On entry : 
		On exit  : 
		Unchanged: 
 Data sizes:     COMRAM   BANK0   BANK1   BANK2   BANK3   BANK4   BANK5
      Params:         0       0       0       0       0       0       0
      Locals:         1       0       0       0       0       0       0
      Temps:          0       0       0       0       0       0       0
      Totals:         1       0       0       0       0       0       0
Total ram usage:        1 bytes
 Hardware stack levels used:    1
 This function calls:
		Nothing
 This function is called by:
		_pyCal
		_navigate
		_capTouch
		_sixSecDelay
 This function uses a non-reentrant model


 *************** function _ranges *****************
 Defined at:
		line 859 in file "./functions.c"
 Parameters:    Size  Location     Type
		None
 Auto vars:     Size  Location     Type
  b               1   27[COMRAM] unsigned char 
  a               1   28[COMRAM] unsigned char 
  rangeArray     10   17[COMRAM] PTR unsigned char [5]
		 -> RRranges(5), Rranges(5), Mranges(5), Lranges(5), 
		 -> LLranges(5), 
 Return value:  Size  Location     Type
                  1    wreg      void 
 Registers used:
		wreg, fsr0l, fsr0h, fsr1l, fsr1h, fsr2l, fsr2h, status,2, status,0, prodl, prodh, cstack
 Tracked objects:
		On entry : 
		On exit  : 
		Unchanged: 
 Data sizes:     COMRAM   BANK0   BANK1   BANK2   BANK3   BANK4   BANK5
      Params:         0       0       0       0       0       0       0
      Locals:        12       0       0       0       0       0       0
      Temps:          2       0       0       0       0       0       0
      Totals:        14       0       0       0       0       0       0
Total ram usage:       14 bytes
 Hardware stack levels used:    1
 Hardware stack levels required when called:    2
 This function calls:
		___awdiv
		_trans
		_writeToEEP
 This function is called by:
		_calibrate
 This function uses a non-reentrant model


 *************** function _writeToEEP *****************
 Defined at:
		line 893 in file "./functions.c"
 Parameters:    Size  Location     Type
		None
 Auto vars:     Size  Location     Type
  b               1   14[COMRAM] unsigned char 
  a               1   13[COMRAM] unsigned char 
  rs             10    2[COMRAM] PTR unsigned char [5]
		 -> RRranges(5), Rranges(5), Mranges(5), Lranges(5), 
		 -> LLranges(5), 
  address         1   12[COMRAM] unsigned char 
 Return value:  Size  Location     Type
                  1    wreg      void 
 Registers used:
		wreg, fsr1l, fsr1h, fsr2l, fsr2h, status,2, status,0, prodl, prodh, cstack
 Tracked objects:
		On entry : 
		On exit  : 
		Unchanged: 
 Data sizes:     COMRAM   BANK0   BANK1   BANK2   BANK3   BANK4   BANK5
      Params:         0       0       0       0       0       0       0
      Locals:        13       0       0       0       0       0       0
      Temps:          2       0       0       0       0       0       0
      Totals:        15       0       0       0       0       0       0
Total ram usage:       15 bytes
 Hardware stack levels used:    1
 Hardware stack levels required when called:    1
 This function calls:
		_EE_WRT
 This function is called by:
		_ranges
 This function uses a non-reentrant model


 *************** function _EE_WRT *****************
 Defined at:
		line 907 in file "./functions.c"
 Parameters:    Size  Location     Type
		None
 Auto vars:     Size  Location     Type
		None
 Return value:  Size  Location     Type
                  1    wreg      void 
 Registers used:
		wreg, status,2
 Tracked objects:
		On entry : 
		On exit  : 
		Unchanged: 
 Data sizes:     COMRAM   BANK0   BANK1   BANK2   BANK3   BANK4   BANK5
      Params:         0       0       0       0       0       0       0
      Locals:         0       0       0       0       0       0       0
      Temps:          0       0       0       0       0       0       0
      Totals:         0       0       0       0       0       0       0
Total ram usage:        0 bytes
 Hardware stack levels used:    1
 This function calls:
		Nothing
 This function is called by:
		_writeToEEP
 This function uses a non-reentrant model


 *************** function ___awdiv *****************
 Defined at:
		line 7 in file "C:\Program Files (x86)\Microchip\xc8\v2.05\pic\sources\c99\common\awdiv.c"
 Parameters:    Size  Location     Type
  dividend        2    0[COMRAM] int 
  divisor         2    2[COMRAM] int 
 Auto vars:     Size  Location     Type
  quotient        2    6[COMRAM] int 
  sign            1    5[COMRAM] unsigned char 
  counter         1    4[COMRAM] unsigned char 
 Return value:  Size  Location     Type
                  2    0[COMRAM] int 
 Registers used:
		wreg, status,2, status,0
 Tracked objects:
		On entry : 
		On exit  : 
		Unchanged: 
 Data sizes:     COMRAM   BANK0   BANK1   BANK2   BANK3   BANK4   BANK5
      Params:         4       0       0       0       0       0       0
      Locals:         4       0       0       0       0       0       0
      Temps:          0       0       0       0       0       0       0
      Totals:         8       0       0       0       0       0       0
Total ram usage:        8 bytes
 Hardware stack levels used:    1
 This function calls:
		Nothing
 This function is called by:
		_ranges
 This function uses a non-reentrant model


 *************** function _aveSensor *****************
 Defined at:
		line 844 in file "./functions.c"
 Parameters:    Size  Location     Type
  s               1    wreg     unsigned char 
 Auto vars:     Size  Location     Type
  s               1    5[COMRAM] unsigned char 
  a               1    9[COMRAM] unsigned char 
  measurements    2    6[COMRAM] unsigned int 
  result          1    8[COMRAM] unsigned char 
 Return value:  Size  Location     Type
                  1    wreg      unsigned char 
 Registers used:
		wreg, status,2, status,0, cstack
 Tracked objects:
		On entry : 
		On exit  : 
		Unchanged: 
 Data sizes:     COMRAM   BANK0   BANK1   BANK2   BANK3   BANK4   BANK5
      Params:         0       0       0       0       0       0       0
      Locals:         5       0       0       0       0       0       0
      Temps:          2       0       0       0       0       0       0
      Totals:         7       0       0       0       0       0       0
Total ram usage:        7 bytes
 Hardware stack levels used:    1
 Hardware stack levels required when called:    1
 This function calls:
		_readADC
		_setADCChannel
 This function is called by:
		_calibrate
		_capTouch
		_readAllSensors
 This function uses a non-reentrant model


 *************** function _setADCChannel *****************
 Defined at:
		line 793 in file "./functions.c"
 Parameters:    Size  Location     Type
  channel         1    wreg     unsigned char 
 Auto vars:     Size  Location     Type
  channel         1    2[COMRAM] unsigned char 
 Return value:  Size  Location     Type
                  1    wreg      void 
 Registers used:
		wreg, status,2, status,0
 Tracked objects:
		On entry : 
		On exit  : 
		Unchanged: 
 Data sizes:     COMRAM   BANK0   BANK1   BANK2   BANK3   BANK4   BANK5
      Params:         0       0       0       0       0       0       0
      Locals:         1       0       0       0       0       0       0
      Temps:          2       0       0       0       0       0       0
      Totals:         3       0       0       0       0       0       0
Total ram usage:        3 bytes
 Hardware stack levels used:    1
 This function calls:
		Nothing
 This function is called by:
		_aveSensor
 This function uses a non-reentrant model


 *************** function _readADC *****************
 Defined at:
		line 834 in file "./functions.c"
 Parameters:    Size  Location     Type
		None
 Auto vars:     Size  Location     Type
		None
 Return value:  Size  Location     Type
                  1    wreg      unsigned char 
 Registers used:
		wreg, status,2
 Tracked objects:
		On entry : 
		On exit  : 
		Unchanged: 
 Data sizes:     COMRAM   BANK0   BANK1   BANK2   BANK3   BANK4   BANK5
      Params:         0       0       0       0       0       0       0
      Locals:         0       0       0       0       0       0       0
      Temps:          0       0       0       0       0       0       0
      Totals:         0       0       0       0       0       0       0
Total ram usage:        0 bytes
 Hardware stack levels used:    1
 This function calls:
		Nothing
 This function is called by:
		_aveSensor
 This function uses a non-reentrant model


 *************** function _PRC *****************
 Defined at:
		line 319 in file "./functions.c"
 Parameters:    Size  Location     Type
		None
 Auto vars:     Size  Location     Type
  a               1   56[COMRAM] unsigned char 
  a               1   55[COMRAM] unsigned char 
  a               1   54[COMRAM] unsigned char 
  a               1   53[COMRAM] unsigned char 
  a               1   52[COMRAM] unsigned char 
  a               1   51[COMRAM] unsigned char 
  a               1   50[COMRAM] unsigned char 
  a               1   49[COMRAM] unsigned char 
  a               1   48[COMRAM] unsigned char 
  message        32   11[COMRAM] unsigned char [32]
  message2        5   43[COMRAM] unsigned char [5]
 Return value:  Size  Location     Type
                  1    wreg      void 
 Registers used:
		wreg, fsr1l, fsr1h, fsr2l, fsr2h, status,2, status,0, cstack
 Tracked objects:
		On entry : 
		On exit  : 
		Unchanged: 
 Data sizes:     COMRAM   BANK0   BANK1   BANK2   BANK3   BANK4   BANK5
      Params:         0       0       0       0       0       0       0
      Locals:        46       0       0       0       0       0       0
      Temps:          2       0       0       0       0       0       0
      Totals:        48       0       0       0       0       0       0
Total ram usage:       48 bytes
 Hardware stack levels used:    1
 Hardware stack levels required when called:    2
 This function calls:
		_error
		_trans
 This function is called by:
		_RCE
 This function uses a non-reentrant model


 *************** function _error *****************
 Defined at:
		line 881 in file "./functions.c"
 Parameters:    Size  Location     Type
		None
 Auto vars:     Size  Location     Type
  a               1    8[COMRAM] unsigned char 
  message         7    1[COMRAM] unsigned char [7]
 Return value:  Size  Location     Type
                  1    wreg      void 
 Registers used:
		wreg, fsr1l, fsr1h, fsr2l, fsr2h, status,2, status,0, cstack
 Tracked objects:
		On entry : 
		On exit  : 
		Unchanged: 
 Data sizes:     COMRAM   BANK0   BANK1   BANK2   BANK3   BANK4   BANK5
      Params:         0       0       0       0       0       0       0
      Locals:         8       0       0       0       0       0       0
      Temps:          0       0       0       0       0       0       0
      Totals:         8       0       0       0       0       0       0
Total ram usage:        8 bytes
 Hardware stack levels used:    1
 Hardware stack levels required when called:    1
 This function calls:
		_trans
 This function is called by:
		_PRC
		_RCE
 This function uses a non-reentrant model


 *************** function _trans *****************
 Defined at:
		line 777 in file "./functions.c"
 Parameters:    Size  Location     Type
  s               1    wreg     unsigned char 
 Auto vars:     Size  Location     Type
  s               1    0[COMRAM] unsigned char 
 Return value:  Size  Location     Type
                  1    wreg      void 
 Registers used:
		wreg
 Tracked objects:
		On entry : 
		On exit  : 
		Unchanged: 
 Data sizes:     COMRAM   BANK0   BANK1   BANK2   BANK3   BANK4   BANK5
      Params:         0       0       0       0       0       0       0
      Locals:         1       0       0       0       0       0       0
      Temps:          0       0       0       0       0       0       0
      Totals:         1       0       0       0       0       0       0
Total ram usage:        1 bytes
 Hardware stack levels used:    1
 This function calls:
		Nothing
 This function is called by:
		_PRC
		_pyCal
		_capTouch
		_ranges
		_error
		_RCE
 This function uses a non-reentrant model



MODULE INFORMATION

Module		Function		Class		Link	Load	Size
sanic.c
		_init          		CODE           	70F4	0000	29
		_main          		CODE           	7000	0000	11
		_RCE           		CODE           	7AAA	0000	263

sanic.c estimated size: 303

C:\Program Files (x86)\Microchip\xc8\v2.05\pic\sources\c99\common\awdiv.c
		___awdiv       		CODE           	765E	0000	133

C:\Program Files (x86)\Microchip\xc8\v2.05\pic\sources\c99\common\awdiv.c estimated size: 133

./functions.c
		_setADCChannel 		CODE           	75DA	0000	133
		_determineDirection		CODE           	6FDC	0000	7
		_setupOSC      		CODE           	6FF6	0000	11
		_straight      		CODE           	70BE	0000	27
		_sixSecDelay   		CODE           	7042	0000	21
		_readAllSensors		CODE           	77F4	0000	215
		_trans         		CODE           	700A	0000	13
		_setupPWMLeft  		CODE           	7172	0000	35
		_searchMode    		CODE           	7016	0000	13
		_setupPWMRight 		CODE           	7194	0000	35
		_navigate      		CODE           	7326	0000	81
		_displayRaceColor		CODE           	724E	0000	63
		_EE_READ       		CODE           	6FEC	0000	11
		_stopMotors    		CODE           	7030	0000	19
		_aveSensor     		CODE           	728C	0000	77
		_msDelay       		CODE           	7110	0000	33
		_PRC           		CODE           	7BB0	0000	405
		_clearPorts    		CODE           	73D0	0000	91
		_testBlack     		CODE           	7376	0000	91
		_error         		CODE           	7218	0000	55
		_pyCal         		CODE           	72D8	0000	79
		_calibrate     		CODE           	7D44	0000	701
		_capTouch      		CODE           	74F0	0000	115
		_left          		CODE           	708A	0000	27
		_hardLeft      		CODE           	7056	0000	27
		_displayColorDetected		CODE           	76E2	0000	137
		_EE_WRT        		CODE           	70D8	0000	29
		_setupSerial   		CODE           	71B6	0000	49
		_hardRight     		CODE           	7070	0000	27
		_right         		CODE           	70A4	0000	27
		_readFromEEP   		CODE           	742A	0000	99
		_classifyColors		CODE           	79B6	0000	245
		_ranges        		CODE           	78CA	0000	237
		_readADC       		CODE           	6FE2	0000	11
		_setupADC      		CODE           	7150	0000	35
		_writeToEEP    		CODE           	748C	0000	101

./functions.c estimated size: 3382

shared
		__initialization		CODE           	7562	0000	111

shared estimated size: 111

C:\Program Files (x86)\Microchip\xc8\v2.05\pic\sources\c99\common\abs.c
		_abs           		CODE           	71E6	0000	51

C:\Program Files (x86)\Microchip\xc8\v2.05\pic\sources\c99\common\abs.c estimated size: 51

