Microchip MPLAB XC8 Compiler V2.05 ()

Linker command line:

-W-3 --edf=C:\Program Files (x86)\Microchip\xc8\v2.05\pic\dat\en_msgs.txt \
  -cs -h+dist/default/debug\sanic.X.debug.sym \
  --cmf=dist/default/debug\sanic.X.debug.cmf -z -Q18F45K22 \
  -oC:\Users\Armandt\AppData\Local\Temp\sgpg.2 --defsym=__MPLAB_BUILD=1 \
  -Mdist/default/debug/sanic.X.debug.map -E1 -ver=XC8 --acfsm=1493 \
  -ASTACK=0BCh-05FFh -pstack=STACK -ACODE=00h-07FFFh -ACONST=00h-07FFFh \
  -ASMALLCONST=0600h-06FFhx122 -AMEDIUMCONST=0600h-07FFFh -ACOMRAM=01h-05Fh \
  -AABS1=00h-05FFh -ABIGRAM=01h-05FFh -ARAM=060h-0FFh,0100h-01FFhx5 \
  -ABANK0=060h-0FFh -ABANK1=0100h-01FFh -ABANK2=0200h-02FFh \
  -ABANK3=0300h-03FFh -ABANK4=0400h-04FFh -ABANK5=0500h-05FFh \
  -ASFR=0F38h-0F5Fh,0F60h-0FFFh \
  -preset_vec=00h,intcode,intcodelo,powerup,init -pramtop=0600h \
  -psmallconst=SMALLCONST -pmediumconst=MEDIUMCONST -pconst=CONST \
  -AFARRAM=00h-00h -ACONFIG=0300000h-030000Dh -pconfig=CONFIG \
  -AIDLOC=0200000h-0200007h -pidloc=IDLOC -AEEDATA=0F00000h-0F000FFh \
  -peeprom_data=EEDATA \
  -prdata=COMRAM,nvrram=COMRAM,nvbit=COMRAM,rbss=COMRAM,rbit=COMRAM \
  -pfarbss=FARRAM,fardata=FARRAM,nvFARRAM=FARRAM \
  -pintsave_regs=BIGRAM,bigbss=BIGRAM,bigdata=BIGRAM -pbss=RAM \
  -pidata=CODE,irdata=CODE,ibigdata=CODE,ifardata=CODE -prparam=COMRAM \
  C:\Users\Armandt\AppData\Local\Temp\sgpg.o \
  dist/default/debug\sanic.X.debug.o 

Object code version is 3.11

Machine type is 18F45K22

Call graph: (short form)




                Name                               Link     Load   Length Selector   Space Scale
C:\Users\Armandt\AppData\Local\Temp\sgpg.o
                init                                  0        0        4        0       0
                idloc                            200000   200000        8   200000       0
                config                           300000   300000        E   300000       0
dist/default/debug\sanic.X.debug.o
                text8                              7C02     7C02        C     3E01       0
                text7                              7C5E     7C5E       32     3E2F       0
                text6                              7E7C     7E7C      184     3F3E       0
                text5                              7D90     7D90       EC     3EC8       0
                text4                              7CDA     7CDA       5A     3E6D       0
                text3                              7BEE     7BEE        A     3DF7       0
                text2                              7C2E     7C2E       30     3E17       0
                text1                              7C1A     7C1A       14     3E0D       0
                text0                              7BF8     7BF8        A     3DFC       0
                cstackCOMRAM                          1        1       4F        1       1
                dataBANK0                            60       60       5C       60       1
                dataCOMRAM                           50       50        C        1       1
                cinit                              7C90     7C90       4A     3E48       0
                idataBANK0                         7D34     7D34       5C     7D34       0
                idataCOMRAM                        7C0E     7C0E        C     7C0E       0

TOTAL           Name                               Link     Load   Length     Space
        CLASS   STACK          

        CLASS   CODE           
                init                                  0        0        4         0
                text8                              7C02     7C02        C         0
                text7                              7C5E     7C5E       32         0
                text6                              7E7C     7E7C      184         0
                text5                              7D90     7D90       EC         0
                text4                              7CDA     7CDA       5A         0
                text3                              7BEE     7BEE        A         0
                text2                              7C2E     7C2E       30         0
                text1                              7C1A     7C1A       14         0
                text0                              7BF8     7BF8        A         0
                cinit                              7C90     7C90       4A         0
                idataBANK0                         7D34     7D34       5C         0
                idataCOMRAM                        7C0E     7C0E        C         0

        CLASS   CONST          

        CLASS   SMALLCONST     

        CLASS   MEDIUMCONST    

        CLASS   COMRAM         
                cstackCOMRAM                          1        1       4F         1
                dataCOMRAM                           50       50        C         1

        CLASS   ABS1           

        CLASS   BIGRAM         

        CLASS   RAM            

        CLASS   BANK0          
                dataBANK0                            60       60       5C         1

        CLASS   BANK1          

        CLASS   BANK2          

        CLASS   BANK3          

        CLASS   BANK4          

        CLASS   BANK5          

        CLASS   SFR            

        CLASS   FARRAM         

        CLASS   CONFIG         
                config                           300000   300000        E         0

        CLASS   IDLOC          
                idloc                            200000   200000        8         0

        CLASS   EEDATA         



SEGMENTS        Name                           Load    Length   Top    Selector   Space  Class

                reset_vec                      000000  000004  000004         0       0  CODE    
                cstackCOMRAM                   000001  00005B  00005C         1       1  COMRAM  
                dataBANK0                      000060  00005C  0000BC        60       1  BANK0   
                text3                          007BEE  00000A  007BF8      3DF7       0  CODE    
                text0                          007BF8  00000A  007C02      3DFC       0  CODE    
                text8                          007C02  00000C  007C0E      3E01       0  CODE    
                idataCOMRAM                    007C0E  00000C  007C1A      7C0E       0  CODE    
                text1                          007C1A  000014  007C2E      3E0D       0  CODE    
                text2                          007C2E  000030  007C5E      3E17       0  CODE    
                text7                          007C5E  000032  007C90      3E2F       0  CODE    
                cinit                          007C90  00004A  007CDA      3E48       0  CODE    
                text4                          007CDA  00005A  007D34      3E6D       0  CODE    
                idataBANK0                     007D34  00005C  007D90      7D34       0  CODE    
                text5                          007D90  0000EC  007E7C      3EC8       0  CODE    
                text6                          007E7C  000184  008000      3F3E       0  CODE    
                idloc                          200000  000008  200008    200000       0  IDLOC   
                config                         300000  00000E  30000E    300000       0  CONFIG  


UNUSED ADDRESS RANGES

        Name                Unused          Largest block    Delta
        BANK0            0000BC-0000FF               44
        BANK1            000100-0001FF              100
        BANK2            000200-0002FF              100
        BANK3            000300-0003FF              100
        BANK4            000400-0004FF              100
        BANK5            000500-0005FF              100
        BIGRAM           00005C-00005F                4
                         0000BC-0005FF              544
        CODE             000004-007BED             7BEA
        COMRAM           00005C-00005F                4
        CONST            000004-007BED             7BEA
        EEDATA           F00000-F000FF              100
        MEDIUMCONST      000600-007BED             75EE
        RAM              0000BC-0005FF              100
        SFR              000F38-000FFF               28
        SMALLCONST       000600-007BED              100
        STACK            0000BC-0005FF              544

                                  Symbol Table

PRC@F6011                dataBANK0    000060
PRC@F6013                dataBANK0    00009E
PRC@a                    cstackCOMRAM 000031
PRC@a_924                cstackCOMRAM 000032
PRC@a_925                cstackCOMRAM 000033
PRC@a_926                cstackCOMRAM 000034
PRC@a_927                cstackCOMRAM 000035
PRC@a_928                cstackCOMRAM 000036
PRC@a_929                cstackCOMRAM 000037
PRC@a_930                cstackCOMRAM 000038
PRC@a_931                cstackCOMRAM 000039
PRC@message              cstackCOMRAM 00000C
PRC@message2             cstackCOMRAM 00002C
RCE@F6033                dataBANK0    000080
RCE@a                    cstackCOMRAM 00004E
RCE@a_952                cstackCOMRAM 00004F
RCE@commandReceived      cstackCOMRAM 00004A
RCE@message              cstackCOMRAM 00003C
RCE@nCharsReceived       cstackCOMRAM 00004D
_ADCON0bits              (abs)        000FC2
_ADCON1                  (abs)        000FC1
_ADCON2bits              (abs)        000FC0
_ADRESH                  (abs)        000FC4
_ANSELA                  (abs)        000F38
_ANSELB                  (abs)        000F39
_ANSELBbits              (abs)        000F39
_ANSELC                  (abs)        000F3A
_ANSELCbits              (abs)        000F3A
_ANSELD                  (abs)        000F3B
_ANSELE                  (abs)        000F3C
_BAUDCON1bits            (abs)        000FB8
_CCP1CON                 (abs)        000FBD
_CCP5CON                 (abs)        000F54
_CCPR1L                  (abs)        000FBE
_CCPR5L                  (abs)        000F55
_CCPTMRS0                (abs)        000F49
_CCPTMRS1                (abs)        000F48
_FSR0                    (abs)        000FE9
_INTCONbits              (abs)        000FF2
_LATA                    (abs)        000F89
_LATB                    (abs)        000F8A
_LATC                    (abs)        000F8B
_LATD                    (abs)        000F8C
_LATE                    (abs)        000F8D
_LLranges                dataCOMRAM   000055
_Lranges                 dataCOMRAM   000050
_Mranges                 dataBANK0    0000B7
_OSCCONbits              (abs)        000FD3
_PIE1bits                (abs)        000F9D
_PIE5bits                (abs)        000F7D
_PIR1bits                (abs)        000F9E
_PIR5bits                (abs)        000F7E
_PORTA                   (abs)        000F80
_PORTAbits               (abs)        000F80
_PORTB                   (abs)        000F81
_PORTC                   (abs)        000F82
_PORTD                   (abs)        000F83
_PORTE                   (abs)        000F84
_PR2                     (abs)        000FBB
_PR4                     (abs)        000F52
_PR6                     (abs)        000F4B
_PRC                     text6        007E7C
_RCE                     text5        007D90
_RCREG                   (abs)        000FAE
_RCSTA1                  (abs)        000FAB
_RRranges                dataBANK0    0000AD
_Rranges                 dataBANK0    0000B2
_SPBRG1                  (abs)        000FAF
_SPBRGH1                 (abs)        000FB0
_T2CON                   (abs)        000FBA
_T2CONbits               (abs)        000FBA
_T4CONbits               (abs)        000F51
_T6CON                   (abs)        000F4A
_TMR2                    (abs)        000FBC
_TRISA                   (abs)        000F92
_TRISB                   (abs)        000F93
_TRISBbits               (abs)        000F93
_TRISC                   (abs)        000F94
_TRISCbits               (abs)        000F94
_TRISD                   (abs)        000F95
_TRISE                   (abs)        000F96
_TRISEbits               (abs)        000F96
_TXREG                   (abs)        000FAD
_TXSTA1                  (abs)        000FAC
__CFG_BOREN$SBORDIS      (abs)        000000
__CFG_BORV$190           (abs)        000000
__CFG_CCP2MX$PORTC1      (abs)        000000
__CFG_CCP3MX$PORTB5      (abs)        000000
__CFG_CP0$OFF            (abs)        000000
__CFG_CP1$OFF            (abs)        000000
__CFG_CP2$OFF            (abs)        000000
__CFG_CP3$OFF            (abs)        000000
__CFG_CPB$OFF            (abs)        000000
__CFG_CPD$OFF            (abs)        000000
__CFG_EBTR0$OFF          (abs)        000000
__CFG_EBTR1$OFF          (abs)        000000
__CFG_EBTR2$OFF          (abs)        000000
__CFG_EBTR3$OFF          (abs)        000000
__CFG_EBTRB$OFF          (abs)        000000
__CFG_FCMEN$OFF          (abs)        000000
__CFG_FOSC$INTIO67       (abs)        000000
__CFG_HFOFST$ON          (abs)        000000
__CFG_IESO$OFF           (abs)        000000
__CFG_LVP$ON             (abs)        000000
__CFG_MCLRE$EXTMCLR      (abs)        000000
__CFG_P2BMX$PORTD2       (abs)        000000
__CFG_PBADEN$ON          (abs)        000000
__CFG_PLLCFG$OFF         (abs)        000000
__CFG_PRICLKEN$ON        (abs)        000000
__CFG_PWRTEN$OFF         (abs)        000000
__CFG_STVREN$ON          (abs)        000000
__CFG_T3CMX$PORTC0       (abs)        000000
__CFG_WDTEN$OFF          (abs)        000000
__CFG_WDTPS$32768        (abs)        000000
__CFG_WRT0$OFF           (abs)        000000
__CFG_WRT1$OFF           (abs)        000000
__CFG_WRT2$OFF           (abs)        000000
__CFG_WRT3$OFF           (abs)        000000
__CFG_WRTB$OFF           (abs)        000000
__CFG_WRTC$OFF           (abs)        000000
__CFG_WRTD$OFF           (abs)        000000
__CFG_XINST$OFF          (abs)        000000
__HRAM                   (abs)        000000
__Habs1                  abs1         000000
__Hbank0                 bank0        000000
__Hbank1                 bank1        000000
__Hbank2                 bank2        000000
__Hbank3                 bank3        000000
__Hbank4                 bank4        000000
__Hbank5                 bank5        000000
__Hbigbss                bigbss       000000
__Hbigdata               bigdata      000000
__Hbigram                bigram       000000
__Hbss                   bss          000000
__Hcinit                 cinit        000000
__Hclrtext               clrtext      000000
__Hcomram                comram       000000
__Hconfig                config       30000E
__Hconst                 const        000000
__HcstackCOMRAM          cstackCOMRAM 000000
__Hdata                  data         000000
__HdataBANK0             dataBANK0    000000
__HdataCOMRAM            dataCOMRAM   000000
__Heeprom_data           eeprom_data  000000
__Hfarbss                farbss       000000
__Hfardata               fardata      000000
__Hibigdata              ibigdata     000000
__Hidata                 idata        000000
__HidataBANK0            idataBANK0   000000
__HidataCOMRAM           idataCOMRAM  000000
__Hidloc                 idloc        200008
__Hifardata              ifardata     000000
__Hinit                  init         000004
__Hintcode               intcode      000000
__Hintcode_body          intcode_body 000000
__Hintcodelo             intcodelo    000000
__Hintentry              intentry     000000
__Hintret                intret       000000
__Hintsave_regs          intsave_regs 000000
__Hirdata                irdata       000000
__Hmediumconst           mediumconst  000000
__HnvFARRAM              nvFARRAM     000000
__Hnvbit                 nvbit        000000
__Hnvrram                nvrram       000000
__Hparam                 rparam       000000
__Hpowerup               powerup      000000
__Hram                   ram          000000
__Hramtop                ramtop       000600
__Hrbit                  rbit         000000
__Hrbss                  rbss         000000
__Hrdata                 rdata        000000
__Hreset_vec             reset_vec    000000
__Hrparam                rparam       000000
__Hsfr                   sfr          000000
__Hsmallconst            smallconst   000000
__Hspace_0               (abs)        30000E
__Hspace_1               (abs)        0000BC
__Hspace_2               (abs)        000000
__Hstack                 stack        000000
__Hstruct                struct       000000
__Htemp                  temp         000000
__Htext                  text         000000
__Htext0                 text0        000000
__Htext1                 text1        000000
__Htext2                 text2        000000
__Htext3                 text3        000000
__Htext4                 text4        000000
__Htext5                 text5        000000
__Htext6                 text6        000000
__Htext7                 text7        000000
__Htext8                 text8        000000
__LRAM                   (abs)        000001
__Labs1                  abs1         000000
__Lbank0                 bank0        000000
__Lbank1                 bank1        000000
__Lbank2                 bank2        000000
__Lbank3                 bank3        000000
__Lbank4                 bank4        000000
__Lbank5                 bank5        000000
__Lbigbss                bigbss       000000
__Lbigdata               bigdata      000000
__Lbigram                bigram       000000
__Lbss                   bss          000000
__Lcinit                 cinit        000000
__Lclrtext               clrtext      000000
__Lcomram                comram       000000
__Lconfig                config       300000
__Lconst                 const        000000
__LcstackCOMRAM          cstackCOMRAM 000000
__Ldata                  data         000000
__LdataBANK0             dataBANK0    000000
__LdataCOMRAM            dataCOMRAM   000000
__Leeprom_data           eeprom_data  000000
__Lfarbss                farbss       000000
__Lfardata               fardata      000000
__Libigdata              ibigdata     000000
__Lidata                 idata        000000
__LidataBANK0            idataBANK0   000000
__LidataCOMRAM           idataCOMRAM  000000
__Lidloc                 idloc        200000
__Lifardata              ifardata     000000
__Linit                  init         000000
__Lintcode               intcode      000000
__Lintcode_body          intcode_body 000000
__Lintcodelo             intcodelo    000000
__Lintentry              intentry     000000
__Lintret                intret       000000
__Lintsave_regs          intsave_regs 000000
__Lirdata                irdata       000000
__Lmediumconst           mediumconst  000000
__LnvFARRAM              nvFARRAM     000000
__Lnvbit                 nvbit        000000
__Lnvrram                nvrram       000000
__Lparam                 rparam       000000
__Lpowerup               powerup      000000
__Lram                   ram          000000
__Lramtop                ramtop       000600
__Lrbit                  rbit         000000
__Lrbss                  rbss         000000
__Lrdata                 rdata        000000
__Lreset_vec             reset_vec    000000
__Lrparam                rparam       000000
__Lsfr                   sfr          000000
__Lsmallconst            smallconst   000000
__Lspace_0               (abs)        000000
__Lspace_1               (abs)        000000
__Lspace_2               (abs)        000000
__Lstack                 stack        000000
__Lstruct                struct       000000
__Ltemp                  temp         000000
__Ltext                  text         000000
__Ltext0                 text0        000000
__Ltext1                 text1        000000
__Ltext2                 text2        000000
__Ltext3                 text3        000000
__Ltext4                 text4        000000
__Ltext5                 text5        000000
__Ltext6                 text6        000000
__Ltext7                 text7        000000
__Ltext8                 text8        000000
__S0                     (abs)        30000E
__S1                     (abs)        0000BC
__S2                     (abs)        000000
___inthi_sp              stack        000000
___intlo_sp              stack        000000
___param_bank            (abs)        000000
___rparam_used           (abs)        000001
___sp                    stack        000000
__accesstop              (abs)        000060
__activetblptr           (abs)        000002
__end_of_PRC             text6        008000
__end_of_RCE             text5        007E7C
__end_of__initialization cinit        007CD0
__end_of_clearPorts      text4        007D34
__end_of_error           text7        007C90
__end_of_init            text1        007C2E
__end_of_main            text0        007C02
__end_of_setupOSC        text3        007BF8
__end_of_setupSerial     text2        007C5E
__end_of_trans           text8        007C0E
__initialization         cinit        007C90
__mediumconst            mediumconst  000000
__pcinit                 cinit        007C90
__pcstackCOMRAM          cstackCOMRAM 000001
__pdataBANK0             dataBANK0    000060
__pdataCOMRAM            dataCOMRAM   000050
__pidataBANK0            idataBANK0   007D34
__pidataCOMRAM           idataCOMRAM  007C0E
__ptext0                 text0        007BF8
__ptext1                 text1        007C1A
__ptext2                 text2        007C2E
__ptext3                 text3        007BEE
__ptext4                 text4        007CDA
__ptext5                 text5        007D90
__ptext6                 text6        007E7C
__ptext7                 text7        007C5E
__ptext8                 text8        007C02
__ramtop                 ramtop       000600
__size_of_PRC            (abs)        000000
__size_of_RCE            (abs)        000000
__size_of_clearPorts     (abs)        000000
__size_of_error          (abs)        000000
__size_of_init           (abs)        000000
__size_of_main           (abs)        000000
__size_of_setupOSC       (abs)        000000
__size_of_setupSerial    (abs)        000000
__size_of_trans          (abs)        000000
__smallconst             smallconst   000000
_clearPorts              text4        007CDA
_col                     dataCOMRAM   00005A
_error                   text7        007C5E
_init                    text1        007C1A
_main                    text0        007BF8
_raceColor               dataBANK0    00008E
_sensorVals              dataBANK0    0000A8
_setupOSC                text3        007BEE
_setupSerial             text2        007C2E
_size                    dataCOMRAM   00005B
_trans                   text8        007C02
calibrate@F5999          dataBANK0    0000A3
end_of_initialization    cinit        007CD0
error@F6007              dataBANK0    000097
error@a                  cstackCOMRAM 000009
error@message            cstackCOMRAM 000002
intlevel0                text         000000
intlevel1                text         000000
intlevel2                text         000000
intlevel3                text         000000
stackhi                  (abs)        0005FF
stacklo                  (abs)        0000BC
start                    init         000000
start_initialization     cinit        007C90
trans@s                  cstackCOMRAM 000001


FUNCTION INFORMATION:

 *************** function _main *****************
 Defined at:
		line 79 in file "sanic.c"
 Parameters:    Size  Location     Type
		None
 Auto vars:     Size  Location     Type
		None
 Return value:  Size  Location     Type
                  1    wreg      void 
 Registers used:
		wreg, fsr1l, fsr1h, fsr2l, fsr2h, status,2, status,0, cstack
 Tracked objects:
		On entry : 
		On exit  : 
		Unchanged: 
 Data sizes:     COMRAM   BANK0   BANK1   BANK2   BANK3   BANK4   BANK5
      Params:         0       0       0       0       0       0       0
      Locals:         0       0       0       0       0       0       0
      Temps:          0       0       0       0       0       0       0
      Totals:         0       0       0       0       0       0       0
Total ram usage:        0 bytes
 Hardware stack levels required when called:    4
 This function calls:
		_RCE
		_init
 This function is called by:
		Startup code after reset
 This function uses a non-reentrant model


 *************** function _init *****************
 Defined at:
		line 115 in file "sanic.c"
 Parameters:    Size  Location     Type
		None
 Auto vars:     Size  Location     Type
		None
 Return value:  Size  Location     Type
                  1    wreg      void 
 Registers used:
		wreg, status,2, cstack
 Tracked objects:
		On entry : 
		On exit  : 
		Unchanged: 
 Data sizes:     COMRAM   BANK0   BANK1   BANK2   BANK3   BANK4   BANK5
      Params:         0       0       0       0       0       0       0
      Locals:         0       0       0       0       0       0       0
      Temps:          0       0       0       0       0       0       0
      Totals:         0       0       0       0       0       0       0
Total ram usage:        0 bytes
 Hardware stack levels used:    1
 Hardware stack levels required when called:    1
 This function calls:
		_clearPorts
		_setupOSC
		_setupSerial
 This function is called by:
		_main
 This function uses a non-reentrant model


 *************** function _setupSerial *****************
 Defined at:
		line 22 in file "./functions.c"
 Parameters:    Size  Location     Type
		None
 Auto vars:     Size  Location     Type
		None
 Return value:  Size  Location     Type
                  1    wreg      void 
 Registers used:
		wreg, status,2
 Tracked objects:
		On entry : 
		On exit  : 
		Unchanged: 
 Data sizes:     COMRAM   BANK0   BANK1   BANK2   BANK3   BANK4   BANK5
      Params:         0       0       0       0       0       0       0
      Locals:         0       0       0       0       0       0       0
      Temps:          0       0       0       0       0       0       0
      Totals:         0       0       0       0       0       0       0
Total ram usage:        0 bytes
 Hardware stack levels used:    1
 This function calls:
		Nothing
 This function is called by:
		_init
 This function uses a non-reentrant model


 *************** function _setupOSC *****************
 Defined at:
		line 208 in file "./functions.c"
 Parameters:    Size  Location     Type
		None
 Auto vars:     Size  Location     Type
		None
 Return value:  Size  Location     Type
                  1    wreg      void 
 Registers used:
		wreg, status,2
 Tracked objects:
		On entry : 
		On exit  : 
		Unchanged: 
 Data sizes:     COMRAM   BANK0   BANK1   BANK2   BANK3   BANK4   BANK5
      Params:         0       0       0       0       0       0       0
      Locals:         0       0       0       0       0       0       0
      Temps:          0       0       0       0       0       0       0
      Totals:         0       0       0       0       0       0       0
Total ram usage:        0 bytes
 Hardware stack levels used:    1
 This function calls:
		Nothing
 This function is called by:
		_init
 This function uses a non-reentrant model


 *************** function _clearPorts *****************
 Defined at:
		line 178 in file "./functions.c"
 Parameters:    Size  Location     Type
		None
 Auto vars:     Size  Location     Type
		None
 Return value:  Size  Location     Type
                  1    wreg      void 
 Registers used:
		wreg, status,2
 Tracked objects:
		On entry : 
		On exit  : 
		Unchanged: 
 Data sizes:     COMRAM   BANK0   BANK1   BANK2   BANK3   BANK4   BANK5
      Params:         0       0       0       0       0       0       0
      Locals:         0       0       0       0       0       0       0
      Temps:          0       0       0       0       0       0       0
      Totals:         0       0       0       0       0       0       0
Total ram usage:        0 bytes
 Hardware stack levels used:    1
 This function calls:
		Nothing
 This function is called by:
		_init
 This function uses a non-reentrant model


 *************** function _RCE *****************
 Defined at:
		line 122 in file "sanic.c"
 Parameters:    Size  Location     Type
		None
 Auto vars:     Size  Location     Type
  a               1   78[COMRAM] unsigned char 
  a               1   77[COMRAM] unsigned char 
  message        14   59[COMRAM] unsigned char [14]
  commandRecei    3   73[COMRAM] unsigned char [3]
  nCharsReceiv    1   76[COMRAM] unsigned char 
 Return value:  Size  Location     Type
                  1    wreg      void 
 Registers used:
		wreg, fsr1l, fsr1h, fsr2l, fsr2h, status,2, status,0, cstack
 Tracked objects:
		On entry : 
		On exit  : 
		Unchanged: 
 Data sizes:     COMRAM   BANK0   BANK1   BANK2   BANK3   BANK4   BANK5
      Params:         0       0       0       0       0       0       0
      Locals:        20       0       0       0       0       0       0
      Temps:          2       0       0       0       0       0       0
      Totals:        22       0       0       0       0       0       0
Total ram usage:       22 bytes
 Hardware stack levels used:    1
 Hardware stack levels required when called:    3
 This function calls:
		_PRC
		_error
		_trans
 This function is called by:
		_main
 This function uses a non-reentrant model


 *************** function _PRC *****************
 Defined at:
		line 295 in file "./functions.c"
 Parameters:    Size  Location     Type
		None
 Auto vars:     Size  Location     Type
  a               1   56[COMRAM] unsigned char 
  a               1   55[COMRAM] unsigned char 
  a               1   54[COMRAM] unsigned char 
  a               1   53[COMRAM] unsigned char 
  a               1   52[COMRAM] unsigned char 
  a               1   51[COMRAM] unsigned char 
  a               1   50[COMRAM] unsigned char 
  a               1   49[COMRAM] unsigned char 
  a               1   48[COMRAM] unsigned char 
  message        32   11[COMRAM] unsigned char [32]
  message2        5   43[COMRAM] unsigned char [5]
 Return value:  Size  Location     Type
                  1    wreg      void 
 Registers used:
		wreg, fsr1l, fsr1h, fsr2l, fsr2h, status,2, status,0, cstack
 Tracked objects:
		On entry : 
		On exit  : 
		Unchanged: 
 Data sizes:     COMRAM   BANK0   BANK1   BANK2   BANK3   BANK4   BANK5
      Params:         0       0       0       0       0       0       0
      Locals:        46       0       0       0       0       0       0
      Temps:          2       0       0       0       0       0       0
      Totals:        48       0       0       0       0       0       0
Total ram usage:       48 bytes
 Hardware stack levels used:    1
 Hardware stack levels required when called:    2
 This function calls:
		_error
		_trans
 This function is called by:
		_RCE
 This function uses a non-reentrant model


 *************** function _error *****************
 Defined at:
		line 285 in file "./functions.c"
 Parameters:    Size  Location     Type
		None
 Auto vars:     Size  Location     Type
  a               1    8[COMRAM] unsigned char 
  message         7    1[COMRAM] unsigned char [7]
 Return value:  Size  Location     Type
                  1    wreg      void 
 Registers used:
		wreg, fsr1l, fsr1h, fsr2l, fsr2h, status,2, status,0, cstack
 Tracked objects:
		On entry : 
		On exit  : 
		Unchanged: 
 Data sizes:     COMRAM   BANK0   BANK1   BANK2   BANK3   BANK4   BANK5
      Params:         0       0       0       0       0       0       0
      Locals:         8       0       0       0       0       0       0
      Temps:          0       0       0       0       0       0       0
      Totals:         8       0       0       0       0       0       0
Total ram usage:        8 bytes
 Hardware stack levels used:    1
 Hardware stack levels required when called:    1
 This function calls:
		_trans
 This function is called by:
		_PRC
		_RCE
 This function uses a non-reentrant model


 *************** function _trans *****************
 Defined at:
		line 42 in file "./functions.c"
 Parameters:    Size  Location     Type
  s               1    wreg     unsigned char 
 Auto vars:     Size  Location     Type
  s               1    0[COMRAM] unsigned char 
 Return value:  Size  Location     Type
                  1    wreg      void 
 Registers used:
		wreg
 Tracked objects:
		On entry : 
		On exit  : 
		Unchanged: 
 Data sizes:     COMRAM   BANK0   BANK1   BANK2   BANK3   BANK4   BANK5
      Params:         0       0       0       0       0       0       0
      Locals:         1       0       0       0       0       0       0
      Temps:          0       0       0       0       0       0       0
      Totals:         1       0       0       0       0       0       0
Total ram usage:        1 bytes
 Hardware stack levels used:    1
 This function calls:
		Nothing
 This function is called by:
		_error
		_PRC
		_RCE
 This function uses a non-reentrant model



MODULE INFORMATION

Module		Function		Class		Link	Load	Size
sanic.c
		_init          		CODE           	7C1A	0000	21
		_main          		CODE           	7BF8	0000	11
		_RCE           		CODE           	7D90	0000	237

sanic.c estimated size: 269

./functions.c
		_setupOSC      		CODE           	7BEE	0000	11
		_trans         		CODE           	7C02	0000	13
		_PRC           		CODE           	7E7C	0000	389
		_clearPorts    		CODE           	7CDA	0000	91
		_error         		CODE           	7C5E	0000	51
		_setupSerial   		CODE           	7C2E	0000	49

./functions.c estimated size: 604

shared
		__initialization		CODE           	7C90	0000	65

shared estimated size: 65

