Microchip MPLAB XC8 Compiler V2.05 ()

Linker command line:

-W-3 --edf=C:\Program Files (x86)\Microchip\xc8\v2.05\pic\dat\en_msgs.txt \
  -cs -h+dist/default/debug\sanic.X.debug.sym \
  --cmf=dist/default/debug\sanic.X.debug.cmf -z -Q18F45K22 \
  -oC:\Users\Armandt\AppData\Local\Temp\sgnk.2 --defsym=__MPLAB_BUILD=1 \
  -Mdist/default/debug/sanic.X.debug.map -E1 -ver=XC8 --acfsm=1493 \
  -ASTACK=0FFh-05FFh -pstack=STACK -ACODE=00h-07FFFh -ACONST=00h-07FFFh \
  -ASMALLCONST=0600h-06FFhx122 -AMEDIUMCONST=0600h-07FFFh -ACOMRAM=01h-05Fh \
  -AABS1=00h-05FFh -ABIGRAM=01h-05FFh -ARAM=060h-0FFh,0100h-01FFhx5 \
  -ABANK0=060h-0FFh -ABANK1=0100h-01FFh -ABANK2=0200h-02FFh \
  -ABANK3=0300h-03FFh -ABANK4=0400h-04FFh -ABANK5=0500h-05FFh \
  -ASFR=0F38h-0F5Fh,0F60h-0FFFh \
  -preset_vec=00h,intcode,intcodelo,powerup,init -pramtop=0600h \
  -psmallconst=SMALLCONST -pmediumconst=MEDIUMCONST -pconst=CONST \
  -AFARRAM=00h-00h -ACONFIG=0300000h-030000Dh -pconfig=CONFIG \
  -AIDLOC=0200000h-0200007h -pidloc=IDLOC -AEEDATA=0F00000h-0F000FFh \
  -peeprom_data=EEDATA \
  -prdata=COMRAM,nvrram=COMRAM,nvbit=COMRAM,rbss=COMRAM,rbit=COMRAM \
  -pfarbss=FARRAM,fardata=FARRAM,nvFARRAM=FARRAM \
  -pintsave_regs=BIGRAM,bigbss=BIGRAM,bigdata=BIGRAM -pbss=RAM \
  -pidata=CODE,irdata=CODE,ibigdata=CODE,ifardata=CODE -prparam=COMRAM \
  C:\Users\Armandt\AppData\Local\Temp\sgnk.o \
  dist/default/debug\sanic.X.debug.o 

Object code version is 3.11

Machine type is 18F45K22

Call graph: (short form)




                Name                               Link     Load   Length Selector   Space Scale
C:\Users\Armandt\AppData\Local\Temp\sgnk.o
                init                                  0        0        4        0       0
                idloc                            200000   200000        8   200000       0
                config                           300000   300000        E   300000       0
dist/default/debug\sanic.X.debug.o
                text38                             6D12     6D12        C     3689       0
                text37                             6EFC     6EFC       36     377E       0
                text36                             786E     786E      184     3C37       0
                text35                             6CEA     6CEA        A     3675       0
                text34                             721E     721E       84     390F       0
                text33                             6FAC     6FAC       46     37D6       0
                text32                             7CAE     7CAE      352     3E57       0
                text31                             7434     7434       BA     3A1A       0
                text30                             772E     772E      140     3B97       0
                text29                             7146     7146       66     38A3       0
                text28                             6D3C     6D3C       14     369E       0
                text27                             79F2     79F2      2BC     3CF9       0
                text26                             6E98     6E98       32     374C       0
                text25                             71AC     71AC       72     38D6       0
                text24                             75FA     75FA      134     3AFD       0
                text23                             6D80     6D80       1A     36C0       0
                text22                             6D9A     6D9A       1A     36CD       0
                text21                             6DB4     6DB4       1A     36DA       0
                text20                             6DCE     6DCE       1A     36E7       0
                text19                             6D50     6D50       18     36A8       0
                text18                             6CF4     6CF4        A     367A       0
                text17                             6DE8     6DE8       1A     36F4       0
                text16                             72A2     72A2       84     3951       0
                text15                             73AC     73AC       88     39D6       0
                text14                             6F6E     6F6E       3E     37B7       0
                text13                             6F32     6F32       3C     3799       0
                text12                             6E02     6E02       22     3701       0
                text11                             6E24     6E24       22     3712       0
                text10                             6E46     6E46       22     3723       0
                text9                              6D2A     6D2A       12     3695       0
                text8                              6ECA     6ECA       32     3765       0
                text7                              7040     7040       56     3820       0
                text6                              6FF2     6FF2       4E     37F9       0
                text5                              74EE     74EE      10C     3A77       0
                text4                              70EC     70EC       5A     3876       0
                text3                              6CFE     6CFE        A     367F       0
                text2                              6E68     6E68       30     3734       0
                text1                              6D68     6D68       18     36B4       0
                text0                              6D08     6D08        A     3684       0
                cstackCOMRAM                          1        1       53        1       1
                cstackBANK0                          E6       E6       14       60       1
                dataBANK0                            60       60       86       60       1
                bssBANK0                             FA       FA        5       60       1
                dataCOMRAM                           54       54        C        1       1
                cinit                              7096     7096       56     384B       0
                idataBANK0                         7326     7326       86     7326       0
                idataCOMRAM                        6D1E     6D1E        C     6D1E       0

TOTAL           Name                               Link     Load   Length     Space
        CLASS   STACK          

        CLASS   CODE           
                init                                  0        0        4         0
                text38                             6D12     6D12        C         0
                text37                             6EFC     6EFC       36         0
                text36                             786E     786E      184         0
                text35                             6CEA     6CEA        A         0
                text34                             721E     721E       84         0
                text33                             6FAC     6FAC       46         0
                text32                             7CAE     7CAE      352         0
                text31                             7434     7434       BA         0
                text30                             772E     772E      140         0
                text29                             7146     7146       66         0
                text28                             6D3C     6D3C       14         0
                text27                             79F2     79F2      2BC         0
                text26                             6E98     6E98       32         0
                text25                             71AC     71AC       72         0
                text24                             75FA     75FA      134         0
                text23                             6D80     6D80       1A         0
                text22                             6D9A     6D9A       1A         0
                text21                             6DB4     6DB4       1A         0
                text20                             6DCE     6DCE       1A         0
                text19                             6D50     6D50       18         0
                text18                             6CF4     6CF4        A         0
                text17                             6DE8     6DE8       1A         0
                text16                             72A2     72A2       84         0
                text15                             73AC     73AC       88         0
                text14                             6F6E     6F6E       3E         0
                text13                             6F32     6F32       3C         0
                text12                             6E02     6E02       22         0
                text11                             6E24     6E24       22         0
                text10                             6E46     6E46       22         0
                text9                              6D2A     6D2A       12         0
                text8                              6ECA     6ECA       32         0
                text7                              7040     7040       56         0
                text6                              6FF2     6FF2       4E         0
                text5                              74EE     74EE      10C         0
                text4                              70EC     70EC       5A         0
                text3                              6CFE     6CFE        A         0
                text2                              6E68     6E68       30         0
                text1                              6D68     6D68       18         0
                text0                              6D08     6D08        A         0
                cinit                              7096     7096       56         0
                idataBANK0                         7326     7326       86         0
                idataCOMRAM                        6D1E     6D1E        C         0

        CLASS   CONST          

        CLASS   SMALLCONST     

        CLASS   MEDIUMCONST    

        CLASS   COMRAM         
                cstackCOMRAM                          1        1       53         1
                dataCOMRAM                           54       54        C         1

        CLASS   ABS1           

        CLASS   BIGRAM         

        CLASS   RAM            

        CLASS   BANK0          
                cstackBANK0                          E6       E6       14         1
                dataBANK0                            60       60       86         1
                bssBANK0                             FA       FA        5         1

        CLASS   BANK1          

        CLASS   BANK2          

        CLASS   BANK3          

        CLASS   BANK4          

        CLASS   BANK5          

        CLASS   SFR            

        CLASS   FARRAM         

        CLASS   CONFIG         
                config                           300000   300000        E         0

        CLASS   IDLOC          
                idloc                            200000   200000        8         0

        CLASS   EEDATA         



SEGMENTS        Name                           Load    Length   Top    Selector   Space  Class

                reset_vec                      000000  000004  000004         0       0  CODE    
                cstackCOMRAM                   000001  00005F  000060         1       1  COMRAM  
                dataBANK0                      000060  00009F  0000FF        60       1  BANK0   
                text35                         006CEA  00000A  006CF4      3675       0  CODE    
                text18                         006CF4  00000A  006CFE      367A       0  CODE    
                text3                          006CFE  00000A  006D08      367F       0  CODE    
                text0                          006D08  00000A  006D12      3684       0  CODE    
                text38                         006D12  00000C  006D1E      3689       0  CODE    
                idataCOMRAM                    006D1E  00000C  006D2A      6D1E       0  CODE    
                text9                          006D2A  000012  006D3C      3695       0  CODE    
                text28                         006D3C  000014  006D50      369E       0  CODE    
                text19                         006D50  000018  006D68      36A8       0  CODE    
                text1                          006D68  000018  006D80      36B4       0  CODE    
                text23                         006D80  00001A  006D9A      36C0       0  CODE    
                text22                         006D9A  00001A  006DB4      36CD       0  CODE    
                text21                         006DB4  00001A  006DCE      36DA       0  CODE    
                text20                         006DCE  00001A  006DE8      36E7       0  CODE    
                text17                         006DE8  00001A  006E02      36F4       0  CODE    
                text12                         006E02  000022  006E24      3701       0  CODE    
                text11                         006E24  000022  006E46      3712       0  CODE    
                text10                         006E46  000022  006E68      3723       0  CODE    
                text2                          006E68  000030  006E98      3734       0  CODE    
                text26                         006E98  000032  006ECA      374C       0  CODE    
                text8                          006ECA  000032  006EFC      3765       0  CODE    
                text37                         006EFC  000036  006F32      377E       0  CODE    
                text13                         006F32  00003C  006F6E      3799       0  CODE    
                text14                         006F6E  00003E  006FAC      37B7       0  CODE    
                text33                         006FAC  000046  006FF2      37D6       0  CODE    
                text6                          006FF2  00004E  007040      37F9       0  CODE    
                text7                          007040  000056  007096      3820       0  CODE    
                cinit                          007096  000056  0070EC      384B       0  CODE    
                text4                          0070EC  00005A  007146      3876       0  CODE    
                text29                         007146  000066  0071AC      38A3       0  CODE    
                text25                         0071AC  000072  00721E      38D6       0  CODE    
                text34                         00721E  000084  0072A2      390F       0  CODE    
                text16                         0072A2  000084  007326      3951       0  CODE    
                idataBANK0                     007326  000086  0073AC      7326       0  CODE    
                text15                         0073AC  000088  007434      39D6       0  CODE    
                text31                         007434  0000BA  0074EE      3A1A       0  CODE    
                text5                          0074EE  00010C  0075FA      3A77       0  CODE    
                text24                         0075FA  000134  00772E      3AFD       0  CODE    
                text30                         00772E  000140  00786E      3B97       0  CODE    
                text36                         00786E  000184  0079F2      3C37       0  CODE    
                text27                         0079F2  0002BC  007CAE      3CF9       0  CODE    
                text32                         007CAE  000352  008000      3E57       0  CODE    
                idloc                          200000  000008  200008    200000       0  IDLOC   
                config                         300000  00000E  30000E    300000       0  CONFIG  


UNUSED ADDRESS RANGES

        Name                Unused          Largest block    Delta
        BANK0            0000FF-0000FF                1
        BANK1            000100-0001FF              100
        BANK2            000200-0002FF              100
        BANK3            000300-0003FF              100
        BANK4            000400-0004FF              100
        BANK5            000500-0005FF              100
        BIGRAM           0000FF-0005FF              501
        CODE             000004-006CE9             6CE6
        CONST            000004-006CE9             6CE6
        EEDATA           F00000-F000FF              100
        MEDIUMCONST      000600-006CE9             66EA
        RAM              0000FF-0005FF              100
        SFR              000F38-000FFF               28
        SMALLCONST       000600-006CE9              100
        STACK            0000FF-0005FF              501

                                  Symbol Table

?___flmul                      cstackCOMRAM 00000F
?___fltol                      cstackCOMRAM 000028
?___xxtofl                     cstackCOMRAM 000001
?_abs                          cstackCOMRAM 000001
PRC@F6024                      dataBANK0    000060
PRC@F6026                      dataBANK0    0000C8
PRC@a                          cstackCOMRAM 000031
PRC@a_1179                     cstackCOMRAM 000032
PRC@a_1180                     cstackCOMRAM 000033
PRC@a_1181                     cstackCOMRAM 000034
PRC@a_1182                     cstackCOMRAM 000035
PRC@a_1183                     cstackCOMRAM 000036
PRC@a_1184                     cstackCOMRAM 000037
PRC@a_1185                     cstackCOMRAM 000038
PRC@a_1186                     cstackCOMRAM 000039
PRC@message                    cstackCOMRAM 00000C
PRC@message2                   cstackCOMRAM 00002C
RCE@F6099                      dataBANK0    00009A
RCE@a                          cstackBANK0  0000F8
RCE@a_1345                     cstackBANK0  0000F9
RCE@commandReceived            cstackBANK0  0000F4
RCE@message                    cstackBANK0  0000E6
RCE@nCharsReceived             cstackBANK0  0000F7
_ADCON0bits                    (abs)        000FC2
_ADCON1                        (abs)        000FC1
_ADCON2bits                    (abs)        000FC0
_ADRESH                        (abs)        000FC4
_ANSELA                        (abs)        000F38
_ANSELB                        (abs)        000F39
_ANSELBbits                    (abs)        000F39
_ANSELC                        (abs)        000F3A
_ANSELCbits                    (abs)        000F3A
_ANSELD                        (abs)        000F3B
_ANSELE                        (abs)        000F3C
_BAUDCON1bits                  (abs)        000FB8
_CCP1CON                       (abs)        000FBD
_CCP5CON                       (abs)        000F54
_CCPR1L                        (abs)        000FBE
_CCPR5L                        (abs)        000F55
_CCPTMRS0                      (abs)        000F49
_CCPTMRS1                      (abs)        000F48
_FSR0                          (abs)        000FE9
_INTCONbits                    (abs)        000FF2
_LATA                          (abs)        000F89
_LATB                          (abs)        000F8A
_LATC                          (abs)        000F8B
_LATD                          (abs)        000F8C
_LATE                          (abs)        000F8D
_LLranges                      dataCOMRAM   00005B
_Lranges                       dataCOMRAM   000056
_Mranges                       dataBANK0    0000E1
_OSCCONbits                    (abs)        000FD3
_PIE1bits                      (abs)        000F9D
_PIE5bits                      (abs)        000F7D
_PIR1bits                      (abs)        000F9E
_PIR5bits                      (abs)        000F7E
_PORTA                         (abs)        000F80
_PORTAbits                     (abs)        000F80
_PORTB                         (abs)        000F81
_PORTC                         (abs)        000F82
_PORTCbits                     (abs)        000F82
_PORTD                         (abs)        000F83
_PORTE                         (abs)        000F84
_PORTEbits                     (abs)        000F84
_PR2                           (abs)        000FBB
_PR4                           (abs)        000F52
_PR6                           (abs)        000F4B
_PRC                           text36       00786E
_RCE                           text5        0074EE
_RCREG                         (abs)        000FAE
_RCSTA1                        (abs)        000FAB
_RRranges                      dataBANK0    0000D7
_Rranges                       dataBANK0    0000DC
_SPBRG1                        (abs)        000FAF
_SPBRGH1                       (abs)        000FB0
_T1CON                         (abs)        000FCD
_T1CONbits                     (abs)        000FCD
_T2CON                         (abs)        000FBA
_T2CONbits                     (abs)        000FBA
_T4CON                         (abs)        000F51
_T4CONbits                     (abs)        000F51
_T6CON                         (abs)        000F4A
_TMR1                          (abs)        000FCE
_TMR2                          (abs)        000FBC
_TMR4                          (abs)        000F53
_TMR6                          (abs)        000F4C
_TRISA                         (abs)        000F92
_TRISB                         (abs)        000F93
_TRISBbits                     (abs)        000F93
_TRISC                         (abs)        000F94
_TRISCbits                     (abs)        000F94
_TRISD                         (abs)        000F95
_TRISE                         (abs)        000F96
_TRISEbits                     (abs)        000F96
_TXREG                         (abs)        000FAD
_TXSTA1                        (abs)        000FAC
__CFG_BOREN$SBORDIS            (abs)        000000
__CFG_BORV$190                 (abs)        000000
__CFG_CCP2MX$PORTC1            (abs)        000000
__CFG_CCP3MX$PORTB5            (abs)        000000
__CFG_CP0$OFF                  (abs)        000000
__CFG_CP1$OFF                  (abs)        000000
__CFG_CP2$OFF                  (abs)        000000
__CFG_CP3$OFF                  (abs)        000000
__CFG_CPB$OFF                  (abs)        000000
__CFG_CPD$OFF                  (abs)        000000
__CFG_EBTR0$OFF                (abs)        000000
__CFG_EBTR1$OFF                (abs)        000000
__CFG_EBTR2$OFF                (abs)        000000
__CFG_EBTR3$OFF                (abs)        000000
__CFG_EBTRB$OFF                (abs)        000000
__CFG_FCMEN$OFF                (abs)        000000
__CFG_FOSC$INTIO67             (abs)        000000
__CFG_HFOFST$ON                (abs)        000000
__CFG_IESO$OFF                 (abs)        000000
__CFG_LVP$ON                   (abs)        000000
__CFG_MCLRE$EXTMCLR            (abs)        000000
__CFG_P2BMX$PORTD2             (abs)        000000
__CFG_PBADEN$ON                (abs)        000000
__CFG_PLLCFG$OFF               (abs)        000000
__CFG_PRICLKEN$ON              (abs)        000000
__CFG_PWRTEN$OFF               (abs)        000000
__CFG_STVREN$ON                (abs)        000000
__CFG_T3CMX$PORTC0             (abs)        000000
__CFG_WDTEN$OFF                (abs)        000000
__CFG_WDTPS$32768              (abs)        000000
__CFG_WRT0$OFF                 (abs)        000000
__CFG_WRT1$OFF                 (abs)        000000
__CFG_WRT2$OFF                 (abs)        000000
__CFG_WRT3$OFF                 (abs)        000000
__CFG_WRTB$OFF                 (abs)        000000
__CFG_WRTC$OFF                 (abs)        000000
__CFG_WRTD$OFF                 (abs)        000000
__CFG_XINST$OFF                (abs)        000000
__HRAM                         (abs)        000000
__Habs1                        abs1         000000
__Hbank0                       bank0        000000
__Hbank1                       bank1        000000
__Hbank2                       bank2        000000
__Hbank3                       bank3        000000
__Hbank4                       bank4        000000
__Hbank5                       bank5        000000
__Hbigbss                      bigbss       000000
__Hbigdata                     bigdata      000000
__Hbigram                      bigram       000000
__Hbss                         bss          000000
__HbssBANK0                    bssBANK0     000000
__Hcinit                       cinit        000000
__Hclrtext                     clrtext      000000
__Hcomram                      comram       000000
__Hconfig                      config       30000E
__Hconst                       const        000000
__HcstackBANK0                 cstackBANK0  000000
__HcstackCOMRAM                cstackCOMRAM 000000
__Hdata                        data         000000
__HdataBANK0                   dataBANK0    000000
__HdataCOMRAM                  dataCOMRAM   000000
__Heeprom_data                 eeprom_data  000000
__Hfarbss                      farbss       000000
__Hfardata                     fardata      000000
__Hibigdata                    ibigdata     000000
__Hidata                       idata        000000
__HidataBANK0                  idataBANK0   000000
__HidataCOMRAM                 idataCOMRAM  000000
__Hidloc                       idloc        200008
__Hifardata                    ifardata     000000
__Hinit                        init         000004
__Hintcode                     intcode      000000
__Hintcode_body                intcode_body 000000
__Hintcodelo                   intcodelo    000000
__Hintentry                    intentry     000000
__Hintret                      intret       000000
__Hintsave_regs                intsave_regs 000000
__Hirdata                      irdata       000000
__Hmediumconst                 mediumconst  000000
__HnvFARRAM                    nvFARRAM     000000
__Hnvbit                       nvbit        000000
__Hnvrram                      nvrram       000000
__Hparam                       rparam       000000
__Hpowerup                     powerup      000000
__Hram                         ram          000000
__Hramtop                      ramtop       000600
__Hrbit                        rbit         000000
__Hrbss                        rbss         000000
__Hrdata                       rdata        000000
__Hreset_vec                   reset_vec    000000
__Hrparam                      rparam       000000
__Hsfr                         sfr          000000
__Hsmallconst                  smallconst   000000
__Hspace_0                     (abs)        30000E
__Hspace_1                     (abs)        0000FF
__Hspace_2                     (abs)        000000
__Hstack                       stack        000000
__Hstruct                      struct       000000
__Htemp                        temp         000000
__Htext                        text         000000
__Htext0                       text0        000000
__Htext1                       text1        000000
__Htext10                      text10       000000
__Htext11                      text11       000000
__Htext12                      text12       000000
__Htext13                      text13       000000
__Htext14                      text14       000000
__Htext15                      text15       000000
__Htext16                      text16       000000
__Htext17                      text17       000000
__Htext18                      text18       000000
__Htext19                      text19       000000
__Htext2                       text2        000000
__Htext20                      text20       000000
__Htext21                      text21       000000
__Htext22                      text22       000000
__Htext23                      text23       000000
__Htext24                      text24       000000
__Htext25                      text25       000000
__Htext26                      text26       000000
__Htext27                      text27       000000
__Htext28                      text28       000000
__Htext29                      text29       000000
__Htext3                       text3        000000
__Htext30                      text30       000000
__Htext31                      text31       000000
__Htext32                      text32       000000
__Htext33                      text33       000000
__Htext34                      text34       000000
__Htext35                      text35       000000
__Htext36                      text36       000000
__Htext37                      text37       000000
__Htext38                      text38       000000
__Htext4                       text4        000000
__Htext5                       text5        000000
__Htext6                       text6        000000
__Htext7                       text7        000000
__Htext8                       text8        000000
__Htext9                       text9        000000
__LRAM                         (abs)        000001
__Labs1                        abs1         000000
__Lbank0                       bank0        000000
__Lbank1                       bank1        000000
__Lbank2                       bank2        000000
__Lbank3                       bank3        000000
__Lbank4                       bank4        000000
__Lbank5                       bank5        000000
__Lbigbss                      bigbss       000000
__Lbigdata                     bigdata      000000
__Lbigram                      bigram       000000
__Lbss                         bss          000000
__LbssBANK0                    bssBANK0     000000
__Lcinit                       cinit        000000
__Lclrtext                     clrtext      000000
__Lcomram                      comram       000000
__Lconfig                      config       300000
__Lconst                       const        000000
__LcstackBANK0                 cstackBANK0  000000
__LcstackCOMRAM                cstackCOMRAM 000000
__Ldata                        data         000000
__LdataBANK0                   dataBANK0    000000
__LdataCOMRAM                  dataCOMRAM   000000
__Leeprom_data                 eeprom_data  000000
__Lfarbss                      farbss       000000
__Lfardata                     fardata      000000
__Libigdata                    ibigdata     000000
__Lidata                       idata        000000
__LidataBANK0                  idataBANK0   000000
__LidataCOMRAM                 idataCOMRAM  000000
__Lidloc                       idloc        200000
__Lifardata                    ifardata     000000
__Linit                        init         000000
__Lintcode                     intcode      000000
__Lintcode_body                intcode_body 000000
__Lintcodelo                   intcodelo    000000
__Lintentry                    intentry     000000
__Lintret                      intret       000000
__Lintsave_regs                intsave_regs 000000
__Lirdata                      irdata       000000
__Lmediumconst                 mediumconst  000000
__LnvFARRAM                    nvFARRAM     000000
__Lnvbit                       nvbit        000000
__Lnvrram                      nvrram       000000
__Lparam                       rparam       000000
__Lpowerup                     powerup      000000
__Lram                         ram          000000
__Lramtop                      ramtop       000600
__Lrbit                        rbit         000000
__Lrbss                        rbss         000000
__Lrdata                       rdata        000000
__Lreset_vec                   reset_vec    000000
__Lrparam                      rparam       000000
__Lsfr                         sfr          000000
__Lsmallconst                  smallconst   000000
__Lspace_0                     (abs)        000000
__Lspace_1                     (abs)        000000
__Lspace_2                     (abs)        000000
__Lstack                       stack        000000
__Lstruct                      struct       000000
__Ltemp                        temp         000000
__Ltext                        text         000000
__Ltext0                       text0        000000
__Ltext1                       text1        000000
__Ltext10                      text10       000000
__Ltext11                      text11       000000
__Ltext12                      text12       000000
__Ltext13                      text13       000000
__Ltext14                      text14       000000
__Ltext15                      text15       000000
__Ltext16                      text16       000000
__Ltext17                      text17       000000
__Ltext18                      text18       000000
__Ltext19                      text19       000000
__Ltext2                       text2        000000
__Ltext20                      text20       000000
__Ltext21                      text21       000000
__Ltext22                      text22       000000
__Ltext23                      text23       000000
__Ltext24                      text24       000000
__Ltext25                      text25       000000
__Ltext26                      text26       000000
__Ltext27                      text27       000000
__Ltext28                      text28       000000
__Ltext29                      text29       000000
__Ltext3                       text3        000000
__Ltext30                      text30       000000
__Ltext31                      text31       000000
__Ltext32                      text32       000000
__Ltext33                      text33       000000
__Ltext34                      text34       000000
__Ltext35                      text35       000000
__Ltext36                      text36       000000
__Ltext37                      text37       000000
__Ltext38                      text38       000000
__Ltext4                       text4        000000
__Ltext5                       text5        000000
__Ltext6                       text6        000000
__Ltext7                       text7        000000
__Ltext8                       text8        000000
__Ltext9                       text9        000000
__S0                           (abs)        30000E
__S1                           (abs)        0000FF
__S2                           (abs)        000000
___flmul                       text32       007CAE
___flmul@a                     cstackCOMRAM 000013
___flmul@aexp                  cstackCOMRAM 000020
___flmul@b                     cstackCOMRAM 00000F
___flmul@bexp                  cstackCOMRAM 000021
___flmul@grs                   cstackCOMRAM 00001C
___flmul@prod                  cstackCOMRAM 000022
___flmul@sign                  cstackCOMRAM 00001B
___flmul@temp                  cstackCOMRAM 000026
___fltol                       text31       007434
___fltol@exp1                  cstackCOMRAM 000031
___fltol@f1                    cstackCOMRAM 000028
___fltol@sign1                 cstackCOMRAM 000030
___inthi_sp                    stack        000000
___intlo_sp                    stack        000000
___param_bank                  (abs)        000000
___rparam_used                 (abs)        000001
___sp                          stack        000000
___xxtofl                      text30       00772E
___xxtofl@arg                  cstackCOMRAM 00000B
___xxtofl@exp                  cstackCOMRAM 00000A
___xxtofl@sign                 cstackCOMRAM 000009
___xxtofl@val                  cstackCOMRAM 000001
__accesstop                    (abs)        000060
__activetblptr                 (abs)        000002
__end_of_PRC                   text36       0079F2
__end_of_RCE                   text5        0075FA
__end_of___flmul               text32       008000
__end_of___fltol               text31       0074EE
__end_of___xxtofl              text30       00786E
__end_of__initialization       cinit        0070E2
__end_of_abs                   text26       006ECA
__end_of_aveSensor             text33       006FF2
__end_of_calibrate             text27       007CAE
__end_of_capTouch              text25       00721E
__end_of_classifyColors        text24       00772E
__end_of_clearPorts            text4        007146
__end_of_determineDirection    text16       007326
__end_of_displayColorDetected  text15       007434
__end_of_displayRaceColor      text14       006FAC
__end_of_error                 text37       006F32
__end_of_hardLeft              text23       006D9A
__end_of_hardRight             text22       006DB4
__end_of_init                  text1        006D80
__end_of_left                  text21       006DCE
__end_of_main                  text0        006D12
__end_of_msDelay               text29       0071AC
__end_of_navigate              text7        007096
__end_of_oneSecDelay           text28       006D50
__end_of_pyCal                 text6        007040
__end_of_readADC               text35       006CF4
__end_of_readAllSensors        text13       006F6E
__end_of_right                 text20       006DE8
__end_of_searchMode            text18       006CFE
__end_of_setADCChannel         text34       0072A2
__end_of_setupADC              text12       006E24
__end_of_setupOSC              text3        006D08
__end_of_setupPWMLeft          text11       006E46
__end_of_setupPWMRight         text10       006E68
__end_of_setupSerial           text2        006E98
__end_of_stopMotors            text9        006D3C
__end_of_straight              text17       006E02
__end_of_testBlack             text8        006EFC
__end_of_timer1setup           text19       006D68
__end_of_trans                 text38       006D1E
__initialization               cinit        007096
__mediumconst                  mediumconst  000000
__pbssBANK0                    bssBANK0     0000FA
__pcinit                       cinit        007096
__pcstackBANK0                 cstackBANK0  0000E6
__pcstackCOMRAM                cstackCOMRAM 000001
__pdataBANK0                   dataBANK0    000060
__pdataCOMRAM                  dataCOMRAM   000054
__pidataBANK0                  idataBANK0   007326
__pidataCOMRAM                 idataCOMRAM  006D1E
__ptext0                       text0        006D08
__ptext1                       text1        006D68
__ptext10                      text10       006E46
__ptext11                      text11       006E24
__ptext12                      text12       006E02
__ptext13                      text13       006F32
__ptext14                      text14       006F6E
__ptext15                      text15       0073AC
__ptext16                      text16       0072A2
__ptext17                      text17       006DE8
__ptext18                      text18       006CF4
__ptext19                      text19       006D50
__ptext2                       text2        006E68
__ptext20                      text20       006DCE
__ptext21                      text21       006DB4
__ptext22                      text22       006D9A
__ptext23                      text23       006D80
__ptext24                      text24       0075FA
__ptext25                      text25       0071AC
__ptext26                      text26       006E98
__ptext27                      text27       0079F2
__ptext28                      text28       006D3C
__ptext29                      text29       007146
__ptext3                       text3        006CFE
__ptext30                      text30       00772E
__ptext31                      text31       007434
__ptext32                      text32       007CAE
__ptext33                      text33       006FAC
__ptext34                      text34       00721E
__ptext35                      text35       006CEA
__ptext36                      text36       00786E
__ptext37                      text37       006EFC
__ptext38                      text38       006D12
__ptext4                       text4        0070EC
__ptext5                       text5        0074EE
__ptext6                       text6        006FF2
__ptext7                       text7        007040
__ptext8                       text8        006ECA
__ptext9                       text9        006D2A
__ramtop                       ramtop       000600
__size_of_PRC                  (abs)        000000
__size_of_RCE                  (abs)        000000
__size_of___flmul              (abs)        000000
__size_of___fltol              (abs)        000000
__size_of___xxtofl             (abs)        000000
__size_of_abs                  (abs)        000000
__size_of_aveSensor            (abs)        000000
__size_of_calibrate            (abs)        000000
__size_of_capTouch             (abs)        000000
__size_of_classifyColors       (abs)        000000
__size_of_clearPorts           (abs)        000000
__size_of_determineDirection   (abs)        000000
__size_of_displayColorDetected (abs)        000000
__size_of_displayRaceColor     (abs)        000000
__size_of_error                (abs)        000000
__size_of_hardLeft             (abs)        000000
__size_of_hardRight            (abs)        000000
__size_of_init                 (abs)        000000
__size_of_left                 (abs)        000000
__size_of_main                 (abs)        000000
__size_of_msDelay              (abs)        000000
__size_of_navigate             (abs)        000000
__size_of_oneSecDelay          (abs)        000000
__size_of_pyCal                (abs)        000000
__size_of_readADC              (abs)        000000
__size_of_readAllSensors       (abs)        000000
__size_of_right                (abs)        000000
__size_of_searchMode           (abs)        000000
__size_of_setADCChannel        (abs)        000000
__size_of_setupADC             (abs)        000000
__size_of_setupOSC             (abs)        000000
__size_of_setupPWMLeft         (abs)        000000
__size_of_setupPWMRight        (abs)        000000
__size_of_setupSerial          (abs)        000000
__size_of_stopMotors           (abs)        000000
__size_of_straight             (abs)        000000
__size_of_testBlack            (abs)        000000
__size_of_timer1setup          (abs)        000000
__size_of_trans                (abs)        000000
__smallconst                   smallconst   000000
_abs                           text26       006E98
_aveSensor                     text33       006FAC
_calibrate                     text27       0079F2
_capTouch                      text25       0071AC
_classifyColors                text24       0075FA
_clearPorts                    text4        0070EC
_col                           dataCOMRAM   000054
_colorsDetected                bssBANK0     0000FA
_determineDirection            text16       0072A2
_displayColorDetected          text15       0073AC
_displayRaceColor              text14       006F6E
_error                         text37       006EFC
_hardLeft                      text23       006D80
_hardRight                     text22       006D9A
_init                          text1        006D68
_left                          text21       006DB4
_main                          text0        006D08
_msDelay                       text29       007146
_navigate                      text7        007040
_oneSecDelay                   text28       006D3C
_pyCal                         text6        006FF2
_raceColor                     dataBANK0    0000B2
_readADC                       text35       006CEA
_readAllSensors                text13       006F32
_right                         text20       006DCE
_searchMode                    text18       006CF4
_sensorChannels                dataBANK0    0000C2
_sensorVals                    dataBANK0    0000D2
_setADCChannel                 text34       00721E
_setupADC                      text12       006E02
_setupOSC                      text3        006CFE
_setupPWMLeft                  text11       006E24
_setupPWMRight                 text10       006E46
_setupSerial                   text2        006E68
_size                          dataCOMRAM   000055
_stopMotors                    text9        006D2A
_straight                      text17       006DE8
_testBlack                     text8        006ECA
_timer1setup                   text19       006D50
_trans                         text38       006D12
abs@a                          cstackCOMRAM 000001
aveSensor@a                    cstackCOMRAM 00000A
aveSensor@measurements         cstackCOMRAM 000007
aveSensor@result               cstackCOMRAM 000009
aveSensor@s                    cstackCOMRAM 000006
calibrate@F6015                dataBANK0    0000CD
calibrate@samples              cstackCOMRAM 000039
calibrate@samples_1169         cstackCOMRAM 00003A
calibrate@samples_1170         cstackCOMRAM 00003B
calibrate@samples_1171         cstackCOMRAM 00003C
calibrate@samples_1172         cstackCOMRAM 00003D
calibrate@sensors              cstackCOMRAM 000034
calibrate@temp                 cstackCOMRAM 00003E
capTouch@F6042                 dataBANK0    000080
capTouch@a                     cstackCOMRAM 000051
capTouch@message               cstackCOMRAM 000033
capTouch@touch1                cstackCOMRAM 00004F
capTouch@touch2                cstackCOMRAM 000050
classifyColors@F6061           dataBANK0    0000A8
classifyColors@a               cstackCOMRAM 00000F
classifyColors@sensorRanges    cstackCOMRAM 000005
determineDirection@rc          cstackCOMRAM 000001
displayColorDetected@sensor    cstackCOMRAM 000003
end_of_initialization          cinit        0070E2
error@F6083                    dataBANK0    0000BB
error@a                        cstackCOMRAM 000009
error@message                  cstackCOMRAM 000002
intlevel0                      text         000000
intlevel1                      text         000000
intlevel2                      text         000000
intlevel3                      text         000000
msDelay@delayInMs              cstackCOMRAM 000032
oneSecDelay@a                  cstackCOMRAM 000033
pyCal@a                        cstackCOMRAM 000034
readAllSensors@a               cstackCOMRAM 00000B
setADCChannel@channel          cstackCOMRAM 000003
stackhi                        (abs)        0005FF
stacklo                        (abs)        0000FF
start                          init         000000
start_initialization           cinit        007096
trans@s                        cstackCOMRAM 000001


FUNCTION INFORMATION:

 *************** function _main *****************
 Defined at:
		line 94 in file "sanic.c"
 Parameters:    Size  Location     Type
		None
 Auto vars:     Size  Location     Type
		None
 Return value:  Size  Location     Type
                  1    wreg      void 
 Registers used:
		wreg, fsr1l, fsr1h, fsr2l, fsr2h, status,2, status,0, prodl, prodh, cstack
 Tracked objects:
		On entry : 
		On exit  : 
		Unchanged: 
 Data sizes:     COMRAM   BANK0   BANK1   BANK2   BANK3   BANK4   BANK5
      Params:         0       0       0       0       0       0       0
      Locals:         0       0       0       0       0       0       0
      Temps:          0       0       0       0       0       0       0
      Totals:         0       0       0       0       0       0       0
Total ram usage:        0 bytes
 Hardware stack levels required when called:    5
 This function calls:
		_RCE
		_init
 This function is called by:
		Startup code after reset
 This function uses a non-reentrant model


 *************** function _init *****************
 Defined at:
		line 123 in file "sanic.c"
 Parameters:    Size  Location     Type
		None
 Auto vars:     Size  Location     Type
		None
 Return value:  Size  Location     Type
                  1    wreg      void 
 Registers used:
		wreg, status,2, cstack
 Tracked objects:
		On entry : 
		On exit  : 
		Unchanged: 
 Data sizes:     COMRAM   BANK0   BANK1   BANK2   BANK3   BANK4   BANK5
      Params:         0       0       0       0       0       0       0
      Locals:         0       0       0       0       0       0       0
      Temps:          0       0       0       0       0       0       0
      Totals:         0       0       0       0       0       0       0
Total ram usage:        0 bytes
 Hardware stack levels used:    1
 Hardware stack levels required when called:    1
 This function calls:
		_clearPorts
		_setupADC
		_setupOSC
		_setupSerial
 This function is called by:
		_main
 This function uses a non-reentrant model


 *************** function _setupSerial *****************
 Defined at:
		line 96 in file "./functions.c"
 Parameters:    Size  Location     Type
		None
 Auto vars:     Size  Location     Type
		None
 Return value:  Size  Location     Type
                  1    wreg      void 
 Registers used:
		wreg, status,2
 Tracked objects:
		On entry : 
		On exit  : 
		Unchanged: 
 Data sizes:     COMRAM   BANK0   BANK1   BANK2   BANK3   BANK4   BANK5
      Params:         0       0       0       0       0       0       0
      Locals:         0       0       0       0       0       0       0
      Temps:          0       0       0       0       0       0       0
      Totals:         0       0       0       0       0       0       0
Total ram usage:        0 bytes
 Hardware stack levels used:    1
 This function calls:
		Nothing
 This function is called by:
		_init
 This function uses a non-reentrant model


 *************** function _setupOSC *****************
 Defined at:
		line 90 in file "./functions.c"
 Parameters:    Size  Location     Type
		None
 Auto vars:     Size  Location     Type
		None
 Return value:  Size  Location     Type
                  1    wreg      void 
 Registers used:
		wreg, status,2
 Tracked objects:
		On entry : 
		On exit  : 
		Unchanged: 
 Data sizes:     COMRAM   BANK0   BANK1   BANK2   BANK3   BANK4   BANK5
      Params:         0       0       0       0       0       0       0
      Locals:         0       0       0       0       0       0       0
      Temps:          0       0       0       0       0       0       0
      Totals:         0       0       0       0       0       0       0
Total ram usage:        0 bytes
 Hardware stack levels used:    1
 This function calls:
		Nothing
 This function is called by:
		_init
 This function uses a non-reentrant model


 *************** function _clearPorts *****************
 Defined at:
		line 59 in file "./functions.c"
 Parameters:    Size  Location     Type
		None
 Auto vars:     Size  Location     Type
		None
 Return value:  Size  Location     Type
                  1    wreg      void 
 Registers used:
		wreg, status,2
 Tracked objects:
		On entry : 
		On exit  : 
		Unchanged: 
 Data sizes:     COMRAM   BANK0   BANK1   BANK2   BANK3   BANK4   BANK5
      Params:         0       0       0       0       0       0       0
      Locals:         0       0       0       0       0       0       0
      Temps:          0       0       0       0       0       0       0
      Totals:         0       0       0       0       0       0       0
Total ram usage:        0 bytes
 Hardware stack levels used:    1
 This function calls:
		Nothing
 This function is called by:
		_init
 This function uses a non-reentrant model


 *************** function _RCE *****************
 Defined at:
		line 131 in file "sanic.c"
 Parameters:    Size  Location     Type
		None
 Auto vars:     Size  Location     Type
  a               1   19[BANK0 ] unsigned char 
  a               1   18[BANK0 ] unsigned char 
  message        14    0[BANK0 ] unsigned char [14]
  commandRecei    3   14[BANK0 ] unsigned char [3]
  nCharsReceiv    1   17[BANK0 ] unsigned char 
 Return value:  Size  Location     Type
                  1    wreg      void 
 Registers used:
		wreg, fsr1l, fsr1h, fsr2l, fsr2h, status,2, status,0, prodl, prodh, cstack
 Tracked objects:
		On entry : 
		On exit  : 
		Unchanged: 
 Data sizes:     COMRAM   BANK0   BANK1   BANK2   BANK3   BANK4   BANK5
      Params:         0       0       0       0       0       0       0
      Locals:         0      20       0       0       0       0       0
      Temps:          2       0       0       0       0       0       0
      Totals:         2      20       0       0       0       0       0
Total ram usage:       22 bytes
 Hardware stack levels used:    1
 Hardware stack levels required when called:    4
 This function calls:
		_PRC
		_calibrate
		_capTouch
		_error
		_navigate
		_pyCal
		_trans
 This function is called by:
		_main
 This function uses a non-reentrant model


 *************** function _pyCal *****************
 Defined at:
		line 410 in file "./functions.c"
 Parameters:    Size  Location     Type
		None
 Auto vars:     Size  Location     Type
  a               1   51[COMRAM] unsigned char 
  done            1    0        unsigned char 
 Return value:  Size  Location     Type
                  1    wreg      void 
 Registers used:
		wreg, fsr2l, fsr2h, status,2, status,0, prodl, prodh, cstack
 Tracked objects:
		On entry : 
		On exit  : 
		Unchanged: 
 Data sizes:     COMRAM   BANK0   BANK1   BANK2   BANK3   BANK4   BANK5
      Params:         0       0       0       0       0       0       0
      Locals:         2       0       0       0       0       0       0
      Temps:          0       0       0       0       0       0       0
      Totals:         2       0       0       0       0       0       0
Total ram usage:        2 bytes
 Hardware stack levels used:    1
 Hardware stack levels required when called:    2
 This function calls:
		_aveSensor
		_msDelay
		_setupADC
		_trans
 This function is called by:
		_RCE
 This function uses a non-reentrant model


 *************** function _navigate *****************
 Defined at:
		line 435 in file "./functions.c"
 Parameters:    Size  Location     Type
		None
 Auto vars:     Size  Location     Type
		None
 Return value:  Size  Location     Type
                  1    wreg      void 
 Registers used:
		wreg, fsr1l, fsr1h, fsr2l, fsr2h, status,2, status,0, prodl, prodh, cstack
 Tracked objects:
		On entry : 
		On exit  : 
		Unchanged: 
 Data sizes:     COMRAM   BANK0   BANK1   BANK2   BANK3   BANK4   BANK5
      Params:         0       0       0       0       0       0       0
      Locals:         0       0       0       0       0       0       0
      Temps:          0       0       0       0       0       0       0
      Totals:         0       0       0       0       0       0       0
Total ram usage:        0 bytes
 Hardware stack levels used:    1
 Hardware stack levels required when called:    3
 This function calls:
		_classifyColors
		_determineDirection
		_displayColorDetected
		_displayRaceColor
		_msDelay
		_readAllSensors
		_setupADC
		_setupPWMLeft
		_setupPWMRight
		_stopMotors
		_testBlack
 This function is called by:
		_RCE
 This function uses a non-reentrant model


 *************** function _testBlack *****************
 Defined at:
		line 682 in file "./functions.c"
 Parameters:    Size  Location     Type
		None
 Auto vars:     Size  Location     Type
		None
 Return value:  Size  Location     Type
                  1    wreg      unsigned char 
 Registers used:
		wreg, status,2, status,0
 Tracked objects:
		On entry : 
		On exit  : 
		Unchanged: 
 Data sizes:     COMRAM   BANK0   BANK1   BANK2   BANK3   BANK4   BANK5
      Params:         0       0       0       0       0       0       0
      Locals:         0       0       0       0       0       0       0
      Temps:          0       0       0       0       0       0       0
      Totals:         0       0       0       0       0       0       0
Total ram usage:        0 bytes
 Hardware stack levels used:    1
 This function calls:
		Nothing
 This function is called by:
		_navigate
 This function uses a non-reentrant model


 *************** function _stopMotors *****************
 Defined at:
		line 781 in file "./functions.c"
 Parameters:    Size  Location     Type
		None
 Auto vars:     Size  Location     Type
		None
 Return value:  Size  Location     Type
                  1    wreg      void 
 Registers used:
		wreg, status,2
 Tracked objects:
		On entry : 
		On exit  : 
		Unchanged: 
 Data sizes:     COMRAM   BANK0   BANK1   BANK2   BANK3   BANK4   BANK5
      Params:         0       0       0       0       0       0       0
      Locals:         0       0       0       0       0       0       0
      Temps:          0       0       0       0       0       0       0
      Totals:         0       0       0       0       0       0       0
Total ram usage:        0 bytes
 Hardware stack levels used:    1
 This function calls:
		Nothing
 This function is called by:
		_navigate
 This function uses a non-reentrant model


 *************** function _setupPWMRight *****************
 Defined at:
		line 40 in file "./functions.c"
 Parameters:    Size  Location     Type
		None
 Auto vars:     Size  Location     Type
		None
 Return value:  Size  Location     Type
                  1    wreg      void 
 Registers used:
		wreg, status,2
 Tracked objects:
		On entry : 
		On exit  : 
		Unchanged: 
 Data sizes:     COMRAM   BANK0   BANK1   BANK2   BANK3   BANK4   BANK5
      Params:         0       0       0       0       0       0       0
      Locals:         0       0       0       0       0       0       0
      Temps:          0       0       0       0       0       0       0
      Totals:         0       0       0       0       0       0       0
Total ram usage:        0 bytes
 Hardware stack levels used:    1
 This function calls:
		Nothing
 This function is called by:
		_navigate
 This function uses a non-reentrant model


 *************** function _setupPWMLeft *****************
 Defined at:
		line 23 in file "./functions.c"
 Parameters:    Size  Location     Type
		None
 Auto vars:     Size  Location     Type
		None
 Return value:  Size  Location     Type
                  1    wreg      void 
 Registers used:
		wreg, status,2
 Tracked objects:
		On entry : 
		On exit  : 
		Unchanged: 
 Data sizes:     COMRAM   BANK0   BANK1   BANK2   BANK3   BANK4   BANK5
      Params:         0       0       0       0       0       0       0
      Locals:         0       0       0       0       0       0       0
      Temps:          0       0       0       0       0       0       0
      Totals:         0       0       0       0       0       0       0
Total ram usage:        0 bytes
 Hardware stack levels used:    1
 This function calls:
		Nothing
 This function is called by:
		_navigate
 This function uses a non-reentrant model


 *************** function _setupADC *****************
 Defined at:
		line 119 in file "./functions.c"
 Parameters:    Size  Location     Type
		None
 Auto vars:     Size  Location     Type
		None
 Return value:  Size  Location     Type
                  1    wreg      void 
 Registers used:
		wreg, status,2
 Tracked objects:
		On entry : 
		On exit  : 
		Unchanged: 
 Data sizes:     COMRAM   BANK0   BANK1   BANK2   BANK3   BANK4   BANK5
      Params:         0       0       0       0       0       0       0
      Locals:         0       0       0       0       0       0       0
      Temps:          0       0       0       0       0       0       0
      Totals:         0       0       0       0       0       0       0
Total ram usage:        0 bytes
 Hardware stack levels used:    1
 This function calls:
		Nothing
 This function is called by:
		_pyCal
		_navigate
		_init
 This function uses a non-reentrant model


 *************** function _readAllSensors *****************
 Defined at:
		line 813 in file "./functions.c"
 Parameters:    Size  Location     Type
		None
 Auto vars:     Size  Location     Type
  a               2   10[COMRAM] unsigned int 
 Return value:  Size  Location     Type
                  1    wreg      void 
 Registers used:
		wreg, fsr1l, fsr1h, fsr2l, fsr2h, status,2, status,0, cstack
 Tracked objects:
		On entry : 
		On exit  : 
		Unchanged: 
 Data sizes:     COMRAM   BANK0   BANK1   BANK2   BANK3   BANK4   BANK5
      Params:         0       0       0       0       0       0       0
      Locals:         2       0       0       0       0       0       0
      Temps:          0       0       0       0       0       0       0
      Totals:         2       0       0       0       0       0       0
Total ram usage:        2 bytes
 Hardware stack levels used:    1
 Hardware stack levels required when called:    2
 This function calls:
		_aveSensor
 This function is called by:
		_navigate
 This function uses a non-reentrant model


 *************** function _displayRaceColor *****************
 Defined at:
		line 793 in file "./functions.c"
 Parameters:    Size  Location     Type
		None
 Auto vars:     Size  Location     Type
		None
 Return value:  Size  Location     Type
                  1    wreg      void 
 Registers used:
		wreg, status,2
 Tracked objects:
		On entry : 
		On exit  : 
		Unchanged: 
 Data sizes:     COMRAM   BANK0   BANK1   BANK2   BANK3   BANK4   BANK5
      Params:         0       0       0       0       0       0       0
      Locals:         0       0       0       0       0       0       0
      Temps:          0       0       0       0       0       0       0
      Totals:         0       0       0       0       0       0       0
Total ram usage:        0 bytes
 Hardware stack levels used:    1
 This function calls:
		Nothing
 This function is called by:
		_navigate
 This function uses a non-reentrant model


 *************** function _displayColorDetected *****************
 Defined at:
		line 728 in file "./functions.c"
 Parameters:    Size  Location     Type
  sensor          1    wreg     unsigned char 
 Auto vars:     Size  Location     Type
  sensor          1    2[COMRAM] unsigned char 
 Return value:  Size  Location     Type
                  1    wreg      void 
 Registers used:
		wreg, fsr2l, fsr2h, status,2, status,0
 Tracked objects:
		On entry : 
		On exit  : 
		Unchanged: 
 Data sizes:     COMRAM   BANK0   BANK1   BANK2   BANK3   BANK4   BANK5
      Params:         0       0       0       0       0       0       0
      Locals:         1       0       0       0       0       0       0
      Temps:          2       0       0       0       0       0       0
      Totals:         3       0       0       0       0       0       0
Total ram usage:        3 bytes
 Hardware stack levels used:    1
 This function calls:
		Nothing
 This function is called by:
		_navigate
 This function uses a non-reentrant model


 *************** function _determineDirection *****************
 Defined at:
		line 632 in file "./functions.c"
 Parameters:    Size  Location     Type
		None
 Auto vars:     Size  Location     Type
  rc              1    0[COMRAM] unsigned char 
 Return value:  Size  Location     Type
                  1    wreg      void 
 Registers used:
		wreg, status,2, status,0, cstack
 Tracked objects:
		On entry : 
		On exit  : 
		Unchanged: 
 Data sizes:     COMRAM   BANK0   BANK1   BANK2   BANK3   BANK4   BANK5
      Params:         0       0       0       0       0       0       0
      Locals:         1       0       0       0       0       0       0
      Temps:          0       0       0       0       0       0       0
      Totals:         1       0       0       0       0       0       0
Total ram usage:        1 bytes
 Hardware stack levels used:    1
 Hardware stack levels required when called:    2
 This function calls:
		_hardLeft
		_hardRight
		_left
		_right
		_searchMode
		_straight
 This function is called by:
		_navigate
 This function uses a non-reentrant model


 *************** function _straight *****************
 Defined at:
		line 506 in file "./functions.c"
 Parameters:    Size  Location     Type
		None
 Auto vars:     Size  Location     Type
		None
 Return value:  Size  Location     Type
                  1    wreg      void 
 Registers used:
		wreg, status,2
 Tracked objects:
		On entry : 
		On exit  : 
		Unchanged: 
 Data sizes:     COMRAM   BANK0   BANK1   BANK2   BANK3   BANK4   BANK5
      Params:         0       0       0       0       0       0       0
      Locals:         0       0       0       0       0       0       0
      Temps:          0       0       0       0       0       0       0
      Totals:         0       0       0       0       0       0       0
Total ram usage:        0 bytes
 Hardware stack levels used:    1
 This function calls:
		Nothing
 This function is called by:
		_determineDirection
 This function uses a non-reentrant model


 *************** function _searchMode *****************
 Defined at:
		line 493 in file "./functions.c"
 Parameters:    Size  Location     Type
		None
 Auto vars:     Size  Location     Type
		None
 Return value:  Size  Location     Type
                  1    wreg      void 
 Registers used:
		wreg, status,2, cstack
 Tracked objects:
		On entry : 
		On exit  : 
		Unchanged: 
 Data sizes:     COMRAM   BANK0   BANK1   BANK2   BANK3   BANK4   BANK5
      Params:         0       0       0       0       0       0       0
      Locals:         0       0       0       0       0       0       0
      Temps:          0       0       0       0       0       0       0
      Totals:         0       0       0       0       0       0       0
Total ram usage:        0 bytes
 Hardware stack levels used:    1
 Hardware stack levels required when called:    1
 This function calls:
		_timer1setup
 This function is called by:
		_determineDirection
 This function uses a non-reentrant model


 *************** function _timer1setup *****************
 Defined at:
		line 963 in file "./functions.c"
 Parameters:    Size  Location     Type
		None
 Auto vars:     Size  Location     Type
		None
 Return value:  Size  Location     Type
                  1    wreg      void 
 Registers used:
		wreg, status,2
 Tracked objects:
		On entry : 
		On exit  : 
		Unchanged: 
 Data sizes:     COMRAM   BANK0   BANK1   BANK2   BANK3   BANK4   BANK5
      Params:         0       0       0       0       0       0       0
      Locals:         0       0       0       0       0       0       0
      Temps:          0       0       0       0       0       0       0
      Totals:         0       0       0       0       0       0       0
Total ram usage:        0 bytes
 Hardware stack levels used:    1
 This function calls:
		Nothing
 This function is called by:
		_searchMode
 This function uses a non-reentrant model


 *************** function _right *****************
 Defined at:
		line 553 in file "./functions.c"
 Parameters:    Size  Location     Type
		None
 Auto vars:     Size  Location     Type
		None
 Return value:  Size  Location     Type
                  1    wreg      void 
 Registers used:
		wreg, status,2
 Tracked objects:
		On entry : 
		On exit  : 
		Unchanged: 
 Data sizes:     COMRAM   BANK0   BANK1   BANK2   BANK3   BANK4   BANK5
      Params:         0       0       0       0       0       0       0
      Locals:         0       0       0       0       0       0       0
      Temps:          0       0       0       0       0       0       0
      Totals:         0       0       0       0       0       0       0
Total ram usage:        0 bytes
 Hardware stack levels used:    1
 This function calls:
		Nothing
 This function is called by:
		_determineDirection
 This function uses a non-reentrant model


 *************** function _left *****************
 Defined at:
		line 521 in file "./functions.c"
 Parameters:    Size  Location     Type
		None
 Auto vars:     Size  Location     Type
		None
 Return value:  Size  Location     Type
                  1    wreg      void 
 Registers used:
		wreg, status,2
 Tracked objects:
		On entry : 
		On exit  : 
		Unchanged: 
 Data sizes:     COMRAM   BANK0   BANK1   BANK2   BANK3   BANK4   BANK5
      Params:         0       0       0       0       0       0       0
      Locals:         0       0       0       0       0       0       0
      Temps:          0       0       0       0       0       0       0
      Totals:         0       0       0       0       0       0       0
Total ram usage:        0 bytes
 Hardware stack levels used:    1
 This function calls:
		Nothing
 This function is called by:
		_determineDirection
 This function uses a non-reentrant model


 *************** function _hardRight *****************
 Defined at:
		line 569 in file "./functions.c"
 Parameters:    Size  Location     Type
		None
 Auto vars:     Size  Location     Type
		None
 Return value:  Size  Location     Type
                  1    wreg      void 
 Registers used:
		wreg, status,2
 Tracked objects:
		On entry : 
		On exit  : 
		Unchanged: 
 Data sizes:     COMRAM   BANK0   BANK1   BANK2   BANK3   BANK4   BANK5
      Params:         0       0       0       0       0       0       0
      Locals:         0       0       0       0       0       0       0
      Temps:          0       0       0       0       0       0       0
      Totals:         0       0       0       0       0       0       0
Total ram usage:        0 bytes
 Hardware stack levels used:    1
 This function calls:
		Nothing
 This function is called by:
		_determineDirection
 This function uses a non-reentrant model


 *************** function _hardLeft *****************
 Defined at:
		line 537 in file "./functions.c"
 Parameters:    Size  Location     Type
		None
 Auto vars:     Size  Location     Type
		None
 Return value:  Size  Location     Type
                  1    wreg      void 
 Registers used:
		wreg, status,2
 Tracked objects:
		On entry : 
		On exit  : 
		Unchanged: 
 Data sizes:     COMRAM   BANK0   BANK1   BANK2   BANK3   BANK4   BANK5
      Params:         0       0       0       0       0       0       0
      Locals:         0       0       0       0       0       0       0
      Temps:          0       0       0       0       0       0       0
      Totals:         0       0       0       0       0       0       0
Total ram usage:        0 bytes
 Hardware stack levels used:    1
 This function calls:
		Nothing
 This function is called by:
		_determineDirection
 This function uses a non-reentrant model


 *************** function _classifyColors *****************
 Defined at:
		line 703 in file "./functions.c"
 Parameters:    Size  Location     Type
		None
 Auto vars:     Size  Location     Type
  a               1   14[COMRAM] unsigned char 
  sensorRanges   10    4[COMRAM] PTR unsigned char [5]
		 -> RRranges(5), Rranges(5), Mranges(5), Lranges(5), 
		 -> LLranges(5), 
 Return value:  Size  Location     Type
                  1    wreg      void 
 Registers used:
		wreg, fsr1l, fsr1h, fsr2l, fsr2h, status,2, status,0, prodl, prodh
 Tracked objects:
		On entry : 
		On exit  : 
		Unchanged: 
 Data sizes:     COMRAM   BANK0   BANK1   BANK2   BANK3   BANK4   BANK5
      Params:         0       0       0       0       0       0       0
      Locals:        11       0       0       0       0       0       0
      Temps:          4       0       0       0       0       0       0
      Totals:        15       0       0       0       0       0       0
Total ram usage:       15 bytes
 Hardware stack levels used:    1
 This function calls:
		Nothing
 This function is called by:
		_navigate
 This function uses a non-reentrant model


 *************** function _capTouch *****************
 Defined at:
		line 464 in file "./functions.c"
 Parameters:    Size  Location     Type
		None
 Auto vars:     Size  Location     Type
  a               1   80[COMRAM] unsigned char 
  message        26   50[COMRAM] unsigned char [26]
  change          2    0        int 
  touch2          1   79[COMRAM] unsigned char 
  touch1          1   78[COMRAM] unsigned char 
 Return value:  Size  Location     Type
                  1    wreg      void 
 Registers used:
		wreg, fsr1l, fsr1h, fsr2l, fsr2h, status,2, status,0, prodl, prodh, cstack
 Tracked objects:
		On entry : 
		On exit  : 
		Unchanged: 
 Data sizes:     COMRAM   BANK0   BANK1   BANK2   BANK3   BANK4   BANK5
      Params:         0       0       0       0       0       0       0
      Locals:        31       0       0       0       0       0       0
      Temps:          0       0       0       0       0       0       0
      Totals:        31       0       0       0       0       0       0
Total ram usage:       31 bytes
 Hardware stack levels used:    1
 Hardware stack levels required when called:    2
 This function calls:
		_abs
		_aveSensor
		_msDelay
		_trans
 This function is called by:
		_RCE
 This function uses a non-reentrant model


 *************** function _abs *****************
 Defined at:
		line 1 in file "C:\Program Files (x86)\Microchip\xc8\v2.05\pic\sources\c99\common\abs.c"
 Parameters:    Size  Location     Type
  a               2    0[COMRAM] int 
 Auto vars:     Size  Location     Type
		None
 Return value:  Size  Location     Type
                  2    0[COMRAM] int 
 Registers used:
		wreg, status,2, status,0
 Tracked objects:
		On entry : 
		On exit  : 
		Unchanged: 
 Data sizes:     COMRAM   BANK0   BANK1   BANK2   BANK3   BANK4   BANK5
      Params:         2       0       0       0       0       0       0
      Locals:         0       0       0       0       0       0       0
      Temps:          2       0       0       0       0       0       0
      Totals:         4       0       0       0       0       0       0
Total ram usage:        4 bytes
 Hardware stack levels used:    1
 This function calls:
		Nothing
 This function is called by:
		_capTouch
 This function uses a non-reentrant model


 *************** function _calibrate *****************
 Defined at:
		line 137 in file "./functions.c"
 Parameters:    Size  Location     Type
		None
 Auto vars:     Size  Location     Type
  samples         1   60[COMRAM] unsigned char 
  samples         1   59[COMRAM] unsigned char 
  samples         1   58[COMRAM] unsigned char 
  samples         1   57[COMRAM] unsigned char 
  samples         1   56[COMRAM] unsigned char 
  sensors         5   51[COMRAM] unsigned char [5]
  temp            1   61[COMRAM] unsigned char 
 Return value:  Size  Location     Type
                  1    wreg      void 
 Registers used:
		wreg, fsr1l, fsr1h, fsr2l, fsr2h, status,2, status,0, prodl, prodh, cstack
 Tracked objects:
		On entry : 
		On exit  : 
		Unchanged: 
 Data sizes:     COMRAM   BANK0   BANK1   BANK2   BANK3   BANK4   BANK5
      Params:         0       0       0       0       0       0       0
      Locals:        11       0       0       0       0       0       0
      Temps:          0       0       0       0       0       0       0
      Totals:        11       0       0       0       0       0       0
Total ram usage:       11 bytes
 Hardware stack levels used:    1
 Hardware stack levels required when called:    3
 This function calls:
		_aveSensor
		_oneSecDelay
 This function is called by:
		_RCE
 This function uses a non-reentrant model


 *************** function _oneSecDelay *****************
 Defined at:
		line 931 in file "./functions.c"
 Parameters:    Size  Location     Type
		None
 Auto vars:     Size  Location     Type
  a               1   50[COMRAM] unsigned char 
 Return value:  Size  Location     Type
                  1    wreg      void 
 Registers used:
		wreg, status,2, status,0, prodl, prodh, cstack
 Tracked objects:
		On entry : 
		On exit  : 
		Unchanged: 
 Data sizes:     COMRAM   BANK0   BANK1   BANK2   BANK3   BANK4   BANK5
      Params:         0       0       0       0       0       0       0
      Locals:         1       0       0       0       0       0       0
      Temps:          0       0       0       0       0       0       0
      Totals:         1       0       0       0       0       0       0
Total ram usage:        1 bytes
 Hardware stack levels used:    1
 Hardware stack levels required when called:    2
 This function calls:
		_msDelay
 This function is called by:
		_calibrate
 This function uses a non-reentrant model


 *************** function _msDelay *****************
 Defined at:
		line 941 in file "./functions.c"
 Parameters:    Size  Location     Type
  delayInMs       1    wreg     unsigned char 
 Auto vars:     Size  Location     Type
  delayInMs       1   49[COMRAM] unsigned char 
 Return value:  Size  Location     Type
                  1    wreg      void 
 Registers used:
		wreg, status,2, status,0, prodl, prodh, cstack
 Tracked objects:
		On entry : 
		On exit  : 
		Unchanged: 
 Data sizes:     COMRAM   BANK0   BANK1   BANK2   BANK3   BANK4   BANK5
      Params:         0       0       0       0       0       0       0
      Locals:         1       0       0       0       0       0       0
      Temps:          0       0       0       0       0       0       0
      Totals:         1       0       0       0       0       0       0
Total ram usage:        1 bytes
 Hardware stack levels used:    1
 Hardware stack levels required when called:    1
 This function calls:
		___flmul
		___fltol
		___xxtofl
 This function is called by:
		_pyCal
		_navigate
		_capTouch
		_oneSecDelay
		_turn45p
 This function uses a non-reentrant model


 *************** function ___xxtofl *****************
 Defined at:
		line 10 in file "C:\Program Files (x86)\Microchip\xc8\v2.05\pic\sources\c99\common\xxtofl.c"
 Parameters:    Size  Location     Type
  sign            1    wreg     unsigned char 
  val             4    0[COMRAM] long 
 Auto vars:     Size  Location     Type
  sign            1    8[COMRAM] unsigned char 
  arg             4   10[COMRAM] unsigned long 
  exp             1    9[COMRAM] unsigned char 
 Return value:  Size  Location     Type
                  4    0[COMRAM] unsigned char 
 Registers used:
		wreg, status,2, status,0
 Tracked objects:
		On entry : 
		On exit  : 
		Unchanged: 
 Data sizes:     COMRAM   BANK0   BANK1   BANK2   BANK3   BANK4   BANK5
      Params:         4       0       0       0       0       0       0
      Locals:         6       0       0       0       0       0       0
      Temps:          4       0       0       0       0       0       0
      Totals:        14       0       0       0       0       0       0
Total ram usage:       14 bytes
 Hardware stack levels used:    1
 This function calls:
		Nothing
 This function is called by:
		_msDelay
		_timer6Setup
 This function uses a non-reentrant model


 *************** function ___fltol *****************
 Defined at:
		line 43 in file "C:\Program Files (x86)\Microchip\xc8\v2.05\pic\sources\c99\common\fltol.c"
 Parameters:    Size  Location     Type
  f1              4   39[COMRAM] unsigned char 
 Auto vars:     Size  Location     Type
  exp1            1   48[COMRAM] unsigned char 
  sign1           1   47[COMRAM] unsigned char 
 Return value:  Size  Location     Type
                  4   39[COMRAM] long 
 Registers used:
		wreg, status,2, status,0
 Tracked objects:
		On entry : 
		On exit  : 
		Unchanged: 
 Data sizes:     COMRAM   BANK0   BANK1   BANK2   BANK3   BANK4   BANK5
      Params:         4       0       0       0       0       0       0
      Locals:         2       0       0       0       0       0       0
      Temps:          4       0       0       0       0       0       0
      Totals:        10       0       0       0       0       0       0
Total ram usage:       10 bytes
 Hardware stack levels used:    1
 This function calls:
		Nothing
 This function is called by:
		_msDelay
		_timer6Setup
 This function uses a non-reentrant model


 *************** function ___flmul *****************
 Defined at:
		line 8 in file "C:\Program Files (x86)\Microchip\xc8\v2.05\pic\sources\c99\common\sprcmul.c"
 Parameters:    Size  Location     Type
  b               4   14[COMRAM] long 
  a               4   18[COMRAM] long 
 Auto vars:     Size  Location     Type
  prod            4   33[COMRAM] struct .
  grs             4   27[COMRAM] unsigned long 
  temp            2   37[COMRAM] struct .
  bexp            1   32[COMRAM] unsigned char 
  aexp            1   31[COMRAM] unsigned char 
  sign            1   26[COMRAM] unsigned char 
 Return value:  Size  Location     Type
                  4   14[COMRAM] unsigned char 
 Registers used:
		wreg, status,2, status,0, prodl, prodh
 Tracked objects:
		On entry : 
		On exit  : 
		Unchanged: 
 Data sizes:     COMRAM   BANK0   BANK1   BANK2   BANK3   BANK4   BANK5
      Params:         8       0       0       0       0       0       0
      Locals:        13       0       0       0       0       0       0
      Temps:          4       0       0       0       0       0       0
      Totals:        25       0       0       0       0       0       0
Total ram usage:       25 bytes
 Hardware stack levels used:    1
 This function calls:
		Nothing
 This function is called by:
		_msDelay
		_timer6Setup
 This function uses a non-reentrant model


 *************** function _aveSensor *****************
 Defined at:
		line 887 in file "./functions.c"
 Parameters:    Size  Location     Type
  s               1    wreg     unsigned char 
 Auto vars:     Size  Location     Type
  s               1    5[COMRAM] unsigned char 
  a               1    9[COMRAM] unsigned char 
  measurements    2    6[COMRAM] unsigned int 
  result          1    8[COMRAM] unsigned char 
 Return value:  Size  Location     Type
                  1    wreg      unsigned char 
 Registers used:
		wreg, status,2, status,0, cstack
 Tracked objects:
		On entry : 
		On exit  : 
		Unchanged: 
 Data sizes:     COMRAM   BANK0   BANK1   BANK2   BANK3   BANK4   BANK5
      Params:         0       0       0       0       0       0       0
      Locals:         5       0       0       0       0       0       0
      Temps:          2       0       0       0       0       0       0
      Totals:         7       0       0       0       0       0       0
Total ram usage:        7 bytes
 Hardware stack levels used:    1
 Hardware stack levels required when called:    1
 This function calls:
		_readADC
		_setADCChannel
 This function is called by:
		_calibrate
		_pyCal
		_capTouch
		_readAllSensors
 This function uses a non-reentrant model


 *************** function _setADCChannel *****************
 Defined at:
		line 836 in file "./functions.c"
 Parameters:    Size  Location     Type
  channel         1    wreg     unsigned char 
 Auto vars:     Size  Location     Type
  channel         1    2[COMRAM] unsigned char 
 Return value:  Size  Location     Type
                  1    wreg      void 
 Registers used:
		wreg, status,2, status,0
 Tracked objects:
		On entry : 
		On exit  : 
		Unchanged: 
 Data sizes:     COMRAM   BANK0   BANK1   BANK2   BANK3   BANK4   BANK5
      Params:         0       0       0       0       0       0       0
      Locals:         1       0       0       0       0       0       0
      Temps:          2       0       0       0       0       0       0
      Totals:         3       0       0       0       0       0       0
Total ram usage:        3 bytes
 Hardware stack levels used:    1
 This function calls:
		Nothing
 This function is called by:
		_aveSensor
 This function uses a non-reentrant model


 *************** function _readADC *****************
 Defined at:
		line 877 in file "./functions.c"
 Parameters:    Size  Location     Type
		None
 Auto vars:     Size  Location     Type
		None
 Return value:  Size  Location     Type
                  1    wreg      unsigned char 
 Registers used:
		wreg, status,2
 Tracked objects:
		On entry : 
		On exit  : 
		Unchanged: 
 Data sizes:     COMRAM   BANK0   BANK1   BANK2   BANK3   BANK4   BANK5
      Params:         0       0       0       0       0       0       0
      Locals:         0       0       0       0       0       0       0
      Temps:          0       0       0       0       0       0       0
      Totals:         0       0       0       0       0       0       0
Total ram usage:        0 bytes
 Hardware stack levels used:    1
 This function calls:
		Nothing
 This function is called by:
		_aveSensor
 This function uses a non-reentrant model


 *************** function _PRC *****************
 Defined at:
		line 335 in file "./functions.c"
 Parameters:    Size  Location     Type
		None
 Auto vars:     Size  Location     Type
  a               1   56[COMRAM] unsigned char 
  a               1   55[COMRAM] unsigned char 
  a               1   54[COMRAM] unsigned char 
  a               1   53[COMRAM] unsigned char 
  a               1   52[COMRAM] unsigned char 
  a               1   51[COMRAM] unsigned char 
  a               1   50[COMRAM] unsigned char 
  a               1   49[COMRAM] unsigned char 
  a               1   48[COMRAM] unsigned char 
  message        32   11[COMRAM] unsigned char [32]
  message2        5   43[COMRAM] unsigned char [5]
 Return value:  Size  Location     Type
                  1    wreg      void 
 Registers used:
		wreg, fsr1l, fsr1h, fsr2l, fsr2h, status,2, status,0, cstack
 Tracked objects:
		On entry : 
		On exit  : 
		Unchanged: 
 Data sizes:     COMRAM   BANK0   BANK1   BANK2   BANK3   BANK4   BANK5
      Params:         0       0       0       0       0       0       0
      Locals:        46       0       0       0       0       0       0
      Temps:          2       0       0       0       0       0       0
      Totals:        48       0       0       0       0       0       0
Total ram usage:       48 bytes
 Hardware stack levels used:    1
 Hardware stack levels required when called:    2
 This function calls:
		_error
		_trans
 This function is called by:
		_RCE
 This function uses a non-reentrant model


 *************** function _error *****************
 Defined at:
		line 915 in file "./functions.c"
 Parameters:    Size  Location     Type
		None
 Auto vars:     Size  Location     Type
  a               1    8[COMRAM] unsigned char 
  message         7    1[COMRAM] unsigned char [7]
 Return value:  Size  Location     Type
                  1    wreg      void 
 Registers used:
		wreg, fsr1l, fsr1h, fsr2l, fsr2h, status,2, status,0, cstack
 Tracked objects:
		On entry : 
		On exit  : 
		Unchanged: 
 Data sizes:     COMRAM   BANK0   BANK1   BANK2   BANK3   BANK4   BANK5
      Params:         0       0       0       0       0       0       0
      Locals:         8       0       0       0       0       0       0
      Temps:          0       0       0       0       0       0       0
      Totals:         8       0       0       0       0       0       0
Total ram usage:        8 bytes
 Hardware stack levels used:    1
 Hardware stack levels required when called:    1
 This function calls:
		_trans
 This function is called by:
		_PRC
		_RCE
 This function uses a non-reentrant model


 *************** function _trans *****************
 Defined at:
		line 820 in file "./functions.c"
 Parameters:    Size  Location     Type
  s               1    wreg     unsigned char 
 Auto vars:     Size  Location     Type
  s               1    0[COMRAM] unsigned char 
 Return value:  Size  Location     Type
                  1    wreg      void 
 Registers used:
		wreg
 Tracked objects:
		On entry : 
		On exit  : 
		Unchanged: 
 Data sizes:     COMRAM   BANK0   BANK1   BANK2   BANK3   BANK4   BANK5
      Params:         0       0       0       0       0       0       0
      Locals:         1       0       0       0       0       0       0
      Temps:          0       0       0       0       0       0       0
      Totals:         1       0       0       0       0       0       0
Total ram usage:        1 bytes
 Hardware stack levels used:    1
 This function calls:
		Nothing
 This function is called by:
		_PRC
		_pyCal
		_capTouch
		_error
		_RCE
 This function uses a non-reentrant model



MODULE INFORMATION

Module		Function		Class		Link	Load	Size
sanic.c
		_init          		CODE           	6D68	0000	25
		_main          		CODE           	6D08	0000	11
		_RCE           		CODE           	74EE	0000	269

sanic.c estimated size: 305

C:\Program Files (x86)\Microchip\xc8\v2.05\pic\sources\c99\common\xxtofl.c
		___xxtofl      		CODE           	772E	0000	321

C:\Program Files (x86)\Microchip\xc8\v2.05\pic\sources\c99\common\xxtofl.c estimated size: 321

C:\Program Files (x86)\Microchip\xc8\v2.05\pic\sources\c99\common\fltol.c
		___fltol       		CODE           	7434	0000	187

C:\Program Files (x86)\Microchip\xc8\v2.05\pic\sources\c99\common\fltol.c estimated size: 187

./functions.c
		_setADCChannel 		CODE           	721E	0000	133
		_determineDirection		CODE           	72A2	0000	133
		_setupOSC      		CODE           	6CFE	0000	11
		_straight      		CODE           	6DE8	0000	27
		_readAllSensors		CODE           	6F32	0000	61
		_trans         		CODE           	6D12	0000	13
		_setupPWMLeft  		CODE           	6E24	0000	35
		_searchMode    		CODE           	6CF4	0000	11
		_setupPWMRight 		CODE           	6E46	0000	35
		_navigate      		CODE           	7040	0000	87
		_displayRaceColor		CODE           	6F6E	0000	63
		_oneSecDelay   		CODE           	6D3C	0000	21
		_stopMotors    		CODE           	6D2A	0000	19
		_aveSensor     		CODE           	6FAC	0000	71
		_msDelay       		CODE           	7146	0000	103
		_timer1setup   		CODE           	6D50	0000	25
		_PRC           		CODE           	786E	0000	389
		_clearPorts    		CODE           	70EC	0000	91
		_testBlack     		CODE           	6ECA	0000	51
		_error         		CODE           	6EFC	0000	55
		_pyCal         		CODE           	6FF2	0000	79
		_calibrate     		CODE           	79F2	0000	701
		_capTouch      		CODE           	71AC	0000	115
		_left          		CODE           	6DB4	0000	27
		_hardLeft      		CODE           	6D80	0000	27
		_displayColorDetected		CODE           	73AC	0000	137
		_setupSerial   		CODE           	6E68	0000	49
		_hardRight     		CODE           	6D9A	0000	27
		_right         		CODE           	6DCE	0000	27
		_classifyColors		CODE           	75FA	0000	309
		_readADC       		CODE           	6CEA	0000	11
		_setupADC      		CODE           	6E02	0000	35

./functions.c estimated size: 2978

C:\Program Files (x86)\Microchip\xc8\v2.05\pic\sources\c99\common\sprcmul.c
		___flmul       		CODE           	7CAE	0000	851

C:\Program Files (x86)\Microchip\xc8\v2.05\pic\sources\c99\common\sprcmul.c estimated size: 851

shared
		__initialization		CODE           	7096	0000	77

shared estimated size: 77

C:\Program Files (x86)\Microchip\xc8\v2.05\pic\sources\c99\common\abs.c
		_abs           		CODE           	6E98	0000	51

C:\Program Files (x86)\Microchip\xc8\v2.05\pic\sources\c99\common\abs.c estimated size: 51

