MPLINK 5.09, LINKER
Linker Map File - Created Mon Apr 01 13:21:01 2019

                                 Section Info
                  Section       Type    Address   Location Size(Bytes)
                ---------  ---------  ---------  ---------  ---------
                   .org_0       code   0x000000    program   0x000004
                   .cinit    romdata   0x000004    program   0x000002
                   .org_1       code   0x000008    program   0x00061a
.config_300001_BUILD/DEFAULT/DEBUG/_EXT/5179423    romdata   0x300001    program   0x000001
.config_300003_BUILD/DEFAULT/DEBUG/_EXT/5179423    romdata   0x300003    program   0x000001
.config_300006_BUILD/DEFAULT/DEBUG/_EXT/5179423    romdata   0x300006    program   0x000001



                              Program Memory Usage 
                               Start         End      
                           ---------   ---------      
                            0x000000    0x000005      
                            0x000008    0x000621      
                            0x300001    0x300001      
                            0x300003    0x300003      
                            0x300006    0x300006      
            1571 out of 33048 program addresses used, program memory utilization is 4%



                              Symbols - Sorted by Name
                     Name    Address   Location    Storage File                     
                ---------  ---------  ---------  --------- ---------                
                      CAL   0x00036a    program     static ..\..\..\..\..\..\..\Downloads\code_1_1.asm
                CALIBRATE   0x00036a    program     static ..\..\..\..\..\..\..\Downloads\code_1_1.asm
            CALIBRATE_SUB   0x0003c6    program     static ..\..\..\..\..\..\..\Downloads\code_1_1.asm
                DEBUG_SUB   0x00040c    program     static ..\..\..\..\..\..\..\Downloads\code_1_1.asm
                  Go_off0   0x00045a    program     static ..\..\..\..\..\..\..\Downloads\code_1_1.asm
                  Go_off1   0x00045e    program     static ..\..\..\..\..\..\..\Downloads\code_1_1.asm
                  Go_off2   0x000462    program     static ..\..\..\..\..\..\..\Downloads\code_1_1.asm
                  I2C_ACK   0x00060a    program     static ..\..\..\..\..\..\..\Downloads\code_1_1.asm
                 I2C_INIT   0x00057e    program     static ..\..\..\..\..\..\..\Downloads\code_1_1.asm
                 I2C_READ   0x0005ec    program     static ..\..\..\..\..\..\..\Downloads\code_1_1.asm
              I2C_RECEIVE   0x0005bc    program     static ..\..\..\..\..\..\..\Downloads\code_1_1.asm
              I2C_RESTART   0x00059c    program     static ..\..\..\..\..\..\..\Downloads\code_1_1.asm
                I2C_START   0x000592    program     static ..\..\..\..\..\..\..\Downloads\code_1_1.asm
                 I2C_STOP   0x0005a6    program     static ..\..\..\..\..\..\..\Downloads\code_1_1.asm
             I2C_TRANSMIT   0x0005b0    program     static ..\..\..\..\..\..\..\Downloads\code_1_1.asm
                I2C_WRITE   0x0005d2    program     static ..\..\..\..\..\..\..\Downloads\code_1_1.asm
                      MSG   0x00020e    program     static ..\..\..\..\..\..\..\Downloads\code_1_1.asm
                      PRC   0x000250    program     static ..\..\..\..\..\..\..\Downloads\code_1_1.asm
                      PRO   0x00012c    program     static ..\..\..\..\..\..\..\Downloads\code_1_1.asm
                     PROC   0x000334    program     static ..\..\..\..\..\..\..\Downloads\code_1_1.asm
                     Pro1   0x000164    program     static ..\..\..\..\..\..\..\Downloads\code_1_1.asm
                     Pro2   0x000184    program     static ..\..\..\..\..\..\..\Downloads\code_1_1.asm
                     Pro3   0x0001a4    program     static ..\..\..\..\..\..\..\Downloads\code_1_1.asm
                     Pro4   0x0001c4    program     static ..\..\..\..\..\..\..\Downloads\code_1_1.asm
                       R1   0x000110    program     static ..\..\..\..\..\..\..\Downloads\code_1_1.asm
                       R2   0x000118    program     static ..\..\..\..\..\..\..\Downloads\code_1_1.asm
                       R3   0x0002d2    program     static ..\..\..\..\..\..\..\Downloads\code_1_1.asm
                       R4   0x0002de    program     static ..\..\..\..\..\..\..\Downloads\code_1_1.asm
                       R5   0x0002e6    program     static ..\..\..\..\..\..\..\Downloads\code_1_1.asm
                       R6   0x00022a    program     static ..\..\..\..\..\..\..\Downloads\code_1_1.asm
                       R7   0x00022e    program     static ..\..\..\..\..\..\..\Downloads\code_1_1.asm
                      RCE   0x0000b8    program     static ..\..\..\..\..\..\..\Downloads\code_1_1.asm
                     RCE1   0x000362    program     static ..\..\..\..\..\..\..\Downloads\code_1_1.asm
                     READ   0x000476    program     static ..\..\..\..\..\..\..\Downloads\code_1_1.asm
                      REC   0x0002fa    program     static ..\..\..\..\..\..\..\Downloads\code_1_1.asm
                       S1   0x000362    program     static ..\..\..\..\..\..\..\Downloads\code_1_1.asm
                 SSDTABLE   0x0003f4    program     static ..\..\..\..\..\..\..\Downloads\code_1_1.asm
                    STORE   0x00050a    program     static ..\..\..\..\..\..\..\Downloads\code_1_1.asm
                       T1   0x00009a    program     static ..\..\..\..\..\..\..\Downloads\code_1_1.asm
             _.org_1_03C2   0x0003c2    program     static ..\..\..\..\..\..\..\Downloads\code_1_1.asm
                      cat   0x00011c    program     static ..\..\..\..\..\..\..\Downloads\code_1_1.asm
                    clear   0x00021e    program     static ..\..\..\..\..\..\..\Downloads\code_1_1.asm
           debugCalibrate   0x00044e    program     static ..\..\..\..\..\..\..\Downloads\code_1_1.asm
             debugMessage   0x000430    program     static ..\..\..\..\..\..\..\Downloads\code_1_1.asm
             debugProgram   0x000444    program     static ..\..\..\..\..\..\..\Downloads\code_1_1.asm
                debugRace   0x00043a    program     static ..\..\..\..\..\..\..\Downloads\code_1_1.asm
                  delay1s   0x000456    program     static ..\..\..\..\..\..\..\Downloads\code_1_1.asm
                      err   0x0001e4    program     static ..\..\..\..\..\..\..\Downloads\code_1_1.asm
                 poll_end   0x00061e    program     static ..\..\..\..\..\..\..\Downloads\code_1_1.asm
                poll_loop   0x00060e    program     static ..\..\..\..\..\..\..\Downloads\code_1_1.asm
                    setup   0x000014    program     static ..\..\..\..\..\..\..\Downloads\code_1_1.asm
                  startup   0x000094    program     static ..\..\..\..\..\..\..\Downloads\code_1_1.asm
                    trans   0x000362    program     static ..\..\..\..\..\..\..\Downloads\code_1_1.asm
        wait_i2c_receive1   0x0005c0    program     static ..\..\..\..\..\..\..\Downloads\code_1_1.asm
        wait_i2c_receive2   0x0005cc    program     static ..\..\..\..\..\..\..\Downloads\code_1_1.asm
         wait_i2c_restart   0x0005a0    program     static ..\..\..\..\..\..\..\Downloads\code_1_1.asm
           wait_i2c_start   0x000596    program     static ..\..\..\..\..\..\..\Downloads\code_1_1.asm
            wait_i2c_stop   0x0005aa    program     static ..\..\..\..\..\..\..\Downloads\code_1_1.asm
           wait_i2c_trans   0x0005b6    program     static ..\..\..\..\..\..\..\Downloads\code_1_1.asm



                              Symbols - Sorted by Address
                     Name    Address   Location    Storage File                     
                ---------  ---------  ---------  --------- ---------                
                    setup   0x000014    program     static ..\..\..\..\..\..\..\Downloads\code_1_1.asm
                  startup   0x000094    program     static ..\..\..\..\..\..\..\Downloads\code_1_1.asm
                       T1   0x00009a    program     static ..\..\..\..\..\..\..\Downloads\code_1_1.asm
                      RCE   0x0000b8    program     static ..\..\..\..\..\..\..\Downloads\code_1_1.asm
                       R1   0x000110    program     static ..\..\..\..\..\..\..\Downloads\code_1_1.asm
                       R2   0x000118    program     static ..\..\..\..\..\..\..\Downloads\code_1_1.asm
                      cat   0x00011c    program     static ..\..\..\..\..\..\..\Downloads\code_1_1.asm
                      PRO   0x00012c    program     static ..\..\..\..\..\..\..\Downloads\code_1_1.asm
                     Pro1   0x000164    program     static ..\..\..\..\..\..\..\Downloads\code_1_1.asm
                     Pro2   0x000184    program     static ..\..\..\..\..\..\..\Downloads\code_1_1.asm
                     Pro3   0x0001a4    program     static ..\..\..\..\..\..\..\Downloads\code_1_1.asm
                     Pro4   0x0001c4    program     static ..\..\..\..\..\..\..\Downloads\code_1_1.asm
                      err   0x0001e4    program     static ..\..\..\..\..\..\..\Downloads\code_1_1.asm
                      MSG   0x00020e    program     static ..\..\..\..\..\..\..\Downloads\code_1_1.asm
                    clear   0x00021e    program     static ..\..\..\..\..\..\..\Downloads\code_1_1.asm
                       R6   0x00022a    program     static ..\..\..\..\..\..\..\Downloads\code_1_1.asm
                       R7   0x00022e    program     static ..\..\..\..\..\..\..\Downloads\code_1_1.asm
                      PRC   0x000250    program     static ..\..\..\..\..\..\..\Downloads\code_1_1.asm
                       R3   0x0002d2    program     static ..\..\..\..\..\..\..\Downloads\code_1_1.asm
                       R4   0x0002de    program     static ..\..\..\..\..\..\..\Downloads\code_1_1.asm
                       R5   0x0002e6    program     static ..\..\..\..\..\..\..\Downloads\code_1_1.asm
                      REC   0x0002fa    program     static ..\..\..\..\..\..\..\Downloads\code_1_1.asm
                     PROC   0x000334    program     static ..\..\..\..\..\..\..\Downloads\code_1_1.asm
                     RCE1   0x000362    program     static ..\..\..\..\..\..\..\Downloads\code_1_1.asm
                       S1   0x000362    program     static ..\..\..\..\..\..\..\Downloads\code_1_1.asm
                    trans   0x000362    program     static ..\..\..\..\..\..\..\Downloads\code_1_1.asm
                CALIBRATE   0x00036a    program     static ..\..\..\..\..\..\..\Downloads\code_1_1.asm
                      CAL   0x00036a    program     static ..\..\..\..\..\..\..\Downloads\code_1_1.asm
             _.org_1_03C2   0x0003c2    program     static ..\..\..\..\..\..\..\Downloads\code_1_1.asm
            CALIBRATE_SUB   0x0003c6    program     static ..\..\..\..\..\..\..\Downloads\code_1_1.asm
                 SSDTABLE   0x0003f4    program     static ..\..\..\..\..\..\..\Downloads\code_1_1.asm
                DEBUG_SUB   0x00040c    program     static ..\..\..\..\..\..\..\Downloads\code_1_1.asm
             debugMessage   0x000430    program     static ..\..\..\..\..\..\..\Downloads\code_1_1.asm
                debugRace   0x00043a    program     static ..\..\..\..\..\..\..\Downloads\code_1_1.asm
             debugProgram   0x000444    program     static ..\..\..\..\..\..\..\Downloads\code_1_1.asm
           debugCalibrate   0x00044e    program     static ..\..\..\..\..\..\..\Downloads\code_1_1.asm
                  delay1s   0x000456    program     static ..\..\..\..\..\..\..\Downloads\code_1_1.asm
                  Go_off0   0x00045a    program     static ..\..\..\..\..\..\..\Downloads\code_1_1.asm
                  Go_off1   0x00045e    program     static ..\..\..\..\..\..\..\Downloads\code_1_1.asm
                  Go_off2   0x000462    program     static ..\..\..\..\..\..\..\Downloads\code_1_1.asm
                     READ   0x000476    program     static ..\..\..\..\..\..\..\Downloads\code_1_1.asm
                    STORE   0x00050a    program     static ..\..\..\..\..\..\..\Downloads\code_1_1.asm
                 I2C_INIT   0x00057e    program     static ..\..\..\..\..\..\..\Downloads\code_1_1.asm
                I2C_START   0x000592    program     static ..\..\..\..\..\..\..\Downloads\code_1_1.asm
           wait_i2c_start   0x000596    program     static ..\..\..\..\..\..\..\Downloads\code_1_1.asm
              I2C_RESTART   0x00059c    program     static ..\..\..\..\..\..\..\Downloads\code_1_1.asm
         wait_i2c_restart   0x0005a0    program     static ..\..\..\..\..\..\..\Downloads\code_1_1.asm
                 I2C_STOP   0x0005a6    program     static ..\..\..\..\..\..\..\Downloads\code_1_1.asm
            wait_i2c_stop   0x0005aa    program     static ..\..\..\..\..\..\..\Downloads\code_1_1.asm
             I2C_TRANSMIT   0x0005b0    program     static ..\..\..\..\..\..\..\Downloads\code_1_1.asm
           wait_i2c_trans   0x0005b6    program     static ..\..\..\..\..\..\..\Downloads\code_1_1.asm
              I2C_RECEIVE   0x0005bc    program     static ..\..\..\..\..\..\..\Downloads\code_1_1.asm
        wait_i2c_receive1   0x0005c0    program     static ..\..\..\..\..\..\..\Downloads\code_1_1.asm
        wait_i2c_receive2   0x0005cc    program     static ..\..\..\..\..\..\..\Downloads\code_1_1.asm
                I2C_WRITE   0x0005d2    program     static ..\..\..\..\..\..\..\Downloads\code_1_1.asm
                 I2C_READ   0x0005ec    program     static ..\..\..\..\..\..\..\Downloads\code_1_1.asm
                  I2C_ACK   0x00060a    program     static ..\..\..\..\..\..\..\Downloads\code_1_1.asm
                poll_loop   0x00060e    program     static ..\..\..\..\..\..\..\Downloads\code_1_1.asm
                 poll_end   0x00061e    program     static ..\..\..\..\..\..\..\Downloads\code_1_1.asm


